Component: ARM Compiler 5.06 update 7 (build 960) Tool: armlink [4d3601]

==============================================================================

Section Cross References

    startup_stm32f407xx.o(STACK) refers (Special) to heapauxi.o(.text) for __use_two_region_memory
    startup_stm32f407xx.o(HEAP) refers (Special) to heapauxi.o(.text) for __use_two_region_memory
    startup_stm32f407xx.o(RESET) refers (Special) to heapauxi.o(.text) for __use_two_region_memory
    startup_stm32f407xx.o(RESET) refers to startup_stm32f407xx.o(STACK) for __initial_sp
    startup_stm32f407xx.o(RESET) refers to startup_stm32f407xx.o(.text) for Reset_Handler
    startup_stm32f407xx.o(RESET) refers to stm32f4xx_it.o(i.NMI_Handler) for NMI_Handler
    startup_stm32f407xx.o(RESET) refers to stm32f4xx_it.o(i.HardFault_Handler) for HardFault_Handler
    startup_stm32f407xx.o(RESET) refers to stm32f4xx_it.o(i.MemManage_Handler) for MemManage_Handler
    startup_stm32f407xx.o(RESET) refers to stm32f4xx_it.o(i.BusFault_Handler) for BusFault_Handler
    startup_stm32f407xx.o(RESET) refers to stm32f4xx_it.o(i.UsageFault_Handler) for UsageFault_Handler
    startup_stm32f407xx.o(RESET) refers to stm32f4xx_it.o(i.SVC_Handler) for SVC_Handler
    startup_stm32f407xx.o(RESET) refers to stm32f4xx_it.o(i.DebugMon_Handler) for DebugMon_Handler
    startup_stm32f407xx.o(RESET) refers to stm32f4xx_it.o(i.PendSV_Handler) for PendSV_Handler
    startup_stm32f407xx.o(RESET) refers to stm32f4xx_it.o(i.SysTick_Handler) for SysTick_Handler
    startup_stm32f407xx.o(RESET) refers to stm32f4xx_it.o(i.TIM3_IRQHandler) for TIM3_IRQHandler
    startup_stm32f407xx.o(RESET) refers to stm32f4xx_it.o(i.USART1_IRQHandler) for USART1_IRQHandler
    startup_stm32f407xx.o(RESET) refers to stm32f4xx_it.o(i.TIM5_IRQHandler) for TIM5_IRQHandler
    startup_stm32f407xx.o(RESET) refers to stm32f4xx_it.o(i.DMA2_Stream2_IRQHandler) for DMA2_Stream2_IRQHandler
    startup_stm32f407xx.o(RESET) refers to stm32f4xx_it.o(i.DMA2_Stream7_IRQHandler) for DMA2_Stream7_IRQHandler
    startup_stm32f407xx.o(.text) refers (Special) to heapauxi.o(.text) for __use_two_region_memory
    startup_stm32f407xx.o(.text) refers to system_stm32f4xx.o(i.SystemInit) for SystemInit
    startup_stm32f407xx.o(.text) refers to __main.o(!!!main) for __main
    startup_stm32f407xx.o(.text) refers to startup_stm32f407xx.o(HEAP) for Heap_Mem
    startup_stm32f407xx.o(.text) refers to startup_stm32f407xx.o(STACK) for Stack_Mem
    main.o(i.SystemClock_Config) refers to rt_memclr_w.o(.text) for __aeabi_memclr4
    main.o(i.SystemClock_Config) refers to stm32f4xx_hal_rcc.o(i.HAL_RCC_OscConfig) for HAL_RCC_OscConfig
    main.o(i.SystemClock_Config) refers to stm32f4xx_hal_rcc.o(i.HAL_RCC_ClockConfig) for HAL_RCC_ClockConfig
    main.o(i.main) refers to stm32f4xx_hal.o(i.HAL_Init) for HAL_Init
    main.o(i.main) refers to main.o(i.SystemClock_Config) for SystemClock_Config
    main.o(i.main) refers to gpio.o(i.MX_GPIO_Init) for MX_GPIO_Init
    main.o(i.main) refers to dma.o(i.MX_DMA_Init) for MX_DMA_Init
    main.o(i.main) refers to tim.o(i.MX_TIM1_Init) for MX_TIM1_Init
    main.o(i.main) refers to tim.o(i.MX_TIM2_Init) for MX_TIM2_Init
    main.o(i.main) refers to tim.o(i.MX_TIM3_Init) for MX_TIM3_Init
    main.o(i.main) refers to tim.o(i.MX_TIM4_Init) for MX_TIM4_Init
    main.o(i.main) refers to tim.o(i.MX_TIM5_Init) for MX_TIM5_Init
    main.o(i.main) refers to tim.o(i.MX_TIM8_Init) for MX_TIM8_Init
    main.o(i.main) refers to tim.o(i.MX_TIM9_Init) for MX_TIM9_Init
    main.o(i.main) refers to tim.o(i.MX_TIM11_Init) for MX_TIM11_Init
    main.o(i.main) refers to tim.o(i.MX_TIM12_Init) for MX_TIM12_Init
    main.o(i.main) refers to usart.o(i.MX_USART1_UART_Init) for MX_USART1_UART_Init
    main.o(i.main) refers to tsk_config_and_callback.o(i.Task_Init) for Task_Init
    dma.o(i.MX_DMA_Init) refers to stm32f4xx_hal_cortex.o(i.HAL_NVIC_SetPriority) for HAL_NVIC_SetPriority
    dma.o(i.MX_DMA_Init) refers to stm32f4xx_hal_cortex.o(i.HAL_NVIC_EnableIRQ) for HAL_NVIC_EnableIRQ
    tim.o(i.HAL_TIM_Base_MspDeInit) refers to stm32f4xx_hal_cortex.o(i.HAL_NVIC_DisableIRQ) for HAL_NVIC_DisableIRQ
    tim.o(i.HAL_TIM_Base_MspInit) refers to stm32f4xx_hal_cortex.o(i.HAL_NVIC_SetPriority) for HAL_NVIC_SetPriority
    tim.o(i.HAL_TIM_Base_MspInit) refers to stm32f4xx_hal_cortex.o(i.HAL_NVIC_EnableIRQ) for HAL_NVIC_EnableIRQ
    tim.o(i.HAL_TIM_Encoder_MspDeInit) refers to stm32f4xx_hal_gpio.o(i.HAL_GPIO_DeInit) for HAL_GPIO_DeInit
    tim.o(i.HAL_TIM_Encoder_MspInit) refers to rt_memclr_w.o(.text) for __aeabi_memclr4
    tim.o(i.HAL_TIM_Encoder_MspInit) refers to stm32f4xx_hal_gpio.o(i.HAL_GPIO_Init) for HAL_GPIO_Init
    tim.o(i.HAL_TIM_MspPostInit) refers to rt_memclr_w.o(.text) for __aeabi_memclr4
    tim.o(i.HAL_TIM_MspPostInit) refers to stm32f4xx_hal_gpio.o(i.HAL_GPIO_Init) for HAL_GPIO_Init
    tim.o(i.MX_TIM11_Init) refers to rt_memclr_w.o(.text) for __aeabi_memclr4
[...]
    ../clib/signal.c                         0x00000000   Number         0  defsig_rtmem_formal.o ABSOLUTE
    ../clib/signal.c                         0x00000000   Number         0  defsig_fpe_inner.o ABSOLUTE
    ../clib/signal.c                         0x00000000   Number         0  defsig_exit.o ABSOLUTE
    ../clib/signal.c                         0x00000000   Number         0  defsig_rtmem_outer.o ABSOLUTE
    ../clib/signal.c                         0x00000000   Number         0  defsig_stak_inner.o ABSOLUTE
    ../clib/signal.c                         0x00000000   Number         0  defsig_fpe_formal.o ABSOLUTE
    ../clib/signal.c                         0x00000000   Number         0  defsig_fpe_outer.o ABSOLUTE
    ../clib/signal.s                         0x00000000   Number         0  defsig.o ABSOLUTE
    ../clib/stdlib.c                         0x00000000   Number         0  bsearchnoex.o ABSOLUTE
    ../clib/stdlib.c                         0x00000000   Number         0  exit.o ABSOLUTE
    ../clib/stdlib.c                         0x00000000   Number         0  abort.o ABSOLUTE
    ../fplib/fpinit.s                        0x00000000   Number         0  fpinit.o ABSOLUTE
    ..\Core\Src\dma.c                        0x00000000   Number         0  dma.o ABSOLUTE
    ..\Core\Src\gpio.c                       0x00000000   Number         0  gpio.o ABSOLUTE
    ..\Core\Src\main.c                       0x00000000   Number         0  main.o ABSOLUTE
    ..\Core\Src\stm32f4xx_hal_msp.c          0x00000000   Number         0  stm32f4xx_hal_msp.o ABSOLUTE
    ..\Core\Src\stm32f4xx_it.c               0x00000000   Number         0  stm32f4xx_it.o ABSOLUTE
    ..\Core\Src\system_stm32f4xx.c           0x00000000   Number         0  system_stm32f4xx.o ABSOLUTE
    ..\Core\Src\tim.c                        0x00000000   Number         0  tim.o ABSOLUTE
    ..\Core\Src\usart.c                      0x00000000   Number         0  usart.o ABSOLUTE
    ..\Drivers\STM32F4xx_HAL_Driver\Src\stm32f4xx_hal.c 0x00000000   Number         0  stm32f4xx_hal.o ABSOLUTE
    ..\Drivers\STM32F4xx_HAL_Driver\Src\stm32f4xx_hal_cortex.c 0x00000000   Number         0  stm32f4xx_hal_cortex.o ABSOLUTE
    ..\Drivers\STM32F4xx_HAL_Driver\Src\stm32f4xx_hal_dma.c 0x00000000   Number         0  stm32f4xx_hal_dma.o ABSOLUTE
    ..\Drivers\STM32F4xx_HAL_Driver\Src\stm32f4xx_hal_dma_ex.c 0x00000000   Number         0  stm32f4xx_hal_dma_ex.o ABSOLUTE
    ..\Drivers\STM32F4xx_HAL_Driver\Src\stm32f4xx_hal_exti.c 0x00000000   Number         0  stm32f4xx_hal_exti.o ABSOLUTE
    ..\Drivers\STM32F4xx_HAL_Driver\Src\stm32f4xx_hal_flash.c 0x00000000   Number         0  stm32f4xx_hal_flash.o ABSOLUTE
    ..\Drivers\STM32F4xx_HAL_Driver\Src\stm32f4xx_hal_flash_ex.c 0x00000000   Number         0  stm32f4xx_hal_flash_ex.o ABSOLUTE
    ..\Drivers\STM32F4xx_HAL_Driver\Src\stm32f4xx_hal_flash_ramfunc.c 0x00000000   Number         0  stm32f4xx_hal_flash_ramfunc.o ABSOLUTE
    ..\Drivers\STM32F4xx_HAL_Driver\Src\stm32f4xx_hal_gpio.c 0x00000000   Number         0  stm32f4xx_hal_gpio.o ABSOLUTE
    ..\Drivers\STM32F4xx_HAL_Driver\Src\stm32f4xx_hal_pwr.c 0x00000000   Number         0  stm32f4xx_hal_pwr.o ABSOLUTE
    ..\Drivers\STM32F4xx_HAL_Driver\Src\stm32f4xx_hal_pwr_ex.c 0x00000000   Number         0  stm32f4xx_hal_pwr_ex.o ABSOLUTE
    ..\Drivers\STM32F4xx_HAL_Driver\Src\stm32f4xx_hal_rcc.c 0x00000000   Number         0  stm32f4xx_hal_rcc.o ABSOLUTE
    ..\Drivers\STM32F4xx_HAL_Driver\Src\stm32f4xx_hal_rcc_ex.c 0x00000000   Number         0  stm32f4xx_hal_rcc_ex.o ABSOLUTE
    ..\Drivers\STM32F4xx_HAL_Driver\Src\stm32f4xx_hal_tim.c 0x00000000   Number         0  stm32f4xx_hal_tim.o ABSOLUTE
    ..\Drivers\STM32F4xx_HAL_Driver\Src\stm32f4xx_hal_tim_ex.c 0x00000000   Number         0  stm32f4xx_hal_tim_ex.o ABSOLUTE
    ..\Drivers\STM32F4xx_HAL_Driver\Src\stm32f4xx_hal_uart.c 0x00000000   Number         0  stm32f4xx_hal_uart.o ABSOLUTE
    ..\User\Chariot\crt_chassis.cpp          0x00000000   Number         0  crt_chassis.o ABSOLUTE
    ..\User\Device\dvc_gmrmotor.cpp          0x00000000   Number         0  dvc_gmrmotor.o ABSOLUTE
    ..\User\Driver\drv_tim.cpp               0x00000000   Number         0  drv_tim.o ABSOLUTE
    ..\User\Driver\drv_uart.cpp              0x00000000   Number         0  drv_uart.o ABSOLUTE
    ..\User\Task\tsk_config_and_callback.cpp 0x00000000   Number         0  tsk_config_and_callback.o ABSOLUTE
    ..\\User\\Chariot\\crt_chassis.cpp       0x00000000   Number         0  crt_chassis.o ABSOLUTE
    ..\\User\\Device\\dvc_gmrmotor.cpp       0x00000000   Number         0  dvc_gmrmotor.o ABSOLUTE
    ..\\User\\Driver\\drv_tim.cpp            0x00000000   Number         0  drv_tim.o ABSOLUTE
    ..\\User\\Driver\\drv_uart.cpp           0x00000000   Number         0  drv_uart.o ABSOLUTE
    ..\\User\\Task\\tsk_config_and_callback.cpp 0x00000000   Number         0  tsk_config_and_callback.o ABSOLUTE
    dc.s                                     0x00000000   Number         0  dc.o ABSOLUTE
    startup_stm32f407xx.s                    0x00000000   Number         0  startup_stm32f407xx.o ABSOLUTE
    RESET                                    0x08000000   Section      392  startup_stm32f407xx.o(RESET)
    !!!main                                  0x08000188   Section        8  __main.o(!!!main)
    !!!scatter                               0x08000190   Section       52  __scatter.o(!!!scatter)
    !!handler_copy                           0x080001c4   Section       26  __scatter_copy.o(!!handler_copy)
    !!handler_zi                             0x080001e0   Section       28  __scatter_zi.o(!!handler_zi)
    .ARM.Collect$$libinit$$00000000          0x080001fc   Section        2  libinit.o(.ARM.Collect$$libinit$$00000000)
    .ARM.Collect$$libinit$$00000001          0x080001fe   Section        4  libinit2.o(.ARM.Collect$$libinit$$00000001)
    .ARM.Collect$$libinit$$00000004          0x08000202   Section        0  libinit2.o(.ARM.Collect$$libinit$$00000004)
    .ARM.Collect$$libinit$$0000000A          0x08000202   Section        0  libinit2.o(.ARM.Collect$$libinit$$0000000A)
    .ARM.Collect$$libinit$$0000000C          0x08000202   Section        0  libinit2.o(.ARM.Collect$$libinit$$0000000C)
    .ARM.Collect$$libinit$$0000000E          0x08000202   Section        0  libinit2.o(.ARM.Collect$$libinit$$0000000E)
    .ARM.Collect$$libinit$$00000011          0x08000202   Section        0  libinit2.o(.ARM.Collect$$libinit$$00000011)
    .ARM.Collect$$libinit$$00000013          0x08000202   Section        0  libinit2.o(.ARM.Collect$$libinit$$00000013)
    .ARM.Collect$$libinit$$00000015          0x08000202   Section        0  libinit2.o(.ARM.Collect$$libinit$$00000015)
    .ARM.Collect$$libinit$$00000017          0x08000202   Section        0  libinit2.o(.ARM.Collect$$libinit$$00000017)
    .ARM.Collect$$libinit$$00000019          0x08000202   Section        0  libinit2.o(.ARM.Collect$$libinit$$00000019)
    .ARM.Collect$$libinit$$0000001B          0x08000202   Section        0  libinit2.o(.ARM.Collect$$libinit$$0000001B)
    .ARM.Collect$$libinit$$0000001D          0x08000202   Section        0  libinit2.o(.ARM.Collect$$libinit$$0000001D)
    .ARM.Collect$$libinit$$0000001F          0x08000202   Section        0  libinit2.o(.ARM.Collect$$libinit$$0000001F)
    .ARM.Collect$$libinit$$00000021          0x08000202   Section        0  libinit2.o(.ARM.Collect$$libinit$$00000021)
    .ARM.Collect$$libinit$$00000023          0x08000202   Section        0  libinit2.o(.ARM.Collect$$libinit$$00000023)
    .ARM.Collect$$libinit$$00000025          0x08000202   Section        0  libinit2.o(.ARM.Collect$$libinit$$00000025)
    .ARM.Collect$$libinit$$0000002C          0x08000202   Section        0  libinit2.o(.ARM.Collect$$libinit$$0000002C)
    .ARM.Collect$$libinit$$0000002E          0x08000202   Section        0  libinit2.o(.ARM.Collect$$libinit$$0000002E)
    .ARM.Collect$$libinit$$00000030          0x08000202   Section        0  libinit2.o(.ARM.Collect$$libinit$$00000030)
    .ARM.Collect$$libinit$$00000031          0x08000202   Section        4  libinit2.o(.ARM.Collect$$libinit$$00000031)
    .ARM.Collect$$libinit$$00000032          0x08000206   Section        0  libinit2.o(.ARM.Collect$$libinit$$00000032)
    .ARM.Collect$$libinit$$00000033          0x08000206   Section        2  libinit2.o(.ARM.Collect$$libinit$$00000033)
    .ARM.Collect$$libshutdown$$00000000      0x08000208   Section        2  libshutdown.o(.ARM.Collect$$libshutdown$$00000000)
    .ARM.Collect$$libshutdown$$00000002      0x0800020a   Section        0  libshutdown2.o(.ARM.Collect$$libshutdown$$00000002)
    .ARM.Collect$$libshutdown$$00000004      0x0800020a   Section        0  libshutdown2.o(.ARM.Collect$$libshutdown$$00000004)
    .ARM.Collect$$libshutdown$$00000006      0x0800020a   Section        0  libshutdown2.o(.ARM.Collect$$libshutdown$$00000006)
    .ARM.Collect$$libshutdown$$00000009      0x0800020a   Section        0  libshutdown2.o(.ARM.Collect$$libshutdown$$00000009)
    .ARM.Collect$$libshutdown$$0000000C      0x0800020a   Section        0  libshutdown2.o(.ARM.Collect$$libshutdown$$0000000C)
    .ARM.Collect$$libshutdown$$0000000E      0x0800020a   Section        0  libshutdown2.o(.ARM.Collect$$libshutdown$$0000000E)
    .ARM.Collect$$libshutdown$$00000011      0x0800020a   Section        0  libshutdown2.o(.ARM.Collect$$libshutdown$$00000011)
    .ARM.Collect$$libshutdown$$00000012      0x0800020a   Section        2  libshutdown2.o(.ARM.Collect$$libshutdown$$00000012)
    .ARM.Collect$$rtentry$$00000000          0x0800020c   Section        0  __rtentry.o(.ARM.Collect$$rtentry$$00000000)
    .ARM.Collect$$rtentry$$00000002          0x0800020c   Section        0  __rtentry2.o(.ARM.Collect$$rtentry$$00000002)
    .ARM.Collect$$rtentry$$00000004          0x0800020c   Section        6  __rtentry4.o(.ARM.Collect$$rtentry$$00000004)
    .ARM.Collect$$rtentry$$00000009          0x08000212   Section        0  __rtentry2.o(.ARM.Collect$$rtentry$$00000009)
    .ARM.Collect$$rtentry$$0000000A          0x08000212   Section        4  __rtentry2.o(.ARM.Collect$$rtentry$$0000000A)
    .ARM.Collect$$rtentry$$0000000C          0x08000216   Section        0  __rtentry2.o(.ARM.Collect$$rtentry$$0000000C)
    .ARM.Collect$$rtentry$$0000000D          0x08000216   Section        8  __rtentry2.o(.ARM.Collect$$rtentry$$0000000D)
    .ARM.Collect$$rtexit$$00000000           0x0800021e   Section        2  rtexit.o(.ARM.Collect$$rtexit$$00000000)
    .ARM.Collect$$rtexit$$00000002           0x08000220   Section        0  rtexit2.o(.ARM.Collect$$rtexit$$00000002)
    .ARM.Collect$$rtexit$$00000003           0x08000220   Section        4  rtexit2.o(.ARM.Collect$$rtexit$$00000003)
    .ARM.Collect$$rtexit$$00000004           0x08000224   Section        6  rtexit2.o(.ARM.Collect$$rtexit$$00000004)
    .text                                    0x0800022c   Section       64  startup_stm32f407xx.o(.text)
    $v0                                      0x0800022c   Number         0  startup_stm32f407xx.o(.text)
    .text                                    0x0800026c   Section      238  lludivv7m.o(.text)
    .text                                    0x0800035a   Section       78  rt_memclr_w.o(.text)
    .text                                    0x080003a8   Section        0  heapauxi.o(.text)
    .text                                    0x080003b0   Section        0  init_aeabi.o(.text)
    .text                                    0x080003d4   Section       74  sys_stackheap_outer.o(.text)
    .text                                    0x0800041e   Section        0  exit.o(.text)
    .text                                    0x08000430   Section        8  libspace.o(.text)
    .text                                    0x08000438   Section        0  sys_exit.o(.text)
    .text                                    0x08000444   Section        2  use_no_semi.o(.text)
    .text                                    0x08000446   Section        0  indicate_semi.o(.text)
    i.BusFault_Handler                       0x08000446   Section        0  stm32f4xx_it.o(i.BusFault_Handler)
    i.DMA2_Stream2_IRQHandler                0x08000448   Section        0  stm32f4xx_it.o(i.DMA2_Stream2_IRQHandler)
    i.DMA2_Stream7_IRQHandler                0x08000454   Section        0  stm32f4xx_it.o(i.DMA2_Stream7_IRQHandler)
    i.DMA_CalcBaseAndBitshift                0x08000460   Section        0  stm32f4xx_hal_dma.o(i.DMA_CalcBaseAndBitshift)
    DMA_CalcBaseAndBitshift                  0x08000461   Thumb Code    34  stm32f4xx_hal_dma.o(i.DMA_CalcBaseAndBitshift)
    i.DMA_CheckFifoParam                     0x08000488   Section        0  stm32f4xx_hal_dma.o(i.DMA_CheckFifoParam)
    DMA_CheckFifoParam                       0x08000489   Thumb Code    84  stm32f4xx_hal_dma.o(i.DMA_CheckFifoParam)
    i.DMA_SetConfig                          0x080004dc   Section        0  stm32f4xx_hal_dma.o(i.DMA_SetConfig)
    DMA_SetConfig                            0x080004dd   Thumb Code    40  stm32f4xx_hal_dma.o(i.DMA_SetConfig)
    i.DebugMon_Handler                       0x08000504   Section        0  stm32f4xx_it.o(i.DebugMon_Handler)
    i.Error_Handler                          0x08000506   Section        0  main.o(i.Error_Handler)
    i.HAL_DMA_Abort                          0x0800050a   Section        0  stm32f4xx_hal_dma.o(i.HAL_DMA_Abort)
    i.HAL_DMA_Abort_IT                       0x0800059c   Section        0  stm32f4xx_hal_dma.o(i.HAL_DMA_Abort_IT)
    i.HAL_DMA_IRQHandler                     0x080005c0   Section        0  stm32f4xx_hal_dma.o(i.HAL_DMA_IRQHandler)
    i.HAL_DMA_Init                           0x08000760   Section        0  stm32f4xx_hal_dma.o(i.HAL_DMA_Init)
    i.HAL_DMA_Start_IT                       0x08000834   Section        0  stm32f4xx_hal_dma.o(i.HAL_DMA_Start_IT)
    i.HAL_GPIO_Init                          0x080008a4   Section        0  stm32f4xx_hal_gpio.o(i.HAL_GPIO_Init)
    i.HAL_GetTick                            0x08000a94   Section        0  stm32f4xx_hal.o(i.HAL_GetTick)
    i.HAL_IncTick                            0x08000aa0   Section        0  stm32f4xx_hal.o(i.HAL_IncTick)
    i.HAL_Init                               0x08000ab0   Section        0  stm32f4xx_hal.o(i.HAL_Init)
    i.HAL_InitTick                           0x08000ae4   Section        0  stm32f4xx_hal.o(i.HAL_InitTick)
    i.HAL_MspInit                            0x08000b24   Section        0  stm32f4xx_hal_msp.o(i.HAL_MspInit)
    i.HAL_NVIC_EnableIRQ                     0x08000b54   Section        0  stm32f4xx_hal_cortex.o(i.HAL_NVIC_EnableIRQ)
    i.HAL_NVIC_SetPriority                   0x08000b70   Section        0  stm32f4xx_hal_cortex.o(i.HAL_NVIC_SetPriority)
    i.HAL_NVIC_SetPriorityGrouping           0x08000bb0   Section        0  stm32f4xx_hal_cortex.o(i.HAL_NVIC_SetPriorityGrouping)
    i.HAL_RCC_ClockConfig                    0x08000bd4   Section        0  stm32f4xx_hal_rcc.o(i.HAL_RCC_ClockConfig)
    i.HAL_RCC_GetPCLK1Freq                   0x08000d08   Section        0  stm32f4xx_hal_rcc.o(i.HAL_RCC_GetPCLK1Freq)
    i.HAL_RCC_GetPCLK2Freq                   0x08000d28   Section        0  stm32f4xx_hal_rcc.o(i.HAL_RCC_GetPCLK2Freq)
    i.HAL_RCC_GetSysClockFreq                0x08000d48   Section        0  stm32f4xx_hal_rcc.o(i.HAL_RCC_GetSysClockFreq)
    i.HAL_RCC_OscConfig                      0x08000dac   Section        0  stm32f4xx_hal_rcc.o(i.HAL_RCC_OscConfig)
    i.HAL_SYSTICK_Config                     0x08001118   Section        0  stm32f4xx_hal_cortex.o(i.HAL_SYSTICK_Config)
    i.HAL_TIMEx_BreakCallback                0x08001140   Section        0  stm32f4xx_hal_tim_ex.o(i.HAL_TIMEx_BreakCallback)
    i.HAL_TIMEx_CommutCallback               0x08001142   Section        0  stm32f4xx_hal_tim_ex.o(i.HAL_TIMEx_CommutCallback)
    i.HAL_TIMEx_MasterConfigSynchronization  0x08001144   Section        0  stm32f4xx_hal_tim_ex.o(i.HAL_TIMEx_MasterConfigSynchronization)
    i.HAL_TIM_Base_Init                      0x080011d4   Section        0  stm32f4xx_hal_tim.o(i.HAL_TIM_Base_Init)
    i.HAL_TIM_Base_MspInit                   0x08001230   Section        0  tim.o(i.HAL_TIM_Base_MspInit)
    i.HAL_TIM_Base_Start_IT                  0x080012e4   Section        0  stm32f4xx_hal_tim.o(i.HAL_TIM_Base_Start_IT)
    i.HAL_TIM_ConfigClockSource              0x08001364   Section        0  stm32f4xx_hal_tim.o(i.HAL_TIM_ConfigClockSource)
    i.HAL_TIM_Encoder_Init                   0x08001440   Section        0  stm32f4xx_hal_tim.o(i.HAL_TIM_Encoder_Init)
    i.HAL_TIM_Encoder_MspInit                0x080014e4   Section        0  tim.o(i.HAL_TIM_Encoder_MspInit)
    i.HAL_TIM_Encoder_Start                  0x08001610   Section        0  stm32f4xx_hal_tim.o(i.HAL_TIM_Encoder_Start)
    i.HAL_TIM_IC_CaptureCallback             0x0800169e   Section        0  stm32f4xx_hal_tim.o(i.HAL_TIM_IC_CaptureCallback)
    i.HAL_TIM_IRQHandler                     0x080016a0   Section        0  stm32f4xx_hal_tim.o(i.HAL_TIM_IRQHandler)
    i.HAL_TIM_MspPostInit                    0x080017d0   Section        0  tim.o(i.HAL_TIM_MspPostInit)
    i.HAL_TIM_OC_ConfigChannel               0x08001900   Section        0  stm32f4xx_hal_tim.o(i.HAL_TIM_OC_ConfigChannel)
    i.HAL_TIM_OC_DelayElapsedCallback        0x08001952   Section        0  stm32f4xx_hal_tim.o(i.HAL_TIM_OC_DelayElapsedCallback)
    i.HAL_TIM_OC_Init                        0x08001954   Section        0  stm32f4xx_hal_tim.o(i.HAL_TIM_OC_Init)
    i.HAL_TIM_OC_MspInit                     0x080019ae   Section        0  stm32f4xx_hal_tim.o(i.HAL_TIM_OC_MspInit)
    i.HAL_TIM_PWM_ConfigChannel              0x080019b0   Section        0  stm32f4xx_hal_tim.o(i.HAL_TIM_PWM_ConfigChannel)
    i.HAL_TIM_PWM_Init                       0x08001a7c   Section        0  stm32f4xx_hal_tim.o(i.HAL_TIM_PWM_Init)
    i.HAL_TIM_PWM_MspInit                    0x08001ad6   Section        0  stm32f4xx_hal_tim.o(i.HAL_TIM_PWM_MspInit)
    i.HAL_TIM_PWM_PulseFinishedCallback      0x08001ad8   Section        0  stm32f4xx_hal_tim.o(i.HAL_TIM_PWM_PulseFinishedCallback)
    i.HAL_TIM_PWM_Start                      0x08001adc   Section        0  stm32f4xx_hal_tim.o(i.HAL_TIM_PWM_Start)
    i.HAL_TIM_PeriodElapsedCallback          0x08001ba4   Section        0  drv_tim.o(i.HAL_TIM_PeriodElapsedCallback)
    i.HAL_TIM_TriggerCallback                0x08001bcc   Section        0  stm32f4xx_hal_tim.o(i.HAL_TIM_TriggerCallback)
    i.HAL_UARTEx_ReceiveToIdle_DMA           0x08001bce   Section        0  stm32f4xx_hal_uart.o(i.HAL_UARTEx_ReceiveToIdle_DMA)
    i.HAL_UARTEx_RxEventCallback             0x08001c1c   Section        0  drv_uart.o(i.HAL_UARTEx_RxEventCallback)
    i.HAL_UART_ErrorCallback                 0x08001c64   Section        0  stm32f4xx_hal_uart.o(i.HAL_UART_ErrorCallback)
    i.HAL_UART_IRQHandler                    0x08001c68   Section        0  stm32f4xx_hal_uart.o(i.HAL_UART_IRQHandler)
    i.HAL_UART_Init                          0x08001ed8   Section        0  stm32f4xx_hal_uart.o(i.HAL_UART_Init)
    i.HAL_UART_MspInit                       0x08001f3c   Section        0  usart.o(i.HAL_UART_MspInit)
    i.HAL_UART_RxCpltCallback                0x08002024   Section        0  stm32f4xx_hal_uart.o(i.HAL_UART_RxCpltCallback)
    i.HAL_UART_RxHalfCpltCallback            0x08002026   Section        0  stm32f4xx_hal_uart.o(i.HAL_UART_RxHalfCpltCallback)
    i.HAL_UART_TxCpltCallback                0x08002028   Section        0  stm32f4xx_hal_uart.o(i.HAL_UART_TxCpltCallback)
    i.HardFault_Handler                      0x0800202a   Section        0  stm32f4xx_it.o(i.HardFault_Handler)
    i.MX_DMA_Init                            0x0800202c   Section        0  dma.o(i.MX_DMA_Init)
    i.MX_GPIO_Init                           0x08002068   Section        0  gpio.o(i.MX_GPIO_Init)
    i.MX_TIM11_Init                          0x080020d4   Section        0  tim.o(i.MX_TIM11_Init)
    i.MX_TIM12_Init                          0x0800213c   Section        0  tim.o(i.MX_TIM12_Init)
    i.MX_TIM1_Init                           0x080021d0   Section        0  tim.o(i.MX_TIM1_Init)
    i.MX_TIM2_Init                           0x0800223c   Section        0  tim.o(i.MX_TIM2_Init)
    i.MX_TIM3_Init                           0x080022a4   Section        0  tim.o(i.MX_TIM3_Init)
    i.MX_TIM4_Init                           0x0800235c   Section        0  tim.o(i.MX_TIM4_Init)
    i.MX_TIM5_Init                           0x080023c8   Section        0  tim.o(i.MX_TIM5_Init)
    i.MX_TIM8_Init                           0x08002480   Section        0  tim.o(i.MX_TIM8_Init)
    i.MX_TIM9_Init                           0x080024ec   Section        0  tim.o(i.MX_TIM9_Init)
    i.MX_USART1_UART_Init                    0x08002580   Section        0  usart.o(i.MX_USART1_UART_Init)
    i.MemManage_Handler                      0x080025b8   Section        0  stm32f4xx_it.o(i.MemManage_Handler)
    i.NMI_Handler                            0x080025ba   Section        0  stm32f4xx_it.o(i.NMI_Handler)
    i.PWM_PeriodElapsedCallBack              0x080025bc   Section        0  drv_uart.o(i.PWM_PeriodElapsedCallBack)
    i.PendSV_Handler                         0x080025be   Section        0  stm32f4xx_it.o(i.PendSV_Handler)
    i.SVC_Handler                            0x080025c0   Section        0  stm32f4xx_it.o(i.SVC_Handler)
    i.SysTick_Handler                        0x080025c2   Section        0  stm32f4xx_it.o(i.SysTick_Handler)
    i.SystemClock_Config                     0x080025c8   Section        0  main.o(i.SystemClock_Config)
    i.SystemInit                             0x0800265c   Section        0  system_stm32f4xx.o(i.SystemInit)
    i.TIM3_IRQHandler                        0x0800266c   Section        0  stm32f4xx_it.o(i.TIM3_IRQHandler)
    i.TIM5_IRQHandler                        0x08002678   Section        0  stm32f4xx_it.o(i.TIM5_IRQHandler)
    i.TIM_Base_SetConfig                     0x08002684   Section        0  stm32f4xx_hal_tim.o(i.TIM_Base_SetConfig)
    i.TIM_CCxChannelCmd                      0x0800275c   Section        0  stm32f4xx_hal_tim.o(i.TIM_CCxChannelCmd)
    i.TIM_ETR_SetConfig                      0x08002776   Section        0  stm32f4xx_hal_tim.o(i.TIM_ETR_SetConfig)
    i.TIM_ITRx_SetConfig                     0x0800278a   Section        0  stm32f4xx_hal_tim.o(i.TIM_ITRx_SetConfig)
    TIM_ITRx_SetConfig                       0x0800278b   Thumb Code    16  stm32f4xx_hal_tim.o(i.TIM_ITRx_SetConfig)
    i.TIM_Init                               0x0800279c   Section        0  drv_tim.o(i.TIM_Init)
    i.TIM_OC1_SetConfig                      0x080027c4   Section        0  stm32f4xx_hal_tim.o(i.TIM_OC1_SetConfig)
    TIM_OC1_SetConfig                        0x080027c5   Thumb Code    88  stm32f4xx_hal_tim.o(i.TIM_OC1_SetConfig)
    i.TIM_OC2_SetConfig                      0x08002824   Section        0  stm32f4xx_hal_tim.o(i.TIM_OC2_SetConfig)
    i.TIM_OC3_SetConfig                      0x08002890   Section        0  stm32f4xx_hal_tim.o(i.TIM_OC3_SetConfig)
    TIM_OC3_SetConfig                        0x08002891   Thumb Code    96  stm32f4xx_hal_tim.o(i.TIM_OC3_SetConfig)
    i.TIM_OC4_SetConfig                      0x080028f8   Section        0  stm32f4xx_hal_tim.o(i.TIM_OC4_SetConfig)
    TIM_OC4_SetConfig                        0x080028f9   Thumb Code    70  stm32f4xx_hal_tim.o(i.TIM_OC4_SetConfig)
    i.TIM_TI1_ConfigInputStage               0x08002948   Section        0  stm32f4xx_hal_tim.o(i.TIM_TI1_ConfigInputStage)
    TIM_TI1_ConfigInputStage                 0x08002949   Thumb Code    34  stm32f4xx_hal_tim.o(i.TIM_TI1_ConfigInputStage)
    i.TIM_TI2_ConfigInputStage               0x0800296a   Section        0  stm32f4xx_hal_tim.o(i.TIM_TI2_ConfigInputStage)
    TIM_TI2_ConfigInputStage                 0x0800296b   Thumb Code    36  stm32f4xx_hal_tim.o(i.TIM_TI2_ConfigInputStage)
    i.Task_Init                              0x08002990   Section        0  tsk_config_and_callback.o(i.Task_Init)
    i.UART_DMAAbortOnError                   0x08002a60   Section        0  stm32f4xx_hal_uart.o(i.UART_DMAAbortOnError)
    UART_DMAAbortOnError                     0x08002a61   Thumb Code    16  stm32f4xx_hal_uart.o(i.UART_DMAAbortOnError)
    i.UART_DMAError                          0x08002a70   Section        0  stm32f4xx_hal_uart.o(i.UART_DMAError)
    UART_DMAError                            0x08002a71   Thumb Code    74  stm32f4xx_hal_uart.o(i.UART_DMAError)
    i.UART_DMAReceiveCplt                    0x08002aba   Section        0  stm32f4xx_hal_uart.o(i.UART_DMAReceiveCplt)
    UART_DMAReceiveCplt                      0x08002abb   Thumb Code   134  stm32f4xx_hal_uart.o(i.UART_DMAReceiveCplt)
    i.UART_DMARxHalfCplt                     0x08002b40   Section        0  stm32f4xx_hal_uart.o(i.UART_DMARxHalfCplt)
    UART_DMARxHalfCplt                       0x08002b41   Thumb Code    30  stm32f4xx_hal_uart.o(i.UART_DMARxHalfCplt)
    i.UART_EndRxTransfer                     0x08002b5e   Section        0  stm32f4xx_hal_uart.o(i.UART_EndRxTransfer)
    UART_EndRxTransfer                       0x08002b5f   Thumb Code    78  stm32f4xx_hal_uart.o(i.UART_EndRxTransfer)
    i.UART_EndTxTransfer                     0x08002bac   Section        0  stm32f4xx_hal_uart.o(i.UART_EndTxTransfer)
    UART_EndTxTransfer                       0x08002bad   Thumb Code    28  stm32f4xx_hal_uart.o(i.UART_EndTxTransfer)
    i.UART_Init                              0x08002bc8   Section        0  drv_uart.o(i.UART_Init)
    i.UART_Receive_IT                        0x08002c00   Section        0  stm32f4xx_hal_uart.o(i.UART_Receive_IT)
    UART_Receive_IT                          0x08002c01   Thumb Code   194  stm32f4xx_hal_uart.o(i.UART_Receive_IT)
    i.UART_SetConfig                         0x08002cc4   Section        0  stm32f4xx_hal_uart.o(i.UART_SetConfig)
    UART_SetConfig                           0x08002cc5   Thumb Code   258  stm32f4xx_hal_uart.o(i.UART_SetConfig)
    i.UART_Start_Receive_DMA                 0x08002dd0   Section        0  stm32f4xx_hal_uart.o(i.UART_Start_Receive_DMA)
    i.USART1_IRQHandler                      0x08002e60   Section        0  stm32f4xx_it.o(i.USART1_IRQHandler)
    i.UsageFault_Handler                     0x08002e6c   Section        0  stm32f4xx_it.o(i.UsageFault_Handler)
    i._Z20Radar_UART6_CallbackPht            0x08002e70   Section        0  tsk_config_and_callback.o(i._Z20Radar_UART6_CallbackPht)
    i._Z23Task250ms_TIM5_Callbackv           0x08002e80   Section        0  tsk_config_and_callback.o(i._Z23Task250ms_TIM5_Callbackv)
    i._Z23Task500ms_TIM3_Callbackv           0x08002ea0   Section        0  tsk_config_and_callback.o(i._Z23Task500ms_TIM3_Callbackv)
    i._ZN15Class_GMR_Motor12Data_ProcessEv   0x08002ed0   Section        0  dvc_gmrmotor.o(i._ZN15Class_GMR_Motor12Data_ProcessEv)
    i._ZN15Class_GMR_MotorC1Ev               0x08002f10   Section        0  tsk_config_and_callback.o(i._ZN15Class_GMR_MotorC1Ev)
    i._ZN21Class_Mecanum_Chassis19UART_RxCpltCallbackEPht 0x08002f18   Section        0  crt_chassis.o(i._ZN21Class_Mecanum_Chassis19UART_RxCpltCallbackEPht)
    i._ZN21Class_Mecanum_Chassis35TIM_Calculate_PeriodElapsedCallbackEv 0x08002f38   Section        0  crt_chassis.o(i._ZN21Class_Mecanum_Chassis35TIM_Calculate_PeriodElapsedCallbackEv)
    i.__NVIC_SetPriority                     0x08002f3a   Section        0  stm32f4xx_hal_cortex.o(i.__NVIC_SetPriority)
    __NVIC_SetPriority                       0x08002f3b   Thumb Code    32  stm32f4xx_hal_cortex.o(i.__NVIC_SetPriority)
    i.__aeabi_vec_ctor_nocookie_nodtor       0x08002f5a   Section        0  aeabi_vec_ctor_nocookie_nodtor.o(i.__aeabi_vec_ctor_nocookie_nodtor)
    i.__sti___27_tsk_config_and_callback_cpp_pwm_flag 0x08002f80   Section        0  tsk_config_and_callback.o(i.__sti___27_tsk_config_and_callback_cpp_pwm_flag)
    __sti___27_tsk_config_and_callback_cpp_pwm_flag 0x08002f81   Thumb Code    44  tsk_config_and_callback.o(i.__sti___27_tsk_config_and_callback_cpp_pwm_flag)
    i.main                                   0x08002fb8   Section        0  main.o(i.main)
    x$fpl$fpinit                             0x08002ff6   Section       10  fpinit.o(x$fpl$fpinit)
    $v0                                      0x08002ff6   Number         0  fpinit.o(x$fpl$fpinit)
    .constdata                               0x08003000   Section        8  stm32f4xx_hal_dma.o(.constdata)
    flagBitshiftOffset                       0x08003000   Data           8  stm32f4xx_hal_dma.o(.constdata)
    .constdata                               0x08003008   Section       16  system_stm32f4xx.o(.constdata)
    .constdata                               0x08003018   Section        8  system_stm32f4xx.o(.constdata)
    .init_array                              0x08003040   Section        4  tsk_config_and_callback.o(.init_array)
    .init_array                              0x08003044   Section        0  init_aeabi.o(.init_array)
    .data                                    0x20000000   Section       12  stm32f4xx_hal.o(.data)
    .data                                    0x2000000c   Section        4  system_stm32f4xx.o(.data)
    .data                                    0x20000010   Section       16  drv_tim.o(.data)
    .data                                    0x20000020   Section        4  dvc_gmrmotor.o(.data)
    .data                                    0x20000024   Section        8  tsk_config_and_callback.o(.data)
    .bss                                     0x2000002c   Section      648  tim.o(.bss)
    .bss                                     0x200002b4   Section      264  usart.o(.bss)
    .bss                                     0x200003bc   Section      272  drv_uart.o(.bss)
    .bss                                     0x200004cc   Section      120  tsk_config_and_callback.o(.bss)
    .bss                                     0x20000544   Section       96  libspace.o(.bss)
    HEAP                                     0x200005a8   Section      512  startup_stm32f407xx.o(HEAP)
    Heap_Mem                                 0x200005a8   Data         512  startup_stm32f407xx.o(HEAP)
    STACK                                    0x200007a8   Section     1024  startup_stm32f407xx.o(STACK)
    Stack_Mem                                0x200007a8   Data        1024  startup_stm32f407xx.o(STACK)
    __initial_sp                             0x20000ba8   Data           0  startup_stm32f407xx.o(STACK)

    Global Symbols

    Symbol Name                              Value     Ov Type        Size  Object(Section)

    BuildAttributes$$THM_ISAv4$E$P$D$K$B$S$7EM$VFPi3$EXTD16$VFPS$VFMA$PE$A:L22UL41UL21$X:L11$S22US41US21$IEEE1$IW$USESV6$~STKCKD$USESV7$~SHL$OTIME$ROPI$EBA8$UX$STANDARDLIB$REQ8$PRES8$EABIv2 0x00000000   Number         0  anon$$obj.o ABSOLUTE
    __ARM_use_no_argv                        0x00000000   Number         0  main.o ABSOLUTE
    SHT$$ARM_EXIDX$$Base                      - Undefined Reference
    SHT$$ARM_EXIDX$$Limit                     - Undefined Reference
    __ARM_exceptions_init                     - Undefined Weak Reference
    __aeabi_unwind_cpp_pr1                    - Undefined Weak Reference
    __aeabi_unwind_cpp_pr2                    - Undefined Weak Reference
    __alloca_initialize                       - Undefined Weak Reference
    __arm_fini_                               - Undefined Weak Reference
    __arm_preinit_                            - Undefined Weak Reference
    __cxa_begin_cleanup                       - Undefined Weak Reference
    __cxa_call_unexpected                     - Undefined Weak Reference
    __cxa_finalize                            - Undefined Weak Reference
    __cxa_type_match                          - Undefined Weak Reference
    __rt_locale                               - Undefined Weak Reference
    __sigvec_lookup                           - Undefined Weak Reference
    __user_heap_extent                        - Undefined Weak Reference
    _atexit_init                              - Undefined Weak Reference
    _call_atexit_fns                          - Undefined Weak Reference
    _clock_init                               - Undefined Weak Reference
    _fp_trap_init                             - Undefined Weak Reference
    _fp_trap_shutdown                         - Undefined Weak Reference
    _get_lc_collate                           - Undefined Weak Reference
    _get_lc_ctype                             - Undefined Weak Reference
    _get_lc_monetary                          - Undefined Weak Reference
    _get_lc_numeric                           - Undefined Weak Reference
    _get_lc_time                              - Undefined Weak Reference
    _getenv_init                              - Undefined Weak Reference
    _handle_redirection                       - Undefined Weak Reference
    _initio                                   - Undefined Weak Reference
    _mutex_acquire                            - Undefined Weak Reference
    _mutex_free                               - Undefined Weak Reference
    _mutex_release                            - Undefined Weak Reference
    _rand_init                                - Undefined Weak Reference
    _signal_finish                            - Undefined Weak Reference
    _signal_init                              - Undefined Weak Reference
    _terminateio                              - Undefined Weak Reference
    __Vectors_Size                           0x00000188   Number         0  startup_stm32f407xx.o ABSOLUTE
    __Vectors                                0x08000000   Data           4  startup_stm32f407xx.o(RESET)
    __Vectors_End                            0x08000188   Data           0  startup_stm32f407xx.o(RESET)
    __main                                   0x08000189   Thumb Code     8  __main.o(!!!main)
    __scatterload                            0x08000191   Thumb Code     0  __scatter.o(!!!scatter)
    __scatterload_rt2                        0x08000191   Thumb Code    44  __scatter.o(!!!scatter)
    __scatterload_rt2_thumb_only             0x08000191   Thumb Code     0  __scatter.o(!!!scatter)
    __scatterload_null                       0x0800019f   Thumb Code     0  __scatter.o(!!!scatter)
    __scatterload_copy                       0x080001c5   Thumb Code    26  __scatter_copy.o(!!handler_copy)
    __scatterload_zeroinit                   0x080001e1   Thumb Code    28  __scatter_zi.o(!!handler_zi)
    __rt_lib_init                            0x080001fd   Thumb Code     0  libinit.o(.ARM.Collect$$libinit$$00000000)
    __rt_lib_init_fp_1                       0x080001ff   Thumb Code     0  libinit2.o(.ARM.Collect$$libinit$$00000001)
    __rt_lib_init_alloca_1                   0x08000203   Thumb Code     0  libinit2.o(.ARM.Collect$$libinit$$0000002E)
    __rt_lib_init_argv_1                     0x08000203   Thumb Code     0  libinit2.o(.ARM.Collect$$libinit$$0000002C)
    __rt_lib_init_atexit_1                   0x08000203   Thumb Code     0  libinit2.o(.ARM.Collect$$libinit$$0000001B)
    __rt_lib_init_clock_1                    0x08000203   Thumb Code     0  libinit2.o(.ARM.Collect$$libinit$$00000021)
    __rt_lib_init_cpp_2                      0x08000203   Thumb Code     0  libinit2.o(.ARM.Collect$$libinit$$00000031)
    __rt_lib_init_exceptions_1               0x08000203   Thumb Code     0  libinit2.o(.ARM.Collect$$libinit$$00000030)
    __rt_lib_init_fp_trap_1                  0x08000203   Thumb Code     0  libinit2.o(.ARM.Collect$$libinit$$0000001F)
    __rt_lib_init_getenv_1                   0x08000203   Thumb Code     0  libinit2.o(.ARM.Collect$$libinit$$00000023)
    __rt_lib_init_heap_1                     0x08000203   Thumb Code     0  libinit2.o(.ARM.Collect$$libinit$$0000000A)
    __rt_lib_init_lc_collate_1               0x08000203   Thumb Code     0  libinit2.o(.ARM.Collect$$libinit$$00000011)
    __rt_lib_init_lc_ctype_1                 0x08000203   Thumb Code     0  libinit2.o(.ARM.Collect$$libinit$$00000013)
    __rt_lib_init_lc_monetary_1              0x08000203   Thumb Code     0  libinit2.o(.ARM.Collect$$libinit$$00000015)
    __rt_lib_init_lc_numeric_1               0x08000203   Thumb Code     0  libinit2.o(.ARM.Collect$$libinit$$00000017)
    __rt_lib_init_lc_time_1                  0x08000203   Thumb Code     0  libinit2.o(.ARM.Collect$$libinit$$00000019)
    __rt_lib_init_preinit_1                  0x08000203   Thumb Code     0  libinit2.o(.ARM.Collect$$libinit$$00000004)
    __rt_lib_init_rand_1                     0x08000203   Thumb Code     0  libinit2.o(.ARM.Collect$$libinit$$0000000E)
    __rt_lib_init_signal_1                   0x08000203   Thumb Code     0  libinit2.o(.ARM.Collect$$libinit$$0000001D)
    __rt_lib_init_stdio_1                    0x08000203   Thumb Code     0  libinit2.o(.ARM.Collect$$libinit$$00000025)
    __rt_lib_init_user_alloc_1               0x08000203   Thumb Code     0  libinit2.o(.ARM.Collect$$libinit$$0000000C)
    __rt_lib_init_cpp_1                      0x08000207   Thumb Code     0  libinit2.o(.ARM.Collect$$libinit$$00000032)
    __rt_lib_init_return                     0x08000207   Thumb Code     0  libinit2.o(.ARM.Collect$$libinit$$00000033)
    __rt_lib_shutdown                        0x08000209   Thumb Code     0  libshutdown.o(.ARM.Collect$$libshutdown$$00000000)
    __rt_lib_shutdown_cpp_1                  0x0800020b   Thumb Code     0  libshutdown2.o(.ARM.Collect$$libshutdown$$00000004)
    __rt_lib_shutdown_fini_1                 0x0800020b   Thumb Code     0  libshutdown2.o(.ARM.Collect$$libshutdown$$00000002)
    __rt_lib_shutdown_fp_trap_1              0x0800020b   Thumb Code     0  libshutdown2.o(.ARM.Collect$$libshutdown$$00000009)
    __rt_lib_shutdown_heap_1                 0x0800020b   Thumb Code     0  libshutdown2.o(.ARM.Collect$$libshutdown$$00000011)
    __rt_lib_shutdown_return                 0x0800020b   Thumb Code     0  libshutdown2.o(.ARM.Collect$$libshutdown$$00000012)
    __rt_lib_shutdown_signal_1               0x0800020b   Thumb Code     0  libshutdown2.o(.ARM.Collect$$libshutdown$$0000000C)
    __rt_lib_shutdown_stdio_1                0x0800020b   Thumb Code     0  libshutdown2.o(.ARM.Collect$$libshutdown$$00000006)
    __rt_lib_shutdown_user_alloc_1           0x0800020b   Thumb Code     0  libshutdown2.o(.ARM.Collect$$libshutdown$$0000000E)
    __rt_entry                               0x0800020d   Thumb Code     0  __rtentry.o(.ARM.Collect$$rtentry$$00000000)
    __rt_entry_presh_1                       0x0800020d   Thumb Code     0  __rtentry2.o(.ARM.Collect$$rtentry$$00000002)
    __rt_entry_sh                            0x0800020d   Thumb Code     0  __rtentry4.o(.ARM.Collect$$rtentry$$00000004)
    __rt_entry_li                            0x08000213   Thumb Code     0  __rtentry2.o(.ARM.Collect$$rtentry$$0000000A)
    __rt_entry_postsh_1                      0x08000213   Thumb Code     0  __rtentry2.o(.ARM.Collect$$rtentry$$00000009)
    __rt_entry_main                          0x08000217   Thumb Code     0  __rtentry2.o(.ARM.Collect$$rtentry$$0000000D)
    __rt_entry_postli_1                      0x08000217   Thumb Code     0  __rtentry2.o(.ARM.Collect$$rtentry$$0000000C)
    __rt_exit                                0x0800021f   Thumb Code     0  rtexit.o(.ARM.Collect$$rtexit$$00000000)
    __rt_exit_ls                             0x08000221   Thumb Code     0  rtexit2.o(.ARM.Collect$$rtexit$$00000003)
    __rt_exit_prels_1                        0x08000221   Thumb Code     0  rtexit2.o(.ARM.Collect$$rtexit$$00000002)
    __rt_exit_exit                           0x08000225   Thumb Code     0  rtexit2.o(.ARM.Collect$$rtexit$$00000004)
    Reset_Handler                            0x0800022d   Thumb Code     8  startup_stm32f407xx.o(.text)
    ADC_IRQHandler                           0x08000247   Thumb Code     0  startup_stm32f407xx.o(.text)
    CAN1_RX0_IRQHandler                      0x08000247   Thumb Code     0  startup_stm32f407xx.o(.text)
    CAN1_RX1_IRQHandler                      0x08000247   Thumb Code     0  startup_stm32f407xx.o(.text)
    CAN1_SCE_IRQHandler                      0x08000247   Thumb Code     0  startup_stm32f407xx.o(.text)
    CAN1_TX_IRQHandler                       0x08000247   Thumb Code     0  startup_stm32f407xx.o(.text)
    CAN2_RX0_IRQHandler                      0x08000247   Thumb Code     0  startup_stm32f407xx.o(.text)
    CAN2_RX1_IRQHandler                      0x08000247   Thumb Code     0  startup_stm32f407xx.o(.text)
    CAN2_SCE_IRQHandler                      0x08000247   Thumb Code     0  startup_stm32f407xx.o(.text)
    CAN2_TX_IRQHandler                       0x08000247   Thumb Code     0  startup_stm32f407xx.o(.text)
    DCMI_IRQHandler                          0x08000247   Thumb Code     0  startup_stm32f407xx.o(.text)
    DMA1_Stream0_IRQHandler                  0x08000247   Thumb Code     0  startup_stm32f407xx.o(.text)
    DMA1_Stream1_IRQHandler                  0x08000247   Thumb Code     0  startup_stm32f407xx.o(.text)
    DMA1_Stream2_IRQHandler                  0x08000247   Thumb Code     0  startup_stm32f407xx.o(.text)
    DMA1_Stream3_IRQHandler                  0x08000247   Thumb Code     0  startup_stm32f407xx.o(.text)
    DMA1_Stream4_IRQHandler                  0x08000247   Thumb Code     0  startup_stm32f407xx.o(.text)
    DMA1_Stream5_IRQHandler                  0x08000247   Thumb Code     0  startup_stm32f407xx.o(.text)
    DMA1_Stream6_IRQHandler                  0x08000247   Thumb Code     0  startup_stm32f407xx.o(.text)
    DMA1_Stream7_IRQHandler                  0x08000247   Thumb Code     0  startup_stm32f407xx.o(.text)
    DMA2_Stream0_IRQHandler                  0x08000247   Thumb Code     0  startup_stm32f407xx.o(.text)
    DMA2_Stream1_IRQHandler                  0x08000247   Thumb Code     0  startup_stm32f407xx.o(.text)
    DMA2_Stream3_IRQHandler                  0x08000247   Thumb Code     0  startup_stm32f407xx.o(.text)
    DMA2_Stream4_IRQHandler                  0x08000247   Thumb Code     0  startup_stm32f407xx.o(.text)
    DMA2_Stream5_IRQHandler                  0x08000247   Thumb Code     0  startup_stm32f407xx.o(.text)
    DMA2_Stream6_IRQHandler                  0x08000247   Thumb Code     0  startup_stm32f407xx.o(.text)
    ETH_IRQHandler                           0x08000247   Thumb Code     0  startup_stm32f407xx.o(.text)
    ETH_WKUP_IRQHandler                      0x08000247   Thumb Code     0  startup_stm32f407xx.o(.text)
    EXTI0_IRQHandler                         0x08000247   Thumb Code     0  startup_stm32f407xx.o(.text)
    EXTI15_10_IRQHandler                     0x08000247   Thumb Code     0  startup_stm32f407xx.o(.text)
    EXTI1_IRQHandler                         0x08000247   Thumb Code     0  startup_stm32f407xx.o(.text)
    EXTI2_IRQHandler                         0x08000247   Thumb Code     0  startup_stm32f407xx.o(.text)
    EXTI3_IRQHandler                         0x08000247   Thumb Code     0  startup_stm32f407xx.o(.text)
    EXTI4_IRQHandler                         0x08000247   Thumb Code     0  startup_stm32f407xx.o(.text)
    EXTI9_5_IRQHandler                       0x08000247   Thumb Code     0  startup_stm32f407xx.o(.text)
    FLASH_IRQHandler                         0x08000247   Thumb Code     0  startup_stm32f407xx.o(.text)
    FMC_IRQHandler                           0x08000247   Thumb Code     0  startup_stm32f407xx.o(.text)
    FPU_IRQHandler                           0x08000247   Thumb Code     0  startup_stm32f407xx.o(.text)
    HASH_RNG_IRQHandler                      0x08000247   Thumb Code     0  startup_stm32f407xx.o(.text)
    I2C1_ER_IRQHandler                       0x08000247   Thumb Code     0  startup_stm32f407xx.o(.text)
    I2C1_EV_IRQHandler                       0x08000247   Thumb Code     0  startup_stm32f407xx.o(.text)
    I2C2_ER_IRQHandler                       0x08000247   Thumb Code     0  startup_stm32f407xx.o(.text)
    I2C2_EV_IRQHandler                       0x08000247   Thumb Code     0  startup_stm32f407xx.o(.text)
    I2C3_ER_IRQHandler                       0x08000247   Thumb Code     0  startup_stm32f407xx.o(.text)
    I2C3_EV_IRQHandler                       0x08000247   Thumb Code     0  startup_stm32f407xx.o(.text)
    OTG_FS_IRQHandler                        0x08000247   Thumb Code     0  startup_stm32f407xx.o(.text)
    OTG_FS_WKUP_IRQHandler                   0x08000247   Thumb Code     0  startup_stm32f407xx.o(.text)
    OTG_HS_EP1_IN_IRQHandler                 0x08000247   Thumb Code     0  startup_stm32f407xx.o(.text)
    OTG_HS_EP1_OUT_IRQHandler                0x08000247   Thumb Code     0  startup_stm32f407xx.o(.text)
    OTG_HS_IRQHandler                        0x08000247   Thumb Code     0  startup_stm32f407xx.o(.text)
    OTG_HS_WKUP_IRQHandler                   0x08000247   Thumb Code     0  startup_stm32f407xx.o(.text)
    PVD_IRQHandler                           0x08000247   Thumb Code     0  startup_stm32f407xx.o(.text)
    RCC_IRQHandler                           0x08000247   Thumb Code     0  startup_stm32f407xx.o(.text)
    RTC_Alarm_IRQHandler                     0x08000247   Thumb Code     0  startup_stm32f407xx.o(.text)
    RTC_WKUP_IRQHandler                      0x08000247   Thumb Code     0  startup_stm32f407xx.o(.text)
    SDIO_IRQHandler                          0x08000247   Thumb Code     0  startup_stm32f407xx.o(.text)
    SPI1_IRQHandler                          0x08000247   Thumb Code     0  startup_stm32f407xx.o(.text)
    SPI2_IRQHandler                          0x08000247   Thumb Code     0  startup_stm32f407xx.o(.text)
    SPI3_IRQHandler                          0x08000247   Thumb Code     0  startup_stm32f407xx.o(.text)
    TAMP_STAMP_IRQHandler                    0x08000247   Thumb Code     0  startup_stm32f407xx.o(.text)
    TIM1_BRK_TIM9_IRQHandler                 0x08000247   Thumb Code     0  startup_stm32f407xx.o(.text)
    TIM1_CC_IRQHandler                       0x08000247   Thumb Code     0  startup_stm32f407xx.o(.text)
    TIM1_TRG_COM_TIM11_IRQHandler            0x08000247   Thumb Code     0  startup_stm32f407xx.o(.text)
    TIM1_UP_TIM10_IRQHandler                 0x08000247   Thumb Code     0  startup_stm32f407xx.o(.text)
    TIM2_IRQHandler                          0x08000247   Thumb Code     0  startup_stm32f407xx.o(.text)
    TIM4_IRQHandler                          0x08000247   Thumb Code     0  startup_stm32f407xx.o(.text)
    TIM6_DAC_IRQHandler                      0x08000247   Thumb Code     0  startup_stm32f407xx.o(.text)
    TIM7_IRQHandler                          0x08000247   Thumb Code     0  startup_stm32f407xx.o(.text)
    TIM8_BRK_TIM12_IRQHandler                0x08000247   Thumb Code     0  startup_stm32f407xx.o(.text)
    TIM8_CC_IRQHandler                       0x08000247   Thumb Code     0  startup_stm32f407xx.o(.text)
    TIM8_TRG_COM_TIM14_IRQHandler            0x08000247   Thumb Code     0  startup_stm32f407xx.o(.text)
    TIM8_UP_TIM13_IRQHandler                 0x08000247   Thumb Code     0  startup_stm32f407xx.o(.text)
    UART4_IRQHandler                         0x08000247   Thumb Code     0  startup_stm32f407xx.o(.text)
    UART5_IRQHandler                         0x08000247   Thumb Code     0  startup_stm32f407xx.o(.text)
    USART2_IRQHandler                        0x08000247   Thumb Code     0  startup_stm32f407xx.o(.text)
    USART3_IRQHandler                        0x08000247   Thumb Code     0  startup_stm32f407xx.o(.text)
    USART6_IRQHandler                        0x08000247   Thumb Code     0  startup_stm32f407xx.o(.text)
    WWDG_IRQHandler                          0x08000247   Thumb Code     0  startup_stm32f407xx.o(.text)
    __user_initial_stackheap                 0x08000249   Thumb Code     0  startup_stm32f407xx.o(.text)
    __aeabi_uldivmod                         0x0800026d   Thumb Code     0  lludivv7m.o(.text)
    _ll_udiv                                 0x0800026d   Thumb Code   238  lludivv7m.o(.text)
    __aeabi_memclr4                          0x0800035b   Thumb Code     0  rt_memclr_w.o(.text)
    __aeabi_memclr8                          0x0800035b   Thumb Code     0  rt_memclr_w.o(.text)
    __rt_memclr_w                            0x0800035b   Thumb Code    78  rt_memclr_w.o(.text)
    _memset_w                                0x0800035f   Thumb Code     0  rt_memclr_w.o(.text)
    __use_two_region_memory                  0x080003a9   Thumb Code     2  heapauxi.o(.text)
    __rt_heap_escrow                         0x080003ab   Thumb Code     2  heapauxi.o(.text)
    __rt_heap_expand                         0x080003ad   Thumb Code     2  heapauxi.o(.text)
    __cpp_initialize__aeabi_                 0x080003b1   Thumb Code    26  init_aeabi.o(.text)
    __user_setup_stackheap                   0x080003d5   Thumb Code    74  sys_stackheap_outer.o(.text)
    exit                                     0x0800041f   Thumb Code    18  exit.o(.text)
    __user_libspace                          0x08000431   Thumb Code     8  libspace.o(.text)
    __user_perproc_libspace                  0x08000431   Thumb Code     0  libspace.o(.text)
    __user_perthread_libspace                0x08000431   Thumb Code     0  libspace.o(.text)
    _sys_exit                                0x08000439   Thumb Code     8  sys_exit.o(.text)
    __I$use$semihosting                      0x08000445   Thumb Code     0  use_no_semi.o(.text)
    __use_no_semihosting_swi                 0x08000445   Thumb Code     2  use_no_semi.o(.text)
    BusFault_Handler                         0x08000447   Thumb Code     2  stm32f4xx_it.o(i.BusFault_Handler)
    __semihosting_library_function           0x08000447   Thumb Code     0  indicate_semi.o(.text)
    DMA2_Stream2_IRQHandler                  0x08000449   Thumb Code     6  stm32f4xx_it.o(i.DMA2_Stream2_IRQHandler)
    DMA2_Stream7_IRQHandler                  0x08000455   Thumb Code     6  stm32f4xx_it.o(i.DMA2_Stream7_IRQHandler)
    DebugMon_Handler                         0x08000505   Thumb Code     2  stm32f4xx_it.o(i.DebugMon_Handler)
    Error_Handler                            0x08000507   Thumb Code     4  main.o(i.Error_Handler)
    HAL_DMA_Abort                            0x0800050b   Thumb Code   146  stm32f4xx_hal_dma.o(i.HAL_DMA_Abort)
    HAL_DMA_Abort_IT                         0x0800059d   Thumb Code    36  stm32f4xx_hal_dma.o(i.HAL_DMA_Abort_IT)
    HAL_DMA_IRQHandler                       0x080005c1   Thumb Code   412  stm32f4xx_hal_dma.o(i.HAL_DMA_IRQHandler)
    HAL_DMA_Init                             0x08000761   Thumb Code   206  stm32f4xx_hal_dma.o(i.HAL_DMA_Init)
    HAL_DMA_Start_IT                         0x08000835   Thumb Code   110  stm32f4xx_hal_dma.o(i.HAL_DMA_Start_IT)
    HAL_GPIO_Init                            0x080008a5   Thumb Code   450  stm32f4xx_hal_gpio.o(i.HAL_GPIO_Init)
    HAL_GetTick                              0x08000a95   Thumb Code     6  stm32f4xx_hal.o(i.HAL_GetTick)
    HAL_IncTick                              0x08000aa1   Thumb Code    12  stm32f4xx_hal.o(i.HAL_IncTick)
    HAL_Init                                 0x08000ab1   Thumb Code    48  stm32f4xx_hal.o(i.HAL_Init)
    HAL_InitTick                             0x08000ae5   Thumb Code    54  stm32f4xx_hal.o(i.HAL_InitTick)
    HAL_MspInit                              0x08000b25   Thumb Code    42  stm32f4xx_hal_msp.o(i.HAL_MspInit)
    HAL_NVIC_EnableIRQ                       0x08000b55   Thumb Code    26  stm32f4xx_hal_cortex.o(i.HAL_NVIC_EnableIRQ)
    HAL_NVIC_SetPriority                     0x08000b71   Thumb Code    60  stm32f4xx_hal_cortex.o(i.HAL_NVIC_SetPriority)
    HAL_NVIC_SetPriorityGrouping             0x08000bb1   Thumb Code    26  stm32f4xx_hal_cortex.o(i.HAL_NVIC_SetPriorityGrouping)
    HAL_RCC_ClockConfig                      0x08000bd5   Thumb Code   288  stm32f4xx_hal_rcc.o(i.HAL_RCC_ClockConfig)
    HAL_RCC_GetPCLK1Freq                     0x08000d09   Thumb Code    20  stm32f4xx_hal_rcc.o(i.HAL_RCC_GetPCLK1Freq)
    HAL_RCC_GetPCLK2Freq                     0x08000d29   Thumb Code    20  stm32f4xx_hal_rcc.o(i.HAL_RCC_GetPCLK2Freq)
    HAL_RCC_GetSysClockFreq                  0x08000d49   Thumb Code    88  stm32f4xx_hal_rcc.o(i.HAL_RCC_GetSysClockFreq)
    HAL_RCC_OscConfig                        0x08000dad   Thumb Code   856  stm32f4xx_hal_rcc.o(i.HAL_RCC_OscConfig)
    HAL_SYSTICK_Config                       0x08001119   Thumb Code    40  stm32f4xx_hal_cortex.o(i.HAL_SYSTICK_Config)
    HAL_TIMEx_BreakCallback                  0x08001141   Thumb Code     2  stm32f4xx_hal_tim_ex.o(i.HAL_TIMEx_BreakCallback)
    HAL_TIMEx_CommutCallback                 0x08001143   Thumb Code     2  stm32f4xx_hal_tim_ex.o(i.HAL_TIMEx_CommutCallback)
    HAL_TIMEx_MasterConfigSynchronization    0x08001145   Thumb Code   116  stm32f4xx_hal_tim_ex.o(i.HAL_TIMEx_MasterConfigSynchronization)
    HAL_TIM_Base_Init                        0x080011d5   Thumb Code    90  stm32f4xx_hal_tim.o(i.HAL_TIM_Base_Init)
    HAL_TIM_Base_MspInit                     0x08001231   Thumb Code   156  tim.o(i.HAL_TIM_Base_MspInit)
    HAL_TIM_Base_Start_IT                    0x080012e5   Thumb Code   100  stm32f4xx_hal_tim.o(i.HAL_TIM_Base_Start_IT)
    HAL_TIM_ConfigClockSource                0x08001365   Thumb Code   220  stm32f4xx_hal_tim.o(i.HAL_TIM_ConfigClockSource)
    HAL_TIM_Encoder_Init                     0x08001441   Thumb Code   164  stm32f4xx_hal_tim.o(i.HAL_TIM_Encoder_Init)
    HAL_TIM_Encoder_MspInit                  0x080014e5   Thumb Code   268  tim.o(i.HAL_TIM_Encoder_MspInit)
    HAL_TIM_Encoder_Start                    0x08001611   Thumb Code   142  stm32f4xx_hal_tim.o(i.HAL_TIM_Encoder_Start)
    HAL_TIM_IC_CaptureCallback               0x0800169f   Thumb Code     2  stm32f4xx_hal_tim.o(i.HAL_TIM_IC_CaptureCallback)
    HAL_TIM_IRQHandler                       0x080016a1   Thumb Code   304  stm32f4xx_hal_tim.o(i.HAL_TIM_IRQHandler)
    HAL_TIM_MspPostInit                      0x080017d1   Thumb Code   266  tim.o(i.HAL_TIM_MspPostInit)
    HAL_TIM_OC_ConfigChannel                 0x08001901   Thumb Code    82  stm32f4xx_hal_tim.o(i.HAL_TIM_OC_ConfigChannel)
    HAL_TIM_OC_DelayElapsedCallback          0x08001953   Thumb Code     2  stm32f4xx_hal_tim.o(i.HAL_TIM_OC_DelayElapsedCallback)
    HAL_TIM_OC_Init                          0x08001955   Thumb Code    90  stm32f4xx_hal_tim.o(i.HAL_TIM_OC_Init)
    HAL_TIM_OC_MspInit                       0x080019af   Thumb Code     2  stm32f4xx_hal_tim.o(i.HAL_TIM_OC_MspInit)
    HAL_TIM_PWM_ConfigChannel                0x080019b1   Thumb Code   204  stm32f4xx_hal_tim.o(i.HAL_TIM_PWM_ConfigChannel)
    HAL_TIM_PWM_Init                         0x08001a7d   Thumb Code    90  stm32f4xx_hal_tim.o(i.HAL_TIM_PWM_Init)
    HAL_TIM_PWM_MspInit                      0x08001ad7   Thumb Code     2  stm32f4xx_hal_tim.o(i.HAL_TIM_PWM_MspInit)
    HAL_TIM_PWM_PulseFinishedCallback        0x08001ad9   Thumb Code     2  stm32f4xx_hal_tim.o(i.HAL_TIM_PWM_PulseFinishedCallback)
    HAL_TIM_PWM_Start                        0x08001add   Thumb Code   172  stm32f4xx_hal_tim.o(i.HAL_TIM_PWM_Start)
    HAL_TIM_PeriodElapsedCallback            0x08001ba5   Thumb Code    28  drv_tim.o(i.HAL_TIM_PeriodElapsedCallback)
    HAL_TIM_TriggerCallback                  0x08001bcd   Thumb Code     2  stm32f4xx_hal_tim.o(i.HAL_TIM_TriggerCallback)
    HAL_UARTEx_ReceiveToIdle_DMA             0x08001bcf   Thumb Code    78  stm32f4xx_hal_uart.o(i.HAL_UARTEx_ReceiveToIdle_DMA)
    HAL_UARTEx_RxEventCallback               0x08001c1d   Thumb Code    58  drv_uart.o(i.HAL_UARTEx_RxEventCallback)
    HAL_UART_ErrorCallback                   0x08001c65   Thumb Code     2  stm32f4xx_hal_uart.o(i.HAL_UART_ErrorCallback)
    HAL_UART_IRQHandler                      0x08001c69   Thumb Code   618  stm32f4xx_hal_uart.o(i.HAL_UART_IRQHandler)
    HAL_UART_Init                            0x08001ed9   Thumb Code   100  stm32f4xx_hal_uart.o(i.HAL_UART_Init)
    HAL_UART_MspInit                         0x08001f3d   Thumb Code   210  usart.o(i.HAL_UART_MspInit)
    HAL_UART_RxCpltCallback                  0x08002025   Thumb Code     2  stm32f4xx_hal_uart.o(i.HAL_UART_RxCpltCallback)
    HAL_UART_RxHalfCpltCallback              0x08002027   Thumb Code     2  stm32f4xx_hal_uart.o(i.HAL_UART_RxHalfCpltCallback)
    HAL_UART_TxCpltCallback                  0x08002029   Thumb Code     2  stm32f4xx_hal_uart.o(i.HAL_UART_TxCpltCallback)
    HardFault_Handler                        0x0800202b   Thumb Code     2  stm32f4xx_it.o(i.HardFault_Handler)
    MX_DMA_Init                              0x0800202d   Thumb Code    56  dma.o(i.MX_DMA_Init)
    MX_GPIO_Init                             0x08002069   Thumb Code   102  gpio.o(i.MX_GPIO_Init)
    MX_TIM11_Init                            0x080020d5   Thumb Code    94  tim.o(i.MX_TIM11_Init)
    MX_TIM12_Init                            0x0800213d   Thumb Code   140  tim.o(i.MX_TIM12_Init)
    MX_TIM1_Init                             0x080021d1   Thumb Code   100  tim.o(i.MX_TIM1_Init)
    MX_TIM2_Init                             0x0800223d   Thumb Code   100  tim.o(i.MX_TIM2_Init)
    MX_TIM3_Init                             0x080022a5   Thumb Code   176  tim.o(i.MX_TIM3_Init)
    MX_TIM4_Init                             0x0800235d   Thumb Code    98  tim.o(i.MX_TIM4_Init)
    MX_TIM5_Init                             0x080023c9   Thumb Code   174  tim.o(i.MX_TIM5_Init)
    MX_TIM8_Init                             0x08002481   Thumb Code   100  tim.o(i.MX_TIM8_Init)
    MX_TIM9_Init                             0x080024ed   Thumb Code   138  tim.o(i.MX_TIM9_Init)
    MX_USART1_UART_Init                      0x08002581   Thumb Code    48  usart.o(i.MX_USART1_UART_Init)
    MemManage_Handler                        0x080025b9   Thumb Code     2  stm32f4xx_it.o(i.MemManage_Handler)
    NMI_Handler                              0x080025bb   Thumb Code     2  stm32f4xx_it.o(i.NMI_Handler)
    PWM_PeriodElapsedCallBack                0x080025bd   Thumb Code     2  drv_uart.o(i.PWM_PeriodElapsedCallBack)
    PendSV_Handler                           0x080025bf   Thumb Code     2  stm32f4xx_it.o(i.PendSV_Handler)
    SVC_Handler                              0x080025c1   Thumb Code     2  stm32f4xx_it.o(i.SVC_Handler)
    SysTick_Handler                          0x080025c3   Thumb Code     4  stm32f4xx_it.o(i.SysTick_Handler)
    SystemClock_Config                       0x080025c9   Thumb Code   140  main.o(i.SystemClock_Config)
    SystemInit                               0x0800265d   Thumb Code    12  system_stm32f4xx.o(i.SystemInit)
    TIM3_IRQHandler                          0x0800266d   Thumb Code     6  stm32f4xx_it.o(i.TIM3_IRQHandler)
    TIM5_IRQHandler                          0x08002679   Thumb Code     6  stm32f4xx_it.o(i.TIM5_IRQHandler)
    TIM_Base_SetConfig                       0x08002685   Thumb Code   170  stm32f4xx_hal_tim.o(i.TIM_Base_SetConfig)
    TIM_CCxChannelCmd                        0x0800275d   Thumb Code    26  stm32f4xx_hal_tim.o(i.TIM_CCxChannelCmd)
    TIM_ETR_SetConfig                        0x08002777   Thumb Code    20  stm32f4xx_hal_tim.o(i.TIM_ETR_SetConfig)
    TIM_Init                                 0x0800279d   Thumb Code    28  drv_tim.o(i.TIM_Init)
    TIM_OC2_SetConfig                        0x08002825   Thumb Code    98  stm32f4xx_hal_tim.o(i.TIM_OC2_SetConfig)
    Task_Init                                0x08002991   Thumb Code   156  tsk_config_and_callback.o(i.Task_Init)
    UART_Init                                0x08002bc9   Thumb Code    44  drv_uart.o(i.UART_Init)
    UART_Start_Receive_DMA                   0x08002dd1   Thumb Code   130  stm32f4xx_hal_uart.o(i.UART_Start_Receive_DMA)
    USART1_IRQHandler                        0x08002e61   Thumb Code     6  stm32f4xx_it.o(i.USART1_IRQHandler)
    UsageFault_Handler                       0x08002e6d   Thumb Code     2  stm32f4xx_it.o(i.UsageFault_Handler)
    Radar_UART6_Callback(unsigned char*, unsigned short) 0x08002e71   Thumb Code    10  tsk_config_and_callback.o(i._Z20Radar_UART6_CallbackPht)
    Task250ms_TIM5_Callback()                0x08002e81   Thumb Code    28  tsk_config_and_callback.o(i._Z23Task250ms_TIM5_Callbackv)
    Task500ms_TIM3_Callback()                0x08002ea1   Thumb Code    40  tsk_config_and_callback.o(i._Z23Task500ms_TIM3_Callbackv)
    Class_GMR_Motor::Data_Process()          0x08002ed1   Thumb Code    56  dvc_gmrmotor.o(i._ZN15Class_GMR_Motor12Data_ProcessEv)
    Class_GMR_Motor::Class_GMR_Motor()       0x08002f11   Thumb Code     8  tsk_config_and_callback.o(i._ZN15Class_GMR_MotorC1Ev)
    Class_GMR_Motor::Class_GMR_Motor__sub_object() 0x08002f11   Thumb Code     0  tsk_config_and_callback.o(i._ZN15Class_GMR_MotorC1Ev)
    Class_Mecanum_Chassis::UART_RxCpltCallback(unsigned char*, unsigned short) 0x08002f19   Thumb Code    32  crt_chassis.o(i._ZN21Class_Mecanum_Chassis19UART_RxCpltCallbackEPht)
    Class_Mecanum_Chassis::TIM_Calculate_PeriodElapsedCallback() 0x08002f39   Thumb Code     2  crt_chassis.o(i._ZN21Class_Mecanum_Chassis35TIM_Calculate_PeriodElapsedCallbackEv)
    __aeabi_vec_ctor_nocookie_nodtor         0x08002f5b   Thumb Code    36  aeabi_vec_ctor_nocookie_nodtor.o(i.__aeabi_vec_ctor_nocookie_nodtor)
    main                                     0x08002fb9   Thumb Code    62  main.o(i.main)
    _fp_init                                 0x08002ff7   Thumb Code    10  fpinit.o(x$fpl$fpinit)
    __fplib_config_fpu_vfp                   0x08002fff   Thumb Code     0  fpinit.o(x$fpl$fpinit)
    __fplib_config_pureend_doubles           0x08002fff   Thumb Code     0  fpinit.o(x$fpl$fpinit)
    AHBPrescTable                            0x08003008   Data          16  system_stm32f4xx.o(.constdata)
    APBPrescTable                            0x08003018   Data           8  system_stm32f4xx.o(.constdata)
    Region$$Table$$Base                      0x08003020   Number         0  anon$$obj.o(Region$$Table)
    Region$$Table$$Limit                     0x08003040   Number         0  anon$$obj.o(Region$$Table)
    SHT$$INIT_ARRAY$$Base                    0x08003040   Number         0  tsk_config_and_callback.o(.init_array)
    SHT$$INIT_ARRAY$$Limit                   0x08003044   Number         0  init_aeabi.o(.init_array)
    uwTickFreq                               0x20000000   Data           1  stm32f4xx_hal.o(.data)
    uwTickPrio                               0x20000004   Data           4  stm32f4xx_hal.o(.data)
    uwTick                                   0x20000008   Data           4  stm32f4xx_hal.o(.data)
    SystemCoreClock                          0x2000000c   Data           4  system_stm32f4xx.o(.data)
    TIM3_Manage_Object                       0x20000010   Data           8  drv_tim.o(.data)
    TIM5_Manage_Object                       0x20000018   Data           8  drv_tim.o(.data)
    encoder_type                             0x20000020   Data           4  dvc_gmrmotor.o(.data)
    pwm_flag                                 0x20000024   Data           1  tsk_config_and_callback.o(.data)
    pwm_slow_down                            0x20000028   Data           4  tsk_config_and_callback.o(.data)
    htim1                                    0x2000002c   Data          72  tim.o(.bss)
    htim2                                    0x20000074   Data          72  tim.o(.bss)
    htim3                                    0x200000bc   Data          72  tim.o(.bss)
    htim4                                    0x20000104   Data          72  tim.o(.bss)
    htim5                                    0x2000014c   Data          72  tim.o(.bss)
    htim8                                    0x20000194   Data          72  tim.o(.bss)
    htim9                                    0x200001dc   Data          72  tim.o(.bss)
    htim11                                   0x20000224   Data          72  tim.o(.bss)
    htim12                                   0x2000026c   Data          72  tim.o(.bss)
    huart1                                   0x200002b4   Data          72  usart.o(.bss)
    hdma_usart1_rx                           0x200002fc   Data          96  usart.o(.bss)
    hdma_usart1_tx                           0x2000035c   Data          96  usart.o(.bss)
    UART1_Manage_Object                      0x200003bc   Data         272  drv_uart.o(.bss)
    chassis                                  0x200004cc   Data         120  tsk_config_and_callback.o(.bss)
    __libspace_start                         0x20000544   Data          96  libspace.o(.bss)
    __temporary_stack_top$libspace           0x200005a4   Data           0  libspace.o(.bss)



==============================================================================

Memory Map of the image

  Image Entry point : 0x08000189

  Load Region LR_IROM1 (Base: 0x08000000, Size: 0x00003070, Max: 0x00080000, ABSOLUTE)

    Execution Region ER_IROM1 (Exec base: 0x08000000, Load base: 0x08000000, Size: 0x00003044, Max: 0x00080000, ABSOLUTE)

    Exec Addr    Load Addr    Size         Type   Attr      Idx    E Section Name        Object

    0x08000000   0x08000000   0x00000188   Data   RO            3    RESET               startup_stm32f407xx.o
    0x08000188   0x08000188   0x00000008   Code   RO         3498  * !!!main             c_w.l(__main.o)
    0x08000190   0x08000190   0x00000034   Code   RO         3805    !!!scatter          c_w.l(__scatter.o)
    0x080001c4   0x080001c4   0x0000001a   Code   RO         3807    !!handler_copy      c_w.l(__scatter_copy.o)
    0x080001de   0x080001de   0x00000002   PAD
    0x080001e0   0x080001e0   0x0000001c   Code   RO         3809    !!handler_zi        c_w.l(__scatter_zi.o)
    0x080001fc   0x080001fc   0x00000002   Code   RO         3603    .ARM.Collect$$libinit$$00000000  c_w.l(libinit.o)
    0x080001fe   0x080001fe   0x00000004   Code   RO         3514    .ARM.Collect$$libinit$$00000001  c_w.l(libinit2.o)
    0x08000202   0x08000202   0x00000000   Code   RO         3517    .ARM.Collect$$libinit$$00000004  c_w.l(libinit2.o)
    0x08000202   0x08000202   0x00000000   Code   RO         3520    .ARM.Collect$$libinit$$0000000A  c_w.l(libinit2.o)
    0x08000202   0x08000202   0x00000000   Code   RO         3522    .ARM.Collect$$libinit$$0000000C  c_w.l(libinit2.o)
    0x08000202   0x08000202   0x00000000   Code   RO         3524    .ARM.Collect$$libinit$$0000000E  c_w.l(libinit2.o)
    0x08000202   0x08000202   0x00000000   Code   RO         3527    .ARM.Collect$$libinit$$00000011  c_w.l(libinit2.o)
    0x08000202   0x08000202   0x00000000   Code   RO         3529    .ARM.Collect$$libinit$$00000013  c_w.l(libinit2.o)
    0x08000202   0x08000202   0x00000000   Code   RO         3531    .ARM.Collect$$libinit$$00000015  c_w.l(libinit2.o)
    0x08000202   0x08000202   0x00000000   Code   RO         3533    .ARM.Collect$$libinit$$00000017  c_w.l(libinit2.o)
    0x08000202   0x08000202   0x00000000   Code   RO         3535    .ARM.Collect$$libinit$$00000019  c_w.l(libinit2.o)
    0x08000202   0x08000202   0x00000000   Code   RO         3537    .ARM.Collect$$libinit$$0000001B  c_w.l(libinit2.o)
    0x08000202   0x08000202   0x00000000   Code   RO         3539    .ARM.Collect$$libinit$$0000001D  c_w.l(libinit2.o)
    0x08000202   0x08000202   0x00000000   Code   RO         3541    .ARM.Collect$$libinit$$0000001F  c_w.l(libinit2.o)
    0x08000202   0x08000202   0x00000000   Code   RO         3543    .ARM.Collect$$libinit$$00000021  c_w.l(libinit2.o)
    0x08000202   0x08000202   0x00000000   Code   RO         3545    .ARM.Collect$$libinit$$00000023  c_w.l(libinit2.o)
    0x08000202   0x08000202   0x00000000   Code   RO         3547    .ARM.Collect$$libinit$$00000025  c_w.l(libinit2.o)
    0x08000202   0x08000202   0x00000000   Code   RO         3551    .ARM.Collect$$libinit$$0000002C  c_w.l(libinit2.o)
    0x08000202   0x08000202   0x00000000   Code   RO         3553    .ARM.Collect$$libinit$$0000002E  c_w.l(libinit2.o)
    0x08000202   0x08000202   0x00000000   Code   RO         3555    .ARM.Collect$$libinit$$00000030  c_w.l(libinit2.o)
    0x08000202   0x08000202   0x00000004   Code   RO         3556    .ARM.Collect$$libinit$$00000031  c_w.l(libinit2.o)
    0x08000206   0x08000206   0x00000000   Code   RO         3557    .ARM.Collect$$libinit$$00000032  c_w.l(libinit2.o)
    0x08000206   0x08000206   0x00000002   Code   RO         3558    .ARM.Collect$$libinit$$00000033  c_w.l(libinit2.o)
    0x08000208   0x08000208   0x00000002   Code   RO         3766    .ARM.Collect$$libshutdown$$00000000  c_w.l(libshutdown.o)
    0x0800020a   0x0800020a   0x00000000   Code   RO         3782    .ARM.Collect$$libshutdown$$00000002  c_w.l(libshutdown2.o)
    0x0800020a   0x0800020a   0x00000000   Code   RO         3784    .ARM.Collect$$libshutdown$$00000004  c_w.l(libshutdown2.o)
    0x0800020a   0x0800020a   0x00000000   Code   RO         3786    .ARM.Collect$$libshutdown$$00000006  c_w.l(libshutdown2.o)
    0x0800020a   0x0800020a   0x00000000   Code   RO         3789    .ARM.Collect$$libshutdown$$00000009  c_w.l(libshutdown2.o)
    0x0800020a   0x0800020a   0x00000000   Code   RO         3792    .ARM.Collect$$libshutdown$$0000000C  c_w.l(libshutdown2.o)
    0x0800020a   0x0800020a   0x00000000   Code   RO         3794    .ARM.Collect$$libshutdown$$0000000E  c_w.l(libshutdown2.o)
    0x0800020a   0x0800020a   0x00000000   Code   RO         3797    .ARM.Collect$$libshutdown$$00000011  c_w.l(libshutdown2.o)
    0x0800020a   0x0800020a   0x00000002   Code   RO         3798    .ARM.Collect$$libshutdown$$00000012  c_w.l(libshutdown2.o)
    0x0800020c   0x0800020c   0x00000000   Code   RO         3509    .ARM.Collect$$rtentry$$00000000  c_w.l(__rtentry.o)
    0x0800020c   0x0800020c   0x00000000   Code   RO         3563    .ARM.Collect$$rtentry$$00000002  c_w.l(__rtentry2.o)
    0x0800020c   0x0800020c   0x00000006   Code   RO         3575    .ARM.Collect$$rtentry$$00000004  c_w.l(__rtentry4.o)
    0x08000212   0x08000212   0x00000000   Code   RO         3565    .ARM.Collect$$rtentry$$00000009  c_w.l(__rtentry2.o)
    0x08000212   0x08000212   0x00000004   Code   RO         3566    .ARM.Collect$$rtentry$$0000000A  c_w.l(__rtentry2.o)
    0x08000216   0x08000216   0x00000000   Code   RO         3568    .ARM.Collect$$rtentry$$0000000C  c_w.l(__rtentry2.o)
    0x08000216   0x08000216   0x00000008   Code   RO         3569    .ARM.Collect$$rtentry$$0000000D  c_w.l(__rtentry2.o)
    0x0800021e   0x0800021e   0x00000002   Code   RO         3616    .ARM.Collect$$rtexit$$00000000  c_w.l(rtexit.o)
    0x08000220   0x08000220   0x00000000   Code   RO         3706    .ARM.Collect$$rtexit$$00000002  c_w.l(rtexit2.o)
    0x08000220   0x08000220   0x00000004   Code   RO         3707    .ARM.Collect$$rtexit$$00000003  c_w.l(rtexit2.o)
    0x08000224   0x08000224   0x00000006   Code   RO         3708    .ARM.Collect$$rtexit$$00000004  c_w.l(rtexit2.o)
    0x0800022a   0x0800022a   0x00000002   PAD
    0x0800022c   0x0800022c   0x00000040   Code   RO            4    .text               startup_stm32f407xx.o
    0x0800026c   0x0800026c   0x000000ee   Code   RO         3492    .text               c_w.l(lludivv7m.o)
    0x0800035a   0x0800035a   0x0000004e   Code   RO         3494    .text               c_w.l(rt_memclr_w.o)
    0x080003a8   0x080003a8   0x00000006   Code   RO         3496    .text               c_w.l(heapauxi.o)
    0x080003ae   0x080003ae   0x00000002   PAD
    0x080003b0   0x080003b0   0x00000024   Code   RO         3503    .text               c_w.l(init_aeabi.o)
    0x080003d4   0x080003d4   0x0000004a   Code   RO         3586    .text               c_w.l(sys_stackheap_outer.o)
    0x0800041e   0x0800041e   0x00000012   Code   RO         3588    .text               c_w.l(exit.o)
    0x08000430   0x08000430   0x00000008   Code   RO         3613    .text               c_w.l(libspace.o)
    0x08000438   0x08000438   0x0000000c   Code   RO         3698    .text               c_w.l(sys_exit.o)
    0x08000444   0x08000444   0x00000002   Code   RO         3700    .text               c_w.l(use_no_semi.o)
    0x08000446   0x08000446   0x00000000   Code   RO         3704    .text               c_w.l(indicate_semi.o)
    0x08000446   0x08000446   0x00000002   Code   RO          361    i.BusFault_Handler  stm32f4xx_it.o
    0x08000448   0x08000448   0x0000000c   Code   RO          362    i.DMA2_Stream2_IRQHandler  stm32f4xx_it.o
    0x08000454   0x08000454   0x0000000c   Code   RO          363    i.DMA2_Stream7_IRQHandler  stm32f4xx_it.o
    0x08000460   0x08000460   0x00000028   Code   RO         1923    i.DMA_CalcBaseAndBitshift  stm32f4xx_hal_dma.o
    0x08000488   0x08000488   0x00000054   Code   RO         1924    i.DMA_CheckFifoParam  stm32f4xx_hal_dma.o
    0x080004dc   0x080004dc   0x00000028   Code   RO         1925    i.DMA_SetConfig     stm32f4xx_hal_dma.o
    0x08000504   0x08000504   0x00000002   Code   RO          364    i.DebugMon_Handler  stm32f4xx_it.o
    0x08000506   0x08000506   0x00000004   Code   RO           13    i.Error_Handler     main.o
    0x0800050a   0x0800050a   0x00000092   Code   RO         1926    i.HAL_DMA_Abort     stm32f4xx_hal_dma.o
    0x0800059c   0x0800059c   0x00000024   Code   RO         1927    i.HAL_DMA_Abort_IT  stm32f4xx_hal_dma.o
    0x080005c0   0x080005c0   0x000001a0   Code   RO         1931    i.HAL_DMA_IRQHandler  stm32f4xx_hal_dma.o
    0x08000760   0x08000760   0x000000d4   Code   RO         1932    i.HAL_DMA_Init      stm32f4xx_hal_dma.o
    0x08000834   0x08000834   0x0000006e   Code   RO         1936    i.HAL_DMA_Start_IT  stm32f4xx_hal_dma.o
    0x080008a2   0x080008a2   0x00000002   PAD
    0x080008a4   0x080008a4   0x000001f0   Code   RO         1819    i.HAL_GPIO_Init     stm32f4xx_hal_gpio.o
    0x08000a94   0x08000a94   0x0000000c   Code   RO         2369    i.HAL_GetTick       stm32f4xx_hal.o
    0x08000aa0   0x08000aa0   0x00000010   Code   RO         2375    i.HAL_IncTick       stm32f4xx_hal.o
    0x08000ab0   0x08000ab0   0x00000034   Code   RO         2376    i.HAL_Init          stm32f4xx_hal.o
    0x08000ae4   0x08000ae4   0x00000040   Code   RO         2377    i.HAL_InitTick      stm32f4xx_hal.o
    0x08000b24   0x08000b24   0x00000030   Code   RO          467    i.HAL_MspInit       stm32f4xx_hal_msp.o
    0x08000b54   0x08000b54   0x0000001a   Code   RO         2211    i.HAL_NVIC_EnableIRQ  stm32f4xx_hal_cortex.o
    0x08000b6e   0x08000b6e   0x00000002   PAD
    0x08000b70   0x08000b70   0x00000040   Code   RO         2217    i.HAL_NVIC_SetPriority  stm32f4xx_hal_cortex.o
    0x08000bb0   0x08000bb0   0x00000024   Code   RO         2218    i.HAL_NVIC_SetPriorityGrouping  stm32f4xx_hal_cortex.o
    0x08000bd4   0x08000bd4   0x00000134   Code   RO         1465    i.HAL_RCC_ClockConfig  stm32f4xx_hal_rcc.o
    0x08000d08   0x08000d08   0x00000020   Code   RO         1472    i.HAL_RCC_GetPCLK1Freq  stm32f4xx_hal_rcc.o
    0x08000d28   0x08000d28   0x00000020   Code   RO         1473    i.HAL_RCC_GetPCLK2Freq  stm32f4xx_hal_rcc.o
    0x08000d48   0x08000d48   0x00000064   Code   RO         1474    i.HAL_RCC_GetSysClockFreq  stm32f4xx_hal_rcc.o
    0x08000dac   0x08000dac   0x0000036c   Code   RO         1477    i.HAL_RCC_OscConfig  stm32f4xx_hal_rcc.o
    0x08001118   0x08001118   0x00000028   Code   RO         2222    i.HAL_SYSTICK_Config  stm32f4xx_hal_cortex.o
    0x08001140   0x08001140   0x00000002   Code   RO         1197    i.HAL_TIMEx_BreakCallback  stm32f4xx_hal_tim_ex.o
    0x08001142   0x08001142   0x00000002   Code   RO         1198    i.HAL_TIMEx_CommutCallback  stm32f4xx_hal_tim_ex.o
    0x08001144   0x08001144   0x00000090   Code   RO         1216    i.HAL_TIMEx_MasterConfigSynchronization  stm32f4xx_hal_tim_ex.o
    0x080011d4   0x080011d4   0x0000005a   Code   RO          493    i.HAL_TIM_Base_Init  stm32f4xx_hal_tim.o
    0x0800122e   0x0800122e   0x00000002   PAD
    0x08001230   0x08001230   0x000000b4   Code   RO          212    i.HAL_TIM_Base_MspInit  tim.o
    0x080012e4   0x080012e4   0x00000080   Code   RO          498    i.HAL_TIM_Base_Start_IT  stm32f4xx_hal_tim.o
    0x08001364   0x08001364   0x000000dc   Code   RO          502    i.HAL_TIM_ConfigClockSource  stm32f4xx_hal_tim.o
    0x08001440   0x08001440   0x000000a4   Code   RO          514    i.HAL_TIM_Encoder_Init  stm32f4xx_hal_tim.o
    0x080014e4   0x080014e4   0x0000012c   Code   RO          214    i.HAL_TIM_Encoder_MspInit  tim.o
    0x08001610   0x08001610   0x0000008e   Code   RO          517    i.HAL_TIM_Encoder_Start  stm32f4xx_hal_tim.o
    0x0800169e   0x0800169e   0x00000002   Code   RO          527    i.HAL_TIM_IC_CaptureCallback  stm32f4xx_hal_tim.o
    0x080016a0   0x080016a0   0x00000130   Code   RO          541    i.HAL_TIM_IRQHandler  stm32f4xx_hal_tim.o
    0x080017d0   0x080017d0   0x00000130   Code   RO          215    i.HAL_TIM_MspPostInit  tim.o
    0x08001900   0x08001900   0x00000052   Code   RO          542    i.HAL_TIM_OC_ConfigChannel  stm32f4xx_hal_tim.o
    0x08001952   0x08001952   0x00000002   Code   RO          544    i.HAL_TIM_OC_DelayElapsedCallback  stm32f4xx_hal_tim.o
    0x08001954   0x08001954   0x0000005a   Code   RO          546    i.HAL_TIM_OC_Init   stm32f4xx_hal_tim.o
    0x080019ae   0x080019ae   0x00000002   Code   RO          548    i.HAL_TIM_OC_MspInit  stm32f4xx_hal_tim.o
    0x080019b0   0x080019b0   0x000000cc   Code   RO          565    i.HAL_TIM_PWM_ConfigChannel  stm32f4xx_hal_tim.o
    0x08001a7c   0x08001a7c   0x0000005a   Code   RO          568    i.HAL_TIM_PWM_Init  stm32f4xx_hal_tim.o
    0x08001ad6   0x08001ad6   0x00000002   Code   RO          570    i.HAL_TIM_PWM_MspInit  stm32f4xx_hal_tim.o
    0x08001ad8   0x08001ad8   0x00000002   Code   RO          571    i.HAL_TIM_PWM_PulseFinishedCallback  stm32f4xx_hal_tim.o
    0x08001ada   0x08001ada   0x00000002   PAD
    0x08001adc   0x08001adc   0x000000c8   Code   RO          573    i.HAL_TIM_PWM_Start  stm32f4xx_hal_tim.o
    0x08001ba4   0x08001ba4   0x00000028   Code   RO         3015    i.HAL_TIM_PeriodElapsedCallback  drv_tim.o
    0x08001bcc   0x08001bcc   0x00000002   Code   RO          584    i.HAL_TIM_TriggerCallback  stm32f4xx_hal_tim.o
    0x08001bce   0x08001bce   0x0000004e   Code   RO         2624    i.HAL_UARTEx_ReceiveToIdle_DMA  stm32f4xx_hal_uart.o
    0x08001c1c   0x08001c1c   0x00000048   Code   RO         3148    i.HAL_UARTEx_RxEventCallback  drv_uart.o
    0x08001c64   0x08001c64   0x00000002   Code   RO         2640    i.HAL_UART_ErrorCallback  stm32f4xx_hal_uart.o
    0x08001c66   0x08001c66   0x00000002   PAD
    0x08001c68   0x08001c68   0x00000270   Code   RO         2643    i.HAL_UART_IRQHandler  stm32f4xx_hal_uart.o
    0x08001ed8   0x08001ed8   0x00000064   Code   RO         2644    i.HAL_UART_Init     stm32f4xx_hal_uart.o
    0x08001f3c   0x08001f3c   0x000000e8   Code   RO          320    i.HAL_UART_MspInit  usart.o
    0x08002024   0x08002024   0x00000002   Code   RO         2650    i.HAL_UART_RxCpltCallback  stm32f4xx_hal_uart.o
    0x08002026   0x08002026   0x00000002   Code   RO         2651    i.HAL_UART_RxHalfCpltCallback  stm32f4xx_hal_uart.o
    0x08002028   0x08002028   0x00000002   Code   RO         2655    i.HAL_UART_TxCpltCallback  stm32f4xx_hal_uart.o
    0x0800202a   0x0800202a   0x00000002   Code   RO          365    i.HardFault_Handler  stm32f4xx_it.o
    0x0800202c   0x0800202c   0x0000003c   Code   RO          187    i.MX_DMA_Init       dma.o
    0x08002068   0x08002068   0x0000006c   Code   RO          163    i.MX_GPIO_Init      gpio.o
    0x080020d4   0x080020d4   0x00000068   Code   RO          216    i.MX_TIM11_Init     tim.o
    0x0800213c   0x0800213c   0x00000094   Code   RO          217    i.MX_TIM12_Init     tim.o
    0x080021d0   0x080021d0   0x0000006c   Code   RO          218    i.MX_TIM1_Init      tim.o
    0x0800223c   0x0800223c   0x00000068   Code   RO          219    i.MX_TIM2_Init      tim.o
    0x080022a4   0x080022a4   0x000000b8   Code   RO          220    i.MX_TIM3_Init      tim.o
    0x0800235c   0x0800235c   0x0000006c   Code   RO          221    i.MX_TIM4_Init      tim.o
    0x080023c8   0x080023c8   0x000000b8   Code   RO          222    i.MX_TIM5_Init      tim.o
    0x08002480   0x08002480   0x0000006c   Code   RO          223    i.MX_TIM8_Init      tim.o
    0x080024ec   0x080024ec   0x00000094   Code   RO          224    i.MX_TIM9_Init      tim.o
    0x08002580   0x08002580   0x00000038   Code   RO          321    i.MX_USART1_UART_Init  usart.o
    0x080025b8   0x080025b8   0x00000002   Code   RO          366    i.MemManage_Handler  stm32f4xx_it.o
    0x080025ba   0x080025ba   0x00000002   Code   RO          367    i.NMI_Handler       stm32f4xx_it.o
    0x080025bc   0x080025bc   0x00000002   Code   RO         3149    i.PWM_PeriodElapsedCallBack  drv_uart.o
    0x080025be   0x080025be   0x00000002   Code   RO          368    i.PendSV_Handler    stm32f4xx_it.o
    0x080025c0   0x080025c0   0x00000002   Code   RO          369    i.SVC_Handler       stm32f4xx_it.o
    0x080025c2   0x080025c2   0x00000004   Code   RO          370    i.SysTick_Handler   stm32f4xx_it.o
    0x080025c6   0x080025c6   0x00000002   PAD
    0x080025c8   0x080025c8   0x00000094   Code   RO           14    i.SystemClock_Config  main.o
    0x0800265c   0x0800265c   0x00000010   Code   RO         2978    i.SystemInit        system_stm32f4xx.o
    0x0800266c   0x0800266c   0x0000000c   Code   RO          371    i.TIM3_IRQHandler   stm32f4xx_it.o
    0x08002678   0x08002678   0x0000000c   Code   RO          372    i.TIM5_IRQHandler   stm32f4xx_it.o
    0x08002684   0x08002684   0x000000d8   Code   RO          586    i.TIM_Base_SetConfig  stm32f4xx_hal_tim.o
    0x0800275c   0x0800275c   0x0000001a   Code   RO          587    i.TIM_CCxChannelCmd  stm32f4xx_hal_tim.o
    0x08002776   0x08002776   0x00000014   Code   RO          597    i.TIM_ETR_SetConfig  stm32f4xx_hal_tim.o
    0x0800278a   0x0800278a   0x00000010   Code   RO          598    i.TIM_ITRx_SetConfig  stm32f4xx_hal_tim.o
    0x0800279a   0x0800279a   0x00000002   PAD
    0x0800279c   0x0800279c   0x00000028   Code   RO         3016    i.TIM_Init          drv_tim.o
    0x080027c4   0x080027c4   0x00000060   Code   RO          599    i.TIM_OC1_SetConfig  stm32f4xx_hal_tim.o
    0x08002824   0x08002824   0x0000006c   Code   RO          600    i.TIM_OC2_SetConfig  stm32f4xx_hal_tim.o
    0x08002890   0x08002890   0x00000068   Code   RO          601    i.TIM_OC3_SetConfig  stm32f4xx_hal_tim.o
    0x080028f8   0x080028f8   0x00000050   Code   RO          602    i.TIM_OC4_SetConfig  stm32f4xx_hal_tim.o
    0x08002948   0x08002948   0x00000022   Code   RO          604    i.TIM_TI1_ConfigInputStage  stm32f4xx_hal_tim.o
    0x0800296a   0x0800296a   0x00000024   Code   RO          606    i.TIM_TI2_ConfigInputStage  stm32f4xx_hal_tim.o
    0x0800298e   0x0800298e   0x00000002   PAD
    0x08002990   0x08002990   0x000000d0   Code   RO         3348    i.Task_Init         tsk_config_and_callback.o
    0x08002a60   0x08002a60   0x00000010   Code   RO         2657    i.UART_DMAAbortOnError  stm32f4xx_hal_uart.o
    0x08002a70   0x08002a70   0x0000004a   Code   RO         2658    i.UART_DMAError     stm32f4xx_hal_uart.o
    0x08002aba   0x08002aba   0x00000086   Code   RO         2659    i.UART_DMAReceiveCplt  stm32f4xx_hal_uart.o
    0x08002b40   0x08002b40   0x0000001e   Code   RO         2661    i.UART_DMARxHalfCplt  stm32f4xx_hal_uart.o
    0x08002b5e   0x08002b5e   0x0000004e   Code   RO         2667    i.UART_EndRxTransfer  stm32f4xx_hal_uart.o
    0x08002bac   0x08002bac   0x0000001c   Code   RO         2668    i.UART_EndTxTransfer  stm32f4xx_hal_uart.o
    0x08002bc8   0x08002bc8   0x00000038   Code   RO         3150    i.UART_Init         drv_uart.o
    0x08002c00   0x08002c00   0x000000c2   Code   RO         2669    i.UART_Receive_IT   stm32f4xx_hal_uart.o
    0x08002cc2   0x08002cc2   0x00000002   PAD
    0x08002cc4   0x08002cc4   0x0000010c   Code   RO         2670    i.UART_SetConfig    stm32f4xx_hal_uart.o
    0x08002dd0   0x08002dd0   0x00000090   Code   RO         2671    i.UART_Start_Receive_DMA  stm32f4xx_hal_uart.o
    0x08002e60   0x08002e60   0x0000000c   Code   RO          373    i.USART1_IRQHandler  stm32f4xx_it.o
    0x08002e6c   0x08002e6c   0x00000002   Code   RO          374    i.UsageFault_Handler  stm32f4xx_it.o
    0x08002e6e   0x08002e6e   0x00000002   PAD
    0x08002e70   0x08002e70   0x00000010   Code   RO         3349    i._Z20Radar_UART6_CallbackPht  tsk_config_and_callback.o
    0x08002e80   0x08002e80   0x00000020   Code   RO         3350    i._Z23Task250ms_TIM5_Callbackv  tsk_config_and_callback.o
    0x08002ea0   0x08002ea0   0x00000030   Code   RO         3351    i._Z23Task500ms_TIM3_Callbackv  tsk_config_and_callback.o
    0x08002ed0   0x08002ed0   0x00000040   Code   RO         3204    i._ZN15Class_GMR_Motor12Data_ProcessEv  dvc_gmrmotor.o
    0x08002f10   0x08002f10   0x00000008   Code   RO         3398    i._ZN15Class_GMR_MotorC1Ev  tsk_config_and_callback.o
    0x08002f18   0x08002f18   0x00000020   Code   RO         3302    i._ZN21Class_Mecanum_Chassis19UART_RxCpltCallbackEPht  crt_chassis.o
    0x08002f38   0x08002f38   0x00000002   Code   RO         3303    i._ZN21Class_Mecanum_Chassis35TIM_Calculate_PeriodElapsedCallbackEv  crt_chassis.o
    0x08002f3a   0x08002f3a   0x00000020   Code   RO         2224    i.__NVIC_SetPriority  stm32f4xx_hal_cortex.o
    0x08002f5a   0x08002f5a   0x00000024   Code   RO         3506    i.__aeabi_vec_ctor_nocookie_nodtor  cpprt_w.l(aeabi_vec_ctor_nocookie_nodtor.o)
    0x08002f7e   0x08002f7e   0x00000002   PAD
    0x08002f80   0x08002f80   0x00000038   Code   RO         3352    i.__sti___27_tsk_config_and_callback_cpp_pwm_flag  tsk_config_and_callback.o
    0x08002fb8   0x08002fb8   0x0000003e   Code   RO           15    i.main              main.o
    0x08002ff6   0x08002ff6   0x0000000a   Code   RO         3584    x$fpl$fpinit        fz_wm.l(fpinit.o)
    0x08003000   0x08003000   0x00000008   Data   RO         1938    .constdata          stm32f4xx_hal_dma.o
    0x08003008   0x08003008   0x00000010   Data   RO         2979    .constdata          system_stm32f4xx.o
    0x08003018   0x08003018   0x00000008   Data   RO         2980    .constdata          system_stm32f4xx.o
    0x08003020   0x08003020   0x00000020   Data   RO         3803    Region$$Table       anon$$obj.o
    0x08003040   0x08003040   0x00000004   Data   RO         3362    .init_array         tsk_config_and_callback.o
    0x08003044   0x08003040   0x00000000   Data   RO         3501    .init_array         c_w.l(init_aeabi.o)


    Execution Region RW_IRAM1 (Exec base: 0x20000000, Load base: 0x08003044, Size: 0x00000ba8, Max: 0x0001c000, ABSOLUTE)

    Exec Addr    Load Addr    Size         Type   Attr      Idx    E Section Name        Object

    0x20000000   0x08003044   0x0000000c   Data   RW         2383    .data               stm32f4xx_hal.o
    0x2000000c   0x08003050   0x00000004   Data   RW         2981    .data               system_stm32f4xx.o
    0x20000010   0x08003054   0x00000010   Data   RW         3019    .data               drv_tim.o
    0x20000020   0x08003064   0x00000004   Data   RW         3206    .data               dvc_gmrmotor.o
    0x20000024   0x08003068   0x00000008   Data   RW         3359    .data               tsk_config_and_callback.o
    0x2000002c        -       0x00000288   Zero   RW          225    .bss                tim.o
    0x200002b4        -       0x00000108   Zero   RW          322    .bss                usart.o
    0x200003bc        -       0x00000110   Zero   RW         3154    .bss                drv_uart.o
    0x200004cc        -       0x00000078   Zero   RW         3358    .bss                tsk_config_and_callback.o
    0x20000544        -       0x00000060   Zero   RW         3614    .bss                c_w.l(libspace.o)
    0x200005a4   0x08003070   0x00000004   PAD
    0x200005a8        -       0x00000200   Zero   RW            2    HEAP                startup_stm32f407xx.o
    0x200007a8        -       0x00000400   Zero   RW            1    STACK               startup_stm32f407xx.o


    Execution Region RW_IRAM2 (Exec base: 0x2001c000, Load base: 0x08003070, Size: 0x00000000, Max: 0x00004000, ABSOLUTE)

    **** No section assigned to this execution region ****


==============================================================================

Image component sizes


      Code (inc. data)   RO Data    RW Data    ZI Data      Debug   Object Name

        34          0          0          0          0       4262   crt_chassis.o
        60          4          0          0          0        786   dma.o
        80         24          0         16          0     622257   drv_tim.o
       130         26          0          0        272       3063   drv_uart.o
        64          8          0          4          0     585411   dvc_gmrmotor.o
       108          6          0          0          0        947   gpio.o
       214          8          0          0          0     692856   main.o
        64         26        392          0       1536        844   startup_stm32f407xx.o
       144         24          0         12          0       8781   stm32f4xx_hal.o
       198         14          0          0          0      33855   stm32f4xx_hal_cortex.o
      1084         16          8          0          0       7366   stm32f4xx_hal_dma.o
       496         46          0          0          0       1540   stm32f4xx_hal_gpio.o
        48          6          0          0          0        862   stm32f4xx_hal_msp.o
      1348         76          0          0          0       5252   stm32f4xx_hal_rcc.o
      2462        138          0          0          0      21239   stm32f4xx_hal_tim.o
       148         28          0          0          0       2497   stm32f4xx_hal_tim_ex.o
      1776         30          0          0          0      12737   stm32f4xx_hal_uart.o
        80         30          0          0          0       6554   stm32f4xx_it.o
        16          4         24          4          0       1135   system_stm32f4xx.o
      1980        170          0          0        648       9310   tim.o
       368         82          4          8        120     590941   tsk_config_and_callback.o
       288         30          0          0        264       1912   usart.o

    ----------------------------------------------------------------------
     11210        796        460         44       2840    2614407   Object Totals
         0          0         32          0          0          0   (incl. Generated)
        20          0          0          0          0          0   (incl. Padding)

    ----------------------------------------------------------------------

      Code (inc. data)   RO Data    RW Data    ZI Data      Debug   Library Member Name

         8          0          0          0          0         68   __main.o
         0          0          0          0          0          0   __rtentry.o
        12          0          0          0          0          0   __rtentry2.o
         6          0          0          0          0          0   __rtentry4.o
        52          8          0          0          0          0   __scatter.o
        26          0          0          0          0          0   __scatter_copy.o
        28          0          0          0          0          0   __scatter_zi.o
        18          0          0          0          0         80   exit.o
         6          0          0          0          0        152   heapauxi.o
         0          0          0          0          0          0   indicate_semi.o
        36         10          0          0          0         80   init_aeabi.o
         2          0          0          0          0          0   libinit.o
        10          0          0          0          0          0   libinit2.o
         2          0          0          0          0          0   libshutdown.o
         2          0          0          0          0          0   libshutdown2.o
         8          4          0          0         96         68   libspace.o
       238          0          0          0          0        100   lludivv7m.o
        78          0          0          0          0         80   rt_memclr_w.o
         2          0          0          0          0          0   rtexit.o
        10          0          0          0          0          0   rtexit2.o
        12          4          0          0          0         68   sys_exit.o
        74          0          0          0          0         80   sys_stackheap_outer.o
         2          0          0          0          0         68   use_no_semi.o
        36          0          0          0          0         84   aeabi_vec_ctor_nocookie_nodtor.o
        10          0          0          0          0        116   fpinit.o

    ----------------------------------------------------------------------
       686         26          0          0        100       1044   Library Totals
         8          0          0          0          4          0   (incl. Padding)

    ----------------------------------------------------------------------

      Code (inc. data)   RO Data    RW Data    ZI Data      Debug   Library Name

       632         26          0          0         96        844   c_w.l
        36          0          0          0          0         84   cpprt_w.l
        10          0          0          0          0        116   fz_wm.l

    ----------------------------------------------------------------------
       686         26          0          0        100       1044   Library Totals

    ----------------------------------------------------------------------

==============================================================================


      Code (inc. data)   RO Data    RW Data    ZI Data      Debug   

     11896        822        460         44       2940    2604087   Grand Totals
     11896        822        460         44       2940    2604087   ELF Image Totals
     11896        822        460         44          0          0   ROM Totals

==============================================================================

    Total RO  Size (Code + RO Data)                12356 (  12.07kB)
    Total RW  Size (RW Data + ZI Data)              2984 (   2.91kB)
    Total ROM Size (Code + RO Data + RW Data)      12400 (  12.11kB)

==============================================================================

