Component: ARM Compiler 5.06 update 7 (build 960) Tool: armlink [4d3601]

==============================================================================

Section Cross References

    startup_stm32f103xb.o(STACK) refers (Special) to heapauxi.o(.text) for __use_two_region_memory
    startup_stm32f103xb.o(HEAP) refers (Special) to heapauxi.o(.text) for __use_two_region_memory
    startup_stm32f103xb.o(RESET) refers (Special) to heapauxi.o(.text) for __use_two_region_memory
    startup_stm32f103xb.o(RESET) refers to startup_stm32f103xb.o(STACK) for __initial_sp
    startup_stm32f103xb.o(RESET) refers to startup_stm32f103xb.o(.text) for Reset_Handler
    startup_stm32f103xb.o(RESET) refers to stm32f1xx_it.o(i.NMI_Handler) for NMI_Handler
    startup_stm32f103xb.o(RESET) refers to stm32f1xx_it.o(i.HardFault_Handler) for HardFault_Handler
    startup_stm32f103xb.o(RESET) refers to stm32f1xx_it.o(i.MemManage_Handler) for MemManage_Handler
    startup_stm32f103xb.o(RESET) refers to stm32f1xx_it.o(i.BusFault_Handler) for BusFault_Handler
    startup_stm32f103xb.o(RESET) refers to stm32f1xx_it.o(i.UsageFault_Handler) for UsageFault_Handler
    startup_stm32f103xb.o(RESET) refers to stm32f1xx_it.o(i.SVC_Handler) for SVC_Handler
    startup_stm32f103xb.o(RESET) refers to stm32f1xx_it.o(i.DebugMon_Handler) for DebugMon_Handler
    startup_stm32f103xb.o(RESET) refers to stm32f1xx_it.o(i.PendSV_Handler) for PendSV_Handler
    startup_stm32f103xb.o(RESET) refers to stm32f1xx_it.o(i.SysTick_Handler) for SysTick_Handler
    startup_stm32f103xb.o(RESET) refers to stm32f1xx_it.o(i.DMA1_Channel2_IRQHandler) for DMA1_Channel2_IRQHandler
    startup_stm32f103xb.o(RESET) refers to stm32f1xx_it.o(i.DMA1_Channel3_IRQHandler) for DMA1_Channel3_IRQHandler
    startup_stm32f103xb.o(RESET) refers to stm32f1xx_it.o(i.DMA1_Channel6_IRQHandler) for DMA1_Channel6_IRQHandler
    startup_stm32f103xb.o(RESET) refers to stm32f1xx_it.o(i.DMA1_Channel7_IRQHandler) for DMA1_Channel7_IRQHandler
    startup_stm32f103xb.o(RESET) refers to stm32f1xx_it.o(i.USART2_IRQHandler) for USART2_IRQHandler
    startup_stm32f103xb.o(RESET) refers to stm32f1xx_it.o(i.USART3_IRQHandler) for USART3_IRQHandler
    startup_stm32f103xb.o(.text) refers (Special) to heapauxi.o(.text) for __use_two_region_memory
    startup_stm32f103xb.o(.text) refers to system_stm32f1xx.o(i.SystemInit) for SystemInit
    startup_stm32f103xb.o(.text) refers to __main.o(!!!main) for __main
    startup_stm32f103xb.o(.text) refers to startup_stm32f103xb.o(HEAP) for Heap_Mem
    startup_stm32f103xb.o(.text) refers to startup_stm32f103xb.o(STACK) for Stack_Mem
    main.o(i._Z18SystemClock_Configv) refers to rt_memclr_w.o(.text) for __aeabi_memclr4
    main.o(i._Z18SystemClock_Configv) refers to stm32f1xx_hal_rcc.o(i.HAL_RCC_OscConfig) for HAL_RCC_OscConfig
    main.o(i._Z18SystemClock_Configv) refers to stm32f1xx_hal_rcc.o(i.HAL_RCC_ClockConfig) for HAL_RCC_ClockConfig
    main.o(i.main) refers to stm32f1xx_hal.o(i.HAL_Init) for HAL_Init
    main.o(i.main) refers to main.o(i._Z18SystemClock_Configv) for SystemClock_Config()
    main.o(i.main) refers to gpio.o(i.MX_GPIO_Init) for MX_GPIO_Init
    main.o(i.main) refers to dma.o(i.MX_DMA_Init) for MX_DMA_Init
    main.o(i.main) refers to tim.o(i.MX_TIM1_Init) for MX_TIM1_Init
    main.o(i.main) refers to tim.o(i.MX_TIM2_Init) for MX_TIM2_Init
    main.o(i.main) refers to tim.o(i.MX_TIM3_Init) for MX_TIM3_Init
    main.o(i.main) refers to tim.o(i.MX_TIM4_Init) for MX_TIM4_Init
    main.o(i.main) refers to usart.o(i.MX_USART2_UART_Init) for MX_USART2_UART_Init
    main.o(i.main) refers to usart.o(i.MX_USART3_UART_Init) for MX_USART3_UART_Init
    main.o(i.main) refers to stm32f1xx_hal_tim.o(i.HAL_TIM_Encoder_Start) for HAL_TIM_Encoder_Start
    main.o(i.main) refers to stm32f1xx_hal_tim.o(i.HAL_TIM_PWM_Start) for HAL_TIM_PWM_Start
    main.o(i.main) refers to schedule.o(i._Z14scheduler_initv) for scheduler_init()
    main.o(i.main) refers to app_chassis.o(i._ZN7CHASSIS12Chassis_InitEv) for CHASSIS::Chassis_Init()
    main.o(i.main) refers to alg_pid.o(i._ZN6Gimbal8PID_InitEfffff) for Gimbal::PID_Init(float, float, float, float, float)
    main.o(i.main) refers to schedule.o(i._Z13scheduler_runv) for scheduler_run()
    main.o(i.main) refers to tim.o(.bss) for htim1
    main.o(i.main) refers to main.o(.bss) for .bss
    main.o(.ARM.exidx) refers to main.o(i.Error_Handler) for i.Error_Handler
    main.o(.ARM.exidx) refers to main.o(i._Z18SystemClock_Configv) for i._Z18SystemClock_Configv
    main.o(.ARM.exidx) refers to main.o(i.main) for i.main
    gpio.o(i.MX_GPIO_Init) refers to stm32f1xx_hal_gpio.o(i.HAL_GPIO_WritePin) for HAL_GPIO_WritePin
    gpio.o(i.MX_GPIO_Init) refers to stm32f1xx_hal_gpio.o(i.HAL_GPIO_Init) for HAL_GPIO_Init
    dma.o(i.MX_DMA_Init) refers to stm32f1xx_hal_cortex.o(i.HAL_NVIC_SetPriority) for HAL_NVIC_SetPriority
    dma.o(i.MX_DMA_Init) refers to stm32f1xx_hal_cortex.o(i.HAL_NVIC_EnableIRQ) for HAL_NVIC_EnableIRQ
[...]
    ../Drivers/STM32F1xx_HAL_Driver/Src/stm32f1xx_hal_tim_ex.c 0x00000000   Number         0  stm32f1xx_hal_tim_ex.o ABSOLUTE
    ../Drivers/STM32F1xx_HAL_Driver/Src/stm32f1xx_hal_uart.c 0x00000000   Number         0  stm32f1xx_hal_uart.o ABSOLUTE
    ../clib/angel/boardlib.s                 0x00000000   Number         0  boardshut.o ABSOLUTE
    ../clib/angel/boardlib.s                 0x00000000   Number         0  boardinit3.o ABSOLUTE
    ../clib/angel/boardlib.s                 0x00000000   Number         0  boardinit2.o ABSOLUTE
    ../clib/angel/boardlib.s                 0x00000000   Number         0  boardinit1.o ABSOLUTE
    ../clib/angel/handlers.s                 0x00000000   Number         0  __scatter_copy.o ABSOLUTE
    ../clib/angel/handlers.s                 0x00000000   Number         0  __scatter_zi.o ABSOLUTE
    ../clib/angel/kernel.s                   0x00000000   Number         0  __rtentry.o ABSOLUTE
    ../clib/angel/kernel.s                   0x00000000   Number         0  rtexit2.o ABSOLUTE
    ../clib/angel/kernel.s                   0x00000000   Number         0  __rtentry2.o ABSOLUTE
    ../clib/angel/kernel.s                   0x00000000   Number         0  rtexit.o ABSOLUTE
    ../clib/angel/kernel.s                   0x00000000   Number         0  __rtentry4.o ABSOLUTE
    ../clib/angel/rt.s                       0x00000000   Number         0  rt_raise.o ABSOLUTE
    ../clib/angel/scatter.s                  0x00000000   Number         0  __scatter.o ABSOLUTE
    ../clib/angel/startup.s                  0x00000000   Number         0  __main.o ABSOLUTE
    ../clib/angel/sys.s                      0x00000000   Number         0  indicate_semi.o ABSOLUTE
    ../clib/angel/sys.s                      0x00000000   Number         0  sys_stackheap_outer.o ABSOLUTE
    ../clib/angel/sys.s                      0x00000000   Number         0  libspace.o ABSOLUTE
    ../clib/angel/sys.s                      0x00000000   Number         0  use_no_semi.o ABSOLUTE
    ../clib/angel/sysapp.c                   0x00000000   Number         0  sys_wrch.o ABSOLUTE
    ../clib/angel/sysapp.c                   0x00000000   Number         0  sys_exit.o ABSOLUTE
    ../clib/angel/sysapp.c                   0x00000000   Number         0  sys_command.o ABSOLUTE
    ../clib/armsys.c                         0x00000000   Number         0  argv_veneer.o ABSOLUTE
    ../clib/armsys.c                         0x00000000   Number         0  argv_veneer.o ABSOLUTE
    ../clib/armsys.c                         0x00000000   Number         0  no_argv.o ABSOLUTE
    ../clib/armsys.c                         0x00000000   Number         0  _get_argv_nomalloc.o ABSOLUTE
    ../clib/heapalloc.c                      0x00000000   Number         0  hrguard.o ABSOLUTE
    ../clib/heapaux.c                        0x00000000   Number         0  heapauxi.o ABSOLUTE
    ../clib/libinit.s                        0x00000000   Number         0  libshutdown2.o ABSOLUTE
    ../clib/libinit.s                        0x00000000   Number         0  libshutdown.o ABSOLUTE
    ../clib/libinit.s                        0x00000000   Number         0  libinit.o ABSOLUTE
    ../clib/libinit.s                        0x00000000   Number         0  libinit2.o ABSOLUTE
    ../clib/longlong.s                       0x00000000   Number         0  llushr.o ABSOLUTE
    ../clib/memcpset.s                       0x00000000   Number         0  rt_memclr_w.o ABSOLUTE
    ../clib/signal.c                         0x00000000   Number         0  defsig_rtred_inner.o ABSOLUTE
    ../clib/signal.c                         0x00000000   Number         0  defsig_fpe_inner.o ABSOLUTE
    ../clib/signal.c                         0x00000000   Number         0  defsig_rtmem_outer.o ABSOLUTE
    ../clib/signal.c                         0x00000000   Number         0  defsig_pvfn_inner.o ABSOLUTE
    ../clib/signal.c                         0x00000000   Number         0  defsig_cppl_inner.o ABSOLUTE
    ../clib/signal.c                         0x00000000   Number         0  defsig_segv_inner.o ABSOLUTE
    ../clib/signal.c                         0x00000000   Number         0  defsig_other.o ABSOLUTE
    ../clib/signal.c                         0x00000000   Number         0  defsig_rtmem_formal.o ABSOLUTE
    ../clib/signal.c                         0x00000000   Number         0  defsig_exit.o ABSOLUTE
    ../clib/signal.c                         0x00000000   Number         0  defsig_rtmem_inner.o ABSOLUTE
    ../clib/signal.c                         0x00000000   Number         0  __raise.o ABSOLUTE
    ../clib/signal.c                         0x00000000   Number         0  defsig_stak_inner.o ABSOLUTE
    ../clib/signal.c                         0x00000000   Number         0  defsig_general.o ABSOLUTE
    ../clib/signal.c                         0x00000000   Number         0  defsig_abrt_inner.o ABSOLUTE
    ../clib/signal.s                         0x00000000   Number         0  defsig.o ABSOLUTE
    ../clib/stdlib.c                         0x00000000   Number         0  exit.o ABSOLUTE
    ../fplib/faddsub.s                       0x00000000   Number         0  faddsub_clz.o ABSOLUTE
    ../fplib/fcheck1.s                       0x00000000   Number         0  fcheck1.o ABSOLUTE
    ../fplib/fcmpi.s                         0x00000000   Number         0  fcmpi.o ABSOLUTE
    ../fplib/feqf.s                          0x00000000   Number         0  feqf.o ABSOLUTE
    ../fplib/ffixu.s                         0x00000000   Number         0  ffixu.o ABSOLUTE
    ../fplib/fflt.s                          0x00000000   Number         0  fflt_clz.o ABSOLUTE
    ../fplib/fleqf.s                         0x00000000   Number         0  fleqf.o ABSOLUTE
    ../fplib/fmul.s                          0x00000000   Number         0  fmul.o ABSOLUTE
    ../fplib/fnaninf.s                       0x00000000   Number         0  fnaninf.o ABSOLUTE
    ../fplib/fpinit.s                        0x00000000   Number         0  fpinit.o ABSOLUTE
    ../fplib/fretinf.s                       0x00000000   Number         0  fretinf.o ABSOLUTE
    ../fplib/frleqf.s                        0x00000000   Number         0  frleqf.o ABSOLUTE
    ../fplib/retnan.s                        0x00000000   Number         0  retnan.o ABSOLUTE
    ../fplib/scalbnf.s                       0x00000000   Number         0  scalbnf.o ABSOLUTE
    ../fplib/trapv.s                         0x00000000   Number         0  trapv.o ABSOLUTE
    ../fplib/usenofp.s                       0x00000000   Number         0  usenofp.o ABSOLUTE
    ..\APP\app_chassis.cpp                   0x00000000   Number         0  app_chassis.o ABSOLUTE
    ..\APP\app_gimbal.cpp                    0x00000000   Number         0  app_gimbal.o ABSOLUTE
    ..\APP\app_gmrmotor.cpp                  0x00000000   Number         0  app_gmrmotor.o ABSOLUTE
    ..\APP\app_ledex.cpp                     0x00000000   Number         0  app_ledex.o ABSOLUTE
    ..\APP\app_test.cpp                      0x00000000   Number         0  app_test.o ABSOLUTE
    ..\APP\schedule.cpp                      0x00000000   Number         0  schedule.o ABSOLUTE
    ..\APP\system_init.cpp                   0x00000000   Number         0  system_init.o ABSOLUTE
    ..\Algorithm\alg_datachange.cpp          0x00000000   Number         0  alg_datachange.o ABSOLUTE
    ..\Algorithm\alg_limit.cpp               0x00000000   Number         0  alg_limit.o ABSOLUTE
    ..\Algorithm\alg_pid.cpp                 0x00000000   Number         0  alg_pid.o ABSOLUTE
    ..\Core\Src\dma.c                        0x00000000   Number         0  dma.o ABSOLUTE
    ..\Core\Src\gpio.c                       0x00000000   Number         0  gpio.o ABSOLUTE
    ..\Core\Src\main.c                       0x00000000   Number         0  main.o ABSOLUTE
    ..\Core\Src\stm32f1xx_hal_msp.c          0x00000000   Number         0  stm32f1xx_hal_msp.o ABSOLUTE
    ..\Core\Src\stm32f1xx_it.c               0x00000000   Number         0  stm32f1xx_it.o ABSOLUTE
    ..\Core\Src\system_stm32f1xx.c           0x00000000   Number         0  system_stm32f1xx.o ABSOLUTE
    ..\Core\Src\tim.c                        0x00000000   Number         0  tim.o ABSOLUTE
    ..\Core\Src\usart.c                      0x00000000   Number         0  usart.o ABSOLUTE
    ..\Driver\drv_dma.cpp                    0x00000000   Number         0  drv_dma.o ABSOLUTE
    ..\Drivers\STM32F1xx_HAL_Driver\Src\stm32f1xx_hal.c 0x00000000   Number         0  stm32f1xx_hal.o ABSOLUTE
    ..\Drivers\STM32F1xx_HAL_Driver\Src\stm32f1xx_hal_cortex.c 0x00000000   Number         0  stm32f1xx_hal_cortex.o ABSOLUTE
    ..\Drivers\STM32F1xx_HAL_Driver\Src\stm32f1xx_hal_dma.c 0x00000000   Number         0  stm32f1xx_hal_dma.o ABSOLUTE
    ..\Drivers\STM32F1xx_HAL_Driver\Src\stm32f1xx_hal_exti.c 0x00000000   Number         0  stm32f1xx_hal_exti.o ABSOLUTE
    ..\Drivers\STM32F1xx_HAL_Driver\Src\stm32f1xx_hal_flash.c 0x00000000   Number         0  stm32f1xx_hal_flash.o ABSOLUTE
    ..\Drivers\STM32F1xx_HAL_Driver\Src\stm32f1xx_hal_flash_ex.c 0x00000000   Number         0  stm32f1xx_hal_flash_ex.o ABSOLUTE
    ..\Drivers\STM32F1xx_HAL_Driver\Src\stm32f1xx_hal_gpio.c 0x00000000   Number         0  stm32f1xx_hal_gpio.o ABSOLUTE
    ..\Drivers\STM32F1xx_HAL_Driver\Src\stm32f1xx_hal_gpio_ex.c 0x00000000   Number         0  stm32f1xx_hal_gpio_ex.o ABSOLUTE
    ..\Drivers\STM32F1xx_HAL_Driver\Src\stm32f1xx_hal_pwr.c 0x00000000   Number         0  stm32f1xx_hal_pwr.o ABSOLUTE
    ..\Drivers\STM32F1xx_HAL_Driver\Src\stm32f1xx_hal_rcc.c 0x00000000   Number         0  stm32f1xx_hal_rcc.o ABSOLUTE
    ..\Drivers\STM32F1xx_HAL_Driver\Src\stm32f1xx_hal_rcc_ex.c 0x00000000   Number         0  stm32f1xx_hal_rcc_ex.o ABSOLUTE
    ..\Drivers\STM32F1xx_HAL_Driver\Src\stm32f1xx_hal_tim.c 0x00000000   Number         0  stm32f1xx_hal_tim.o ABSOLUTE
    ..\Drivers\STM32F1xx_HAL_Driver\Src\stm32f1xx_hal_tim_ex.c 0x00000000   Number         0  stm32f1xx_hal_tim_ex.o ABSOLUTE
    ..\Drivers\STM32F1xx_HAL_Driver\Src\stm32f1xx_hal_uart.c 0x00000000   Number         0  stm32f1xx_hal_uart.o ABSOLUTE
    ..\\APP\\app_chassis.cpp                 0x00000000   Number         0  app_chassis.o ABSOLUTE
    ..\\APP\\app_gimbal.cpp                  0x00000000   Number         0  app_gimbal.o ABSOLUTE
    ..\\APP\\app_gmrmotor.cpp                0x00000000   Number         0  app_gmrmotor.o ABSOLUTE
    ..\\APP\\app_ledex.cpp                   0x00000000   Number         0  app_ledex.o ABSOLUTE
    ..\\APP\\app_test.cpp                    0x00000000   Number         0  app_test.o ABSOLUTE
    ..\\APP\\schedule.cpp                    0x00000000   Number         0  schedule.o ABSOLUTE
    ..\\Algorithm\\alg_datachange.cpp        0x00000000   Number         0  alg_datachange.o ABSOLUTE
    ..\\Driver\\drv_dma.cpp                  0x00000000   Number         0  drv_dma.o ABSOLUTE
    dc.s                                     0x00000000   Number         0  dc.o ABSOLUTE
    startup_stm32f103xb.s                    0x00000000   Number         0  startup_stm32f103xb.o ABSOLUTE
    RESET                                    0x08000000   Section      236  startup_stm32f103xb.o(RESET)
    !!!main                                  0x080000ec   Section        8  __main.o(!!!main)
    !!!scatter                               0x080000f4   Section       52  __scatter.o(!!!scatter)
    !!handler_copy                           0x08000128   Section       26  __scatter_copy.o(!!handler_copy)
    !!handler_zi                             0x08000144   Section       28  __scatter_zi.o(!!handler_zi)
    .ARM.Collect$$libinit$$00000000          0x08000160   Section        2  libinit.o(.ARM.Collect$$libinit$$00000000)
    .ARM.Collect$$libinit$$00000002          0x08000162   Section        0  libinit2.o(.ARM.Collect$$libinit$$00000002)
    .ARM.Collect$$libinit$$00000004          0x08000162   Section        0  libinit2.o(.ARM.Collect$$libinit$$00000004)
    .ARM.Collect$$libinit$$0000000A          0x08000162   Section        0  libinit2.o(.ARM.Collect$$libinit$$0000000A)
    .ARM.Collect$$libinit$$0000000C          0x08000162   Section        0  libinit2.o(.ARM.Collect$$libinit$$0000000C)
    .ARM.Collect$$libinit$$0000000E          0x08000162   Section        0  libinit2.o(.ARM.Collect$$libinit$$0000000E)
    .ARM.Collect$$libinit$$00000011          0x08000162   Section        0  libinit2.o(.ARM.Collect$$libinit$$00000011)
    .ARM.Collect$$libinit$$00000013          0x08000162   Section        0  libinit2.o(.ARM.Collect$$libinit$$00000013)
    .ARM.Collect$$libinit$$00000015          0x08000162   Section        0  libinit2.o(.ARM.Collect$$libinit$$00000015)
    .ARM.Collect$$libinit$$00000017          0x08000162   Section        0  libinit2.o(.ARM.Collect$$libinit$$00000017)
    .ARM.Collect$$libinit$$00000019          0x08000162   Section        0  libinit2.o(.ARM.Collect$$libinit$$00000019)
    .ARM.Collect$$libinit$$0000001B          0x08000162   Section        0  libinit2.o(.ARM.Collect$$libinit$$0000001B)
    .ARM.Collect$$libinit$$0000001D          0x08000162   Section        0  libinit2.o(.ARM.Collect$$libinit$$0000001D)
    .ARM.Collect$$libinit$$0000001F          0x08000162   Section        0  libinit2.o(.ARM.Collect$$libinit$$0000001F)
    .ARM.Collect$$libinit$$00000021          0x08000162   Section        0  libinit2.o(.ARM.Collect$$libinit$$00000021)
    .ARM.Collect$$libinit$$00000023          0x08000162   Section        0  libinit2.o(.ARM.Collect$$libinit$$00000023)
    .ARM.Collect$$libinit$$00000025          0x08000162   Section        0  libinit2.o(.ARM.Collect$$libinit$$00000025)
    .ARM.Collect$$libinit$$0000002C          0x08000162   Section        0  libinit2.o(.ARM.Collect$$libinit$$0000002C)
    .ARM.Collect$$libinit$$0000002E          0x08000162   Section        0  libinit2.o(.ARM.Collect$$libinit$$0000002E)
    .ARM.Collect$$libinit$$00000030          0x08000162   Section        0  libinit2.o(.ARM.Collect$$libinit$$00000030)
    .ARM.Collect$$libinit$$00000032          0x08000162   Section        0  libinit2.o(.ARM.Collect$$libinit$$00000032)
    .ARM.Collect$$libinit$$00000033          0x08000162   Section        2  libinit2.o(.ARM.Collect$$libinit$$00000033)
    .ARM.Collect$$libshutdown$$00000000      0x08000164   Section        2  libshutdown.o(.ARM.Collect$$libshutdown$$00000000)
    .ARM.Collect$$libshutdown$$00000002      0x08000166   Section        0  libshutdown2.o(.ARM.Collect$$libshutdown$$00000002)
    .ARM.Collect$$libshutdown$$00000004      0x08000166   Section        0  libshutdown2.o(.ARM.Collect$$libshutdown$$00000004)
    .ARM.Collect$$libshutdown$$00000006      0x08000166   Section        0  libshutdown2.o(.ARM.Collect$$libshutdown$$00000006)
    .ARM.Collect$$libshutdown$$00000009      0x08000166   Section        0  libshutdown2.o(.ARM.Collect$$libshutdown$$00000009)
    .ARM.Collect$$libshutdown$$0000000C      0x08000166   Section        0  libshutdown2.o(.ARM.Collect$$libshutdown$$0000000C)
    .ARM.Collect$$libshutdown$$0000000E      0x08000166   Section        0  libshutdown2.o(.ARM.Collect$$libshutdown$$0000000E)
    .ARM.Collect$$libshutdown$$00000011      0x08000166   Section        0  libshutdown2.o(.ARM.Collect$$libshutdown$$00000011)
    .ARM.Collect$$libshutdown$$00000012      0x08000166   Section        2  libshutdown2.o(.ARM.Collect$$libshutdown$$00000012)
    .ARM.Collect$$rtentry$$00000000          0x08000168   Section        0  __rtentry.o(.ARM.Collect$$rtentry$$00000000)
    .ARM.Collect$$rtentry$$00000002          0x08000168   Section        0  __rtentry2.o(.ARM.Collect$$rtentry$$00000002)
    .ARM.Collect$$rtentry$$00000004          0x08000168   Section        6  __rtentry4.o(.ARM.Collect$$rtentry$$00000004)
    .ARM.Collect$$rtentry$$00000009          0x0800016e   Section        0  __rtentry2.o(.ARM.Collect$$rtentry$$00000009)
    .ARM.Collect$$rtentry$$0000000A          0x0800016e   Section        4  __rtentry2.o(.ARM.Collect$$rtentry$$0000000A)
    .ARM.Collect$$rtentry$$0000000C          0x08000172   Section        0  __rtentry2.o(.ARM.Collect$$rtentry$$0000000C)
    .ARM.Collect$$rtentry$$0000000D          0x08000172   Section        8  __rtentry2.o(.ARM.Collect$$rtentry$$0000000D)
    .ARM.Collect$$rtexit$$00000000           0x0800017a   Section        2  rtexit.o(.ARM.Collect$$rtexit$$00000000)
    .ARM.Collect$$rtexit$$00000002           0x0800017c   Section        0  rtexit2.o(.ARM.Collect$$rtexit$$00000002)
    .ARM.Collect$$rtexit$$00000003           0x0800017c   Section        4  rtexit2.o(.ARM.Collect$$rtexit$$00000003)
    .ARM.Collect$$rtexit$$00000004           0x08000180   Section        6  rtexit2.o(.ARM.Collect$$rtexit$$00000004)
    .text                                    0x08000188   Section       64  startup_stm32f103xb.o(.text)
    .text                                    0x080001c8   Section       78  rt_memclr_w.o(.text)
    .text                                    0x08000216   Section        0  heapauxi.o(.text)
    .text                                    0x0800021c   Section       74  sys_stackheap_outer.o(.text)
    .text                                    0x08000266   Section        0  exit.o(.text)
    .text                                    0x08000278   Section        8  libspace.o(.text)
    .text                                    0x08000280   Section        0  sys_exit.o(.text)
    .text                                    0x0800028c   Section        2  use_no_semi.o(.text)
    .text                                    0x0800028e   Section        0  indicate_semi.o(.text)
    i.BusFault_Handler                       0x0800028e   Section        0  stm32f1xx_it.o(i.BusFault_Handler)
    i.DMA1_Channel2_IRQHandler               0x08000290   Section        0  stm32f1xx_it.o(i.DMA1_Channel2_IRQHandler)
    i.DMA1_Channel3_IRQHandler               0x0800029c   Section        0  stm32f1xx_it.o(i.DMA1_Channel3_IRQHandler)
    i.DMA1_Channel6_IRQHandler               0x080002a8   Section        0  stm32f1xx_it.o(i.DMA1_Channel6_IRQHandler)
    i.DMA1_Channel7_IRQHandler               0x080002b4   Section        0  stm32f1xx_it.o(i.DMA1_Channel7_IRQHandler)
    i.DMA_SetConfig                          0x080002c0   Section        0  stm32f1xx_hal_dma.o(i.DMA_SetConfig)
    DMA_SetConfig                            0x080002c1   Thumb Code    42  stm32f1xx_hal_dma.o(i.DMA_SetConfig)
    i.DebugMon_Handler                       0x080002ea   Section        0  stm32f1xx_it.o(i.DebugMon_Handler)
    i.Error_Handler                          0x080002ec   Section        0  main.o(i.Error_Handler)
    i.HAL_DMA_Abort                          0x080002f0   Section        0  stm32f1xx_hal_dma.o(i.HAL_DMA_Abort)
    i.HAL_DMA_Abort_IT                       0x08000338   Section        0  stm32f1xx_hal_dma.o(i.HAL_DMA_Abort_IT)
    i.HAL_DMA_IRQHandler                     0x080003d0   Section        0  stm32f1xx_hal_dma.o(i.HAL_DMA_IRQHandler)
    i.HAL_DMA_Init                           0x08000524   Section        0  stm32f1xx_hal_dma.o(i.HAL_DMA_Init)
    i.HAL_DMA_Start_IT                       0x08000580   Section        0  stm32f1xx_hal_dma.o(i.HAL_DMA_Start_IT)
    i.HAL_GPIO_Init                          0x080005f0   Section        0  stm32f1xx_hal_gpio.o(i.HAL_GPIO_Init)
    i.HAL_GPIO_WritePin                      0x080007d0   Section        0  stm32f1xx_hal_gpio.o(i.HAL_GPIO_WritePin)
    i.HAL_GetTick                            0x080007dc   Section        0  stm32f1xx_hal.o(i.HAL_GetTick)
    i.HAL_IncTick                            0x080007e8   Section        0  stm32f1xx_hal.o(i.HAL_IncTick)
    i.HAL_Init                               0x080007f8   Section        0  stm32f1xx_hal.o(i.HAL_Init)
    i.HAL_InitTick                           0x0800081c   Section        0  stm32f1xx_hal.o(i.HAL_InitTick)
    i.HAL_MspInit                            0x0800085c   Section        0  stm32f1xx_hal_msp.o(i.HAL_MspInit)
    i.HAL_NVIC_EnableIRQ                     0x08000898   Section        0  stm32f1xx_hal_cortex.o(i.HAL_NVIC_EnableIRQ)
    i.HAL_NVIC_SetPriority                   0x080008b4   Section        0  stm32f1xx_hal_cortex.o(i.HAL_NVIC_SetPriority)
    i.HAL_NVIC_SetPriorityGrouping           0x080008f4   Section        0  stm32f1xx_hal_cortex.o(i.HAL_NVIC_SetPriorityGrouping)
    i.HAL_RCC_ClockConfig                    0x08000918   Section        0  stm32f1xx_hal_rcc.o(i.HAL_RCC_ClockConfig)
    i.HAL_RCC_GetPCLK1Freq                   0x08000a44   Section        0  stm32f1xx_hal_rcc.o(i.HAL_RCC_GetPCLK1Freq)
    i.HAL_RCC_GetPCLK2Freq                   0x08000a64   Section        0  stm32f1xx_hal_rcc.o(i.HAL_RCC_GetPCLK2Freq)
    i.HAL_RCC_GetSysClockFreq                0x08000a84   Section        0  stm32f1xx_hal_rcc.o(i.HAL_RCC_GetSysClockFreq)
    i.HAL_RCC_OscConfig                      0x08000ad0   Section        0  stm32f1xx_hal_rcc.o(i.HAL_RCC_OscConfig)
    i.HAL_SYSTICK_Config                     0x08000df0   Section        0  stm32f1xx_hal_cortex.o(i.HAL_SYSTICK_Config)
    i.HAL_TIMEx_MasterConfigSynchronization  0x08000e18   Section        0  stm32f1xx_hal_tim_ex.o(i.HAL_TIMEx_MasterConfigSynchronization)
    i.HAL_TIM_Base_Init                      0x08000e80   Section        0  stm32f1xx_hal_tim.o(i.HAL_TIM_Base_Init)
    i.HAL_TIM_Base_MspInit                   0x08000edc   Section        0  tim.o(i.HAL_TIM_Base_MspInit)
    i.HAL_TIM_ConfigClockSource              0x08000f1c   Section        0  stm32f1xx_hal_tim.o(i.HAL_TIM_ConfigClockSource)
    i.HAL_TIM_Encoder_Init                   0x08000ff8   Section        0  stm32f1xx_hal_tim.o(i.HAL_TIM_Encoder_Init)
    i.HAL_TIM_Encoder_MspInit                0x0800109c   Section        0  tim.o(i.HAL_TIM_Encoder_MspInit)
    i.HAL_TIM_Encoder_Start                  0x0800111c   Section        0  stm32f1xx_hal_tim.o(i.HAL_TIM_Encoder_Start)
    i.HAL_TIM_MspPostInit                    0x080011ac   Section        0  tim.o(i.HAL_TIM_MspPostInit)
    i.HAL_TIM_PWM_ConfigChannel              0x08001240   Section        0  stm32f1xx_hal_tim.o(i.HAL_TIM_PWM_ConfigChannel)
    i.HAL_TIM_PWM_Init                       0x0800130c   Section        0  stm32f1xx_hal_tim.o(i.HAL_TIM_PWM_Init)
    i.HAL_TIM_PWM_MspInit                    0x08001366   Section        0  stm32f1xx_hal_tim.o(i.HAL_TIM_PWM_MspInit)
    i.HAL_TIM_PWM_Start                      0x08001368   Section        0  stm32f1xx_hal_tim.o(i.HAL_TIM_PWM_Start)
    i.HAL_UARTEx_ReceiveToIdle_DMA           0x08001404   Section        0  stm32f1xx_hal_uart.o(i.HAL_UARTEx_ReceiveToIdle_DMA)
    i.HAL_UARTEx_RxEventCallback             0x08001450   Section        0  drv_dma.o(i.HAL_UARTEx_RxEventCallback)
    i.HAL_UART_ErrorCallback                 0x080014dc   Section        0  stm32f1xx_hal_uart.o(i.HAL_UART_ErrorCallback)
    i.HAL_UART_IRQHandler                    0x080014e0   Section        0  stm32f1xx_hal_uart.o(i.HAL_UART_IRQHandler)
    i.HAL_UART_Init                          0x0800174c   Section        0  stm32f1xx_hal_uart.o(i.HAL_UART_Init)
    i.HAL_UART_MspInit                       0x080017b0   Section        0  usart.o(i.HAL_UART_MspInit)
    i.HAL_UART_RxCpltCallback                0x0800193c   Section        0  stm32f1xx_hal_uart.o(i.HAL_UART_RxCpltCallback)
    i.HAL_UART_RxHalfCpltCallback            0x0800193e   Section        0  stm32f1xx_hal_uart.o(i.HAL_UART_RxHalfCpltCallback)
    i.HAL_UART_TxCpltCallback                0x08001940   Section        0  stm32f1xx_hal_uart.o(i.HAL_UART_TxCpltCallback)
    i.HardFault_Handler                      0x08001942   Section        0  stm32f1xx_it.o(i.HardFault_Handler)
    i.MX_DMA_Init                            0x08001944   Section        0  dma.o(i.MX_DMA_Init)
    i.MX_GPIO_Init                           0x080019a0   Section        0  gpio.o(i.MX_GPIO_Init)
    i.MX_TIM1_Init                           0x08001a10   Section        0  tim.o(i.MX_TIM1_Init)
    i.MX_TIM2_Init                           0x08001a7c   Section        0  tim.o(i.MX_TIM2_Init)
    i.MX_TIM3_Init                           0x08001ae4   Section        0  tim.o(i.MX_TIM3_Init)
    i.MX_TIM4_Init                           0x08001bac   Section        0  tim.o(i.MX_TIM4_Init)
    i.MX_USART2_UART_Init                    0x08001c58   Section        0  usart.o(i.MX_USART2_UART_Init)
    i.MX_USART3_UART_Init                    0x08001ca8   Section        0  usart.o(i.MX_USART3_UART_Init)
    i.MemManage_Handler                      0x08001cf4   Section        0  stm32f1xx_it.o(i.MemManage_Handler)
    i.NMI_Handler                            0x08001cf6   Section        0  stm32f1xx_it.o(i.NMI_Handler)
    i.PendSV_Handler                         0x08001cf8   Section        0  stm32f1xx_it.o(i.PendSV_Handler)
    i.SVC_Handler                            0x08001cfa   Section        0  stm32f1xx_it.o(i.SVC_Handler)
    i.SysTick_Handler                        0x08001cfc   Section        0  stm32f1xx_it.o(i.SysTick_Handler)
    i.SystemInit                             0x08001d00   Section        0  system_stm32f1xx.o(i.SystemInit)
    i.TIM_Base_SetConfig                     0x08001d04   Section        0  stm32f1xx_hal_tim.o(i.TIM_Base_SetConfig)
    i.TIM_CCxChannelCmd                      0x08001d7c   Section        0  stm32f1xx_hal_tim.o(i.TIM_CCxChannelCmd)
    i.TIM_ETR_SetConfig                      0x08001d96   Section        0  stm32f1xx_hal_tim.o(i.TIM_ETR_SetConfig)
    i.TIM_ITRx_SetConfig                     0x08001daa   Section        0  stm32f1xx_hal_tim.o(i.TIM_ITRx_SetConfig)
    TIM_ITRx_SetConfig                       0x08001dab   Thumb Code    16  stm32f1xx_hal_tim.o(i.TIM_ITRx_SetConfig)
    i.TIM_OC1_SetConfig                      0x08001dbc   Section        0  stm32f1xx_hal_tim.o(i.TIM_OC1_SetConfig)
    TIM_OC1_SetConfig                        0x08001dbd   Thumb Code    74  stm32f1xx_hal_tim.o(i.TIM_OC1_SetConfig)
    i.TIM_OC2_SetConfig                      0x08001e0c   Section        0  stm32f1xx_hal_tim.o(i.TIM_OC2_SetConfig)
    i.TIM_OC3_SetConfig                      0x08001e64   Section        0  stm32f1xx_hal_tim.o(i.TIM_OC3_SetConfig)
    TIM_OC3_SetConfig                        0x08001e65   Thumb Code    82  stm32f1xx_hal_tim.o(i.TIM_OC3_SetConfig)
    i.TIM_OC4_SetConfig                      0x08001ebc   Section        0  stm32f1xx_hal_tim.o(i.TIM_OC4_SetConfig)
    TIM_OC4_SetConfig                        0x08001ebd   Thumb Code    64  stm32f1xx_hal_tim.o(i.TIM_OC4_SetConfig)
    i.TIM_TI1_ConfigInputStage               0x08001f00   Section        0  stm32f1xx_hal_tim.o(i.TIM_TI1_ConfigInputStage)
    TIM_TI1_ConfigInputStage                 0x08001f01   Thumb Code    34  stm32f1xx_hal_tim.o(i.TIM_TI1_ConfigInputStage)
    i.TIM_TI2_ConfigInputStage               0x08001f22   Section        0  stm32f1xx_hal_tim.o(i.TIM_TI2_ConfigInputStage)
    TIM_TI2_ConfigInputStage                 0x08001f23   Thumb Code    36  stm32f1xx_hal_tim.o(i.TIM_TI2_ConfigInputStage)
    i.UART_DMAAbortOnError                   0x08001f46   Section        0  stm32f1xx_hal_uart.o(i.UART_DMAAbortOnError)
    UART_DMAAbortOnError                     0x08001f47   Thumb Code    16  stm32f1xx_hal_uart.o(i.UART_DMAAbortOnError)
    i.UART_DMAError                          0x08001f56   Section        0  stm32f1xx_hal_uart.o(i.UART_DMAError)
    UART_DMAError                            0x08001f57   Thumb Code    74  stm32f1xx_hal_uart.o(i.UART_DMAError)
    i.UART_DMAReceiveCplt                    0x08001fa0   Section        0  stm32f1xx_hal_uart.o(i.UART_DMAReceiveCplt)
    UART_DMAReceiveCplt                      0x08001fa1   Thumb Code   134  stm32f1xx_hal_uart.o(i.UART_DMAReceiveCplt)
    i.UART_DMARxHalfCplt                     0x08002026   Section        0  stm32f1xx_hal_uart.o(i.UART_DMARxHalfCplt)
    UART_DMARxHalfCplt                       0x08002027   Thumb Code    30  stm32f1xx_hal_uart.o(i.UART_DMARxHalfCplt)
    i.UART_EndRxTransfer                     0x08002044   Section        0  stm32f1xx_hal_uart.o(i.UART_EndRxTransfer)
    UART_EndRxTransfer                       0x08002045   Thumb Code    78  stm32f1xx_hal_uart.o(i.UART_EndRxTransfer)
    i.UART_EndTxTransfer                     0x08002092   Section        0  stm32f1xx_hal_uart.o(i.UART_EndTxTransfer)
    UART_EndTxTransfer                       0x08002093   Thumb Code    28  stm32f1xx_hal_uart.o(i.UART_EndTxTransfer)
    i.UART_Receive_IT                        0x080020ae   Section        0  stm32f1xx_hal_uart.o(i.UART_Receive_IT)
    UART_Receive_IT                          0x080020af   Thumb Code   194  stm32f1xx_hal_uart.o(i.UART_Receive_IT)
    i.UART_SetConfig                         0x08002170   Section        0  stm32f1xx_hal_uart.o(i.UART_SetConfig)
    UART_SetConfig                           0x08002171   Thumb Code   178  stm32f1xx_hal_uart.o(i.UART_SetConfig)
    i.UART_Start_Receive_DMA                 0x08002228   Section        0  stm32f1xx_hal_uart.o(i.UART_Start_Receive_DMA)
    i.USART2_IRQHandler                      0x080022b8   Section        0  stm32f1xx_it.o(i.USART2_IRQHandler)
    i.USART3_IRQHandler                      0x080022c4   Section        0  stm32f1xx_it.o(i.USART3_IRQHandler)
    i.UsageFault_Handler                     0x080022d0   Section        0  stm32f1xx_it.o(i.UsageFault_Handler)
    i._Z11gimbal_procv                       0x080022d4   Section        0  app_gimbal.o(i._Z11gimbal_procv)
    i._Z12output_limitPf                     0x0800236c   Section        0  alg_limit.o(i._Z12output_limitPf)
    i._Z13char_to_floatPh                    0x08002388   Section        0  alg_datachange.o(i._Z13char_to_floatPh)
    i._Z13scheduler_runv                     0x0800239c   Section        0  schedule.o(i._Z13scheduler_runv)
    i._Z14char_to_uint32Ph                   0x080023d8   Section        0  alg_datachange.o(i._Z14char_to_uint32Ph)
    i._Z14scheduler_initv                    0x08002498   Section        0  schedule.o(i._Z14scheduler_initv)
    i._Z18SystemClock_Configv                0x080024a4   Section        0  main.o(i._Z18SystemClock_Configv)
    i._ZN3PID8PID_InitEfffff                 0x08002502   Section        0  alg_pid.o(i._ZN3PID8PID_InitEfffff)
    i._ZN6Gimbal11PID_ComputeEf              0x08002512   Section        0  alg_pid.o(i._ZN6Gimbal11PID_ComputeEf)
    i._ZN6Gimbal8PID_InitEfffff              0x080025ac   Section        0  alg_pid.o(i._ZN6Gimbal8PID_InitEfffff)
    i._ZN7CHASSIS12Chassis_InitEv            0x080025b8   Section        0  app_chassis.o(i._ZN7CHASSIS12Chassis_InitEv)
    i.__NVIC_SetPriority                     0x08002600   Section        0  stm32f1xx_hal_cortex.o(i.__NVIC_SetPriority)
    __NVIC_SetPriority                       0x08002601   Thumb Code    32  stm32f1xx_hal_cortex.o(i.__NVIC_SetPriority)
    i.main                                   0x08002620   Section        0  main.o(i.main)
    x$fpl$fadd                               0x080026e8   Section      196  faddsub_clz.o(x$fpl$fadd)
    _fadd1                                   0x080026f7   Thumb Code     0  faddsub_clz.o(x$fpl$fadd)
    x$fpl$fcheck1                            0x080027ac   Section       12  fcheck1.o(x$fpl$fcheck1)
    x$fpl$fcmpinf                            0x080027b8   Section       24  fcmpi.o(x$fpl$fcmpinf)
    x$fpl$feqf                               0x080027d0   Section      104  feqf.o(x$fpl$feqf)
    x$fpl$ffixu                              0x08002838   Section       62  ffixu.o(x$fpl$ffixu)
    x$fpl$fflt                               0x08002878   Section       48  fflt_clz.o(x$fpl$fflt)
    x$fpl$fleqf                              0x080028a8   Section      104  fleqf.o(x$fpl$fleqf)
    x$fpl$fmul                               0x08002910   Section      258  fmul.o(x$fpl$fmul)
    x$fpl$fnaninf                            0x08002a12   Section      140  fnaninf.o(x$fpl$fnaninf)
    x$fpl$fretinf                            0x08002a9e   Section       10  fretinf.o(x$fpl$fretinf)
    x$fpl$frleqf                             0x08002aa8   Section       98  frleqf.o(x$fpl$frleqf)
    x$fpl$frsb                               0x08002b0a   Section       20  faddsub_clz.o(x$fpl$frsb)
    x$fpl$fsub                               0x08002b20   Section      234  faddsub_clz.o(x$fpl$fsub)
    _fsub1                                   0x08002b2f   Thumb Code     0  faddsub_clz.o(x$fpl$fsub)
    x$fpl$retnan                             0x08002c0a   Section      100  retnan.o(x$fpl$retnan)
    x$fpl$scalbnf                            0x08002c6e   Section       76  scalbnf.o(x$fpl$scalbnf)
    x$fpl$trapveneer                         0x08002cba   Section       48  trapv.o(x$fpl$trapveneer)
    .constdata                               0x08002cea   Section       18  stm32f1xx_hal_rcc.o(.constdata)
    x$fpl$usenofp                            0x08002cea   Section        0  usenofp.o(x$fpl$usenofp)
    aPredivFactorTable                       0x08002cea   Data           2  stm32f1xx_hal_rcc.o(.constdata)
    aPLLMULFactorTable                       0x08002cec   Data          16  stm32f1xx_hal_rcc.o(.constdata)
    .constdata                               0x08002cfc   Section       16  system_stm32f1xx.o(.constdata)
    .constdata                               0x08002d0c   Section        8  system_stm32f1xx.o(.constdata)
    .data                                    0x20000000   Section        3  usart.o(.data)
    .data                                    0x20000004   Section       12  stm32f1xx_hal.o(.data)
    .data                                    0x20000010   Section        4  system_stm32f1xx.o(.data)
    .data                                    0x20000014   Section       16  schedule.o(.data)
    scheduler_task                           0x20000018   Data          12  schedule.o(.data)
    .data                                    0x20000024   Section       12  app_gimbal.o(.data)
    .data                                    0x20000030   Section       16  alg_datachange.o(.data)
    .data                                    0x20000040   Section       16  drv_dma.o(.data)
    .bss                                     0x20000050   Section      144  main.o(.bss)
    .bss                                     0x200000e0   Section      288  tim.o(.bss)
    .bss                                     0x20000200   Section      428  usart.o(.bss)
    .bss                                     0x200003ac   Section       12  drv_dma.o(.bss)
    .bss                                     0x200003b8   Section       12  drv_dma.o(.bss)
    .bss                                     0x200003c4   Section       96  libspace.o(.bss)
    HEAP                                     0x20000428   Section      512  startup_stm32f103xb.o(HEAP)
    Heap_Mem                                 0x20000428   Data         512  startup_stm32f103xb.o(HEAP)
    STACK                                    0x20000628   Section     1024  startup_stm32f103xb.o(STACK)
    Stack_Mem                                0x20000628   Data        1024  startup_stm32f103xb.o(STACK)
    __initial_sp                             0x20000a28   Data           0  startup_stm32f103xb.o(STACK)

    Global Symbols

    Symbol Name                              Value     Ov Type        Size  Object(Section)

    BuildAttributes$$THM_ISAv4$P$D$K$B$S$PE$A:L22UL41UL21$X:L11$S22US41US21$IEEE1$IW$USESV6$~STKCKD$USESV7$~SHL$OSPACE$ROPI$EBA8$UX$STANDARDLIB$REQ8$PRES8$EABIv2 0x00000000   Number         0  anon$$obj.o ABSOLUTE
    __ARM_use_no_argv                        0x00000000   Number         0  main.o ABSOLUTE
    __ARM_exceptions_init                     - Undefined Weak Reference
    __alloca_initialize                       - Undefined Weak Reference
    __arm_fini_                               - Undefined Weak Reference
    __arm_preinit_                            - Undefined Weak Reference
    __cpp_initialize__aeabi_                  - Undefined Weak Reference
    __cxa_finalize                            - Undefined Weak Reference
    __rt_locale                               - Undefined Weak Reference
    __sigvec_lookup                           - Undefined Weak Reference
    _atexit_init                              - Undefined Weak Reference
    _call_atexit_fns                          - Undefined Weak Reference
    _clock_init                               - Undefined Weak Reference
    _fp_trap_init                             - Undefined Weak Reference
    _fp_trap_shutdown                         - Undefined Weak Reference
    _get_lc_collate                           - Undefined Weak Reference
    _get_lc_ctype                             - Undefined Weak Reference
    _get_lc_monetary                          - Undefined Weak Reference
    _get_lc_numeric                           - Undefined Weak Reference
    _get_lc_time                              - Undefined Weak Reference
    _getenv_init                              - Undefined Weak Reference
    _handle_redirection                       - Undefined Weak Reference
    _init_alloc                               - Undefined Weak Reference
    _init_user_alloc                          - Undefined Weak Reference
    _initio                                   - Undefined Weak Reference
    _rand_init                                - Undefined Weak Reference
    _signal_finish                            - Undefined Weak Reference
    _signal_init                              - Undefined Weak Reference
    _terminate_alloc                          - Undefined Weak Reference
    _terminate_user_alloc                     - Undefined Weak Reference
    _terminateio                              - Undefined Weak Reference
    __Vectors_Size                           0x000000ec   Number         0  startup_stm32f103xb.o ABSOLUTE
    __Vectors                                0x08000000   Data           4  startup_stm32f103xb.o(RESET)
    __Vectors_End                            0x080000ec   Data           0  startup_stm32f103xb.o(RESET)
    __main                                   0x080000ed   Thumb Code     8  __main.o(!!!main)
    __scatterload                            0x080000f5   Thumb Code     0  __scatter.o(!!!scatter)
    __scatterload_rt2                        0x080000f5   Thumb Code    44  __scatter.o(!!!scatter)
    __scatterload_rt2_thumb_only             0x080000f5   Thumb Code     0  __scatter.o(!!!scatter)
    __scatterload_null                       0x08000103   Thumb Code     0  __scatter.o(!!!scatter)
    __scatterload_copy                       0x08000129   Thumb Code    26  __scatter_copy.o(!!handler_copy)
    __scatterload_zeroinit                   0x08000145   Thumb Code    28  __scatter_zi.o(!!handler_zi)
    __rt_lib_init                            0x08000161   Thumb Code     0  libinit.o(.ARM.Collect$$libinit$$00000000)
    __rt_lib_init_alloca_1                   0x08000163   Thumb Code     0  libinit2.o(.ARM.Collect$$libinit$$0000002E)
    __rt_lib_init_argv_1                     0x08000163   Thumb Code     0  libinit2.o(.ARM.Collect$$libinit$$0000002C)
    __rt_lib_init_atexit_1                   0x08000163   Thumb Code     0  libinit2.o(.ARM.Collect$$libinit$$0000001B)
    __rt_lib_init_clock_1                    0x08000163   Thumb Code     0  libinit2.o(.ARM.Collect$$libinit$$00000021)
    __rt_lib_init_cpp_1                      0x08000163   Thumb Code     0  libinit2.o(.ARM.Collect$$libinit$$00000032)
    __rt_lib_init_exceptions_1               0x08000163   Thumb Code     0  libinit2.o(.ARM.Collect$$libinit$$00000030)
    __rt_lib_init_fp_1                       0x08000163   Thumb Code     0  libinit2.o(.ARM.Collect$$libinit$$00000002)
    __rt_lib_init_fp_trap_1                  0x08000163   Thumb Code     0  libinit2.o(.ARM.Collect$$libinit$$0000001F)
    __rt_lib_init_getenv_1                   0x08000163   Thumb Code     0  libinit2.o(.ARM.Collect$$libinit$$00000023)
    __rt_lib_init_heap_1                     0x08000163   Thumb Code     0  libinit2.o(.ARM.Collect$$libinit$$0000000A)
    __rt_lib_init_lc_collate_1               0x08000163   Thumb Code     0  libinit2.o(.ARM.Collect$$libinit$$00000011)
    __rt_lib_init_lc_ctype_1                 0x08000163   Thumb Code     0  libinit2.o(.ARM.Collect$$libinit$$00000013)
    __rt_lib_init_lc_monetary_1              0x08000163   Thumb Code     0  libinit2.o(.ARM.Collect$$libinit$$00000015)
    __rt_lib_init_lc_numeric_1               0x08000163   Thumb Code     0  libinit2.o(.ARM.Collect$$libinit$$00000017)
    __rt_lib_init_lc_time_1                  0x08000163   Thumb Code     0  libinit2.o(.ARM.Collect$$libinit$$00000019)
    __rt_lib_init_preinit_1                  0x08000163   Thumb Code     0  libinit2.o(.ARM.Collect$$libinit$$00000004)
    __rt_lib_init_rand_1                     0x08000163   Thumb Code     0  libinit2.o(.ARM.Collect$$libinit$$0000000E)
    __rt_lib_init_return                     0x08000163   Thumb Code     0  libinit2.o(.ARM.Collect$$libinit$$00000033)
    __rt_lib_init_signal_1                   0x08000163   Thumb Code     0  libinit2.o(.ARM.Collect$$libinit$$0000001D)
    __rt_lib_init_stdio_1                    0x08000163   Thumb Code     0  libinit2.o(.ARM.Collect$$libinit$$00000025)
    __rt_lib_init_user_alloc_1               0x08000163   Thumb Code     0  libinit2.o(.ARM.Collect$$libinit$$0000000C)
    __rt_lib_shutdown                        0x08000165   Thumb Code     0  libshutdown.o(.ARM.Collect$$libshutdown$$00000000)
    __rt_lib_shutdown_cpp_1                  0x08000167   Thumb Code     0  libshutdown2.o(.ARM.Collect$$libshutdown$$00000004)
    __rt_lib_shutdown_fini_1                 0x08000167   Thumb Code     0  libshutdown2.o(.ARM.Collect$$libshutdown$$00000002)
    __rt_lib_shutdown_fp_trap_1              0x08000167   Thumb Code     0  libshutdown2.o(.ARM.Collect$$libshutdown$$00000009)
    __rt_lib_shutdown_heap_1                 0x08000167   Thumb Code     0  libshutdown2.o(.ARM.Collect$$libshutdown$$00000011)
    __rt_lib_shutdown_return                 0x08000167   Thumb Code     0  libshutdown2.o(.ARM.Collect$$libshutdown$$00000012)
    __rt_lib_shutdown_signal_1               0x08000167   Thumb Code     0  libshutdown2.o(.ARM.Collect$$libshutdown$$0000000C)
    __rt_lib_shutdown_stdio_1                0x08000167   Thumb Code     0  libshutdown2.o(.ARM.Collect$$libshutdown$$00000006)
    __rt_lib_shutdown_user_alloc_1           0x08000167   Thumb Code     0  libshutdown2.o(.ARM.Collect$$libshutdown$$0000000E)
    __rt_entry                               0x08000169   Thumb Code     0  __rtentry.o(.ARM.Collect$$rtentry$$00000000)
    __rt_entry_presh_1                       0x08000169   Thumb Code     0  __rtentry2.o(.ARM.Collect$$rtentry$$00000002)
    __rt_entry_sh                            0x08000169   Thumb Code     0  __rtentry4.o(.ARM.Collect$$rtentry$$00000004)
    __rt_entry_li                            0x0800016f   Thumb Code     0  __rtentry2.o(.ARM.Collect$$rtentry$$0000000A)
    __rt_entry_postsh_1                      0x0800016f   Thumb Code     0  __rtentry2.o(.ARM.Collect$$rtentry$$00000009)
    __rt_entry_main                          0x08000173   Thumb Code     0  __rtentry2.o(.ARM.Collect$$rtentry$$0000000D)
    __rt_entry_postli_1                      0x08000173   Thumb Code     0  __rtentry2.o(.ARM.Collect$$rtentry$$0000000C)
    __rt_exit                                0x0800017b   Thumb Code     0  rtexit.o(.ARM.Collect$$rtexit$$00000000)
    __rt_exit_ls                             0x0800017d   Thumb Code     0  rtexit2.o(.ARM.Collect$$rtexit$$00000003)
    __rt_exit_prels_1                        0x0800017d   Thumb Code     0  rtexit2.o(.ARM.Collect$$rtexit$$00000002)
    __rt_exit_exit                           0x08000181   Thumb Code     0  rtexit2.o(.ARM.Collect$$rtexit$$00000004)
    Reset_Handler                            0x08000189   Thumb Code     8  startup_stm32f103xb.o(.text)
    ADC1_2_IRQHandler                        0x080001a3   Thumb Code     0  startup_stm32f103xb.o(.text)
    CAN1_RX1_IRQHandler                      0x080001a3   Thumb Code     0  startup_stm32f103xb.o(.text)
    CAN1_SCE_IRQHandler                      0x080001a3   Thumb Code     0  startup_stm32f103xb.o(.text)
    DMA1_Channel1_IRQHandler                 0x080001a3   Thumb Code     0  startup_stm32f103xb.o(.text)
    DMA1_Channel4_IRQHandler                 0x080001a3   Thumb Code     0  startup_stm32f103xb.o(.text)
    DMA1_Channel5_IRQHandler                 0x080001a3   Thumb Code     0  startup_stm32f103xb.o(.text)
    EXTI0_IRQHandler                         0x080001a3   Thumb Code     0  startup_stm32f103xb.o(.text)
    EXTI15_10_IRQHandler                     0x080001a3   Thumb Code     0  startup_stm32f103xb.o(.text)
    EXTI1_IRQHandler                         0x080001a3   Thumb Code     0  startup_stm32f103xb.o(.text)
    EXTI2_IRQHandler                         0x080001a3   Thumb Code     0  startup_stm32f103xb.o(.text)
    EXTI3_IRQHandler                         0x080001a3   Thumb Code     0  startup_stm32f103xb.o(.text)
    EXTI4_IRQHandler                         0x080001a3   Thumb Code     0  startup_stm32f103xb.o(.text)
    EXTI9_5_IRQHandler                       0x080001a3   Thumb Code     0  startup_stm32f103xb.o(.text)
    FLASH_IRQHandler                         0x080001a3   Thumb Code     0  startup_stm32f103xb.o(.text)
    I2C1_ER_IRQHandler                       0x080001a3   Thumb Code     0  startup_stm32f103xb.o(.text)
    I2C1_EV_IRQHandler                       0x080001a3   Thumb Code     0  startup_stm32f103xb.o(.text)
    I2C2_ER_IRQHandler                       0x080001a3   Thumb Code     0  startup_stm32f103xb.o(.text)
    I2C2_EV_IRQHandler                       0x080001a3   Thumb Code     0  startup_stm32f103xb.o(.text)
    PVD_IRQHandler                           0x080001a3   Thumb Code     0  startup_stm32f103xb.o(.text)
    RCC_IRQHandler                           0x080001a3   Thumb Code     0  startup_stm32f103xb.o(.text)
    RTC_Alarm_IRQHandler                     0x080001a3   Thumb Code     0  startup_stm32f103xb.o(.text)
    RTC_IRQHandler                           0x080001a3   Thumb Code     0  startup_stm32f103xb.o(.text)
    SPI1_IRQHandler                          0x080001a3   Thumb Code     0  startup_stm32f103xb.o(.text)
    SPI2_IRQHandler                          0x080001a3   Thumb Code     0  startup_stm32f103xb.o(.text)
    TAMPER_IRQHandler                        0x080001a3   Thumb Code     0  startup_stm32f103xb.o(.text)
    TIM1_BRK_IRQHandler                      0x080001a3   Thumb Code     0  startup_stm32f103xb.o(.text)
    TIM1_CC_IRQHandler                       0x080001a3   Thumb Code     0  startup_stm32f103xb.o(.text)
    TIM1_TRG_COM_IRQHandler                  0x080001a3   Thumb Code     0  startup_stm32f103xb.o(.text)
    TIM1_UP_IRQHandler                       0x080001a3   Thumb Code     0  startup_stm32f103xb.o(.text)
    TIM2_IRQHandler                          0x080001a3   Thumb Code     0  startup_stm32f103xb.o(.text)
    TIM3_IRQHandler                          0x080001a3   Thumb Code     0  startup_stm32f103xb.o(.text)
    TIM4_IRQHandler                          0x080001a3   Thumb Code     0  startup_stm32f103xb.o(.text)
    USART1_IRQHandler                        0x080001a3   Thumb Code     0  startup_stm32f103xb.o(.text)
    USBWakeUp_IRQHandler                     0x080001a3   Thumb Code     0  startup_stm32f103xb.o(.text)
    USB_HP_CAN1_TX_IRQHandler                0x080001a3   Thumb Code     0  startup_stm32f103xb.o(.text)
    USB_LP_CAN1_RX0_IRQHandler               0x080001a3   Thumb Code     0  startup_stm32f103xb.o(.text)
    WWDG_IRQHandler                          0x080001a3   Thumb Code     0  startup_stm32f103xb.o(.text)
    __user_initial_stackheap                 0x080001a5   Thumb Code     0  startup_stm32f103xb.o(.text)
    __aeabi_memclr4                          0x080001c9   Thumb Code     0  rt_memclr_w.o(.text)
    __aeabi_memclr8                          0x080001c9   Thumb Code     0  rt_memclr_w.o(.text)
    __rt_memclr_w                            0x080001c9   Thumb Code    78  rt_memclr_w.o(.text)
    _memset_w                                0x080001cd   Thumb Code     0  rt_memclr_w.o(.text)
    __use_two_region_memory                  0x08000217   Thumb Code     2  heapauxi.o(.text)
    __rt_heap_escrow$2region                 0x08000219   Thumb Code     2  heapauxi.o(.text)
    __rt_heap_expand$2region                 0x0800021b   Thumb Code     2  heapauxi.o(.text)
    __user_setup_stackheap                   0x0800021d   Thumb Code    74  sys_stackheap_outer.o(.text)
    exit                                     0x08000267   Thumb Code    18  exit.o(.text)
    __user_libspace                          0x08000279   Thumb Code     8  libspace.o(.text)
    __user_perproc_libspace                  0x08000279   Thumb Code     0  libspace.o(.text)
    __user_perthread_libspace                0x08000279   Thumb Code     0  libspace.o(.text)
    _sys_exit                                0x08000281   Thumb Code     8  sys_exit.o(.text)
    __I$use$semihosting                      0x0800028d   Thumb Code     0  use_no_semi.o(.text)
    __use_no_semihosting_swi                 0x0800028d   Thumb Code     2  use_no_semi.o(.text)
    BusFault_Handler                         0x0800028f   Thumb Code     2  stm32f1xx_it.o(i.BusFault_Handler)
    __semihosting_library_function           0x0800028f   Thumb Code     0  indicate_semi.o(.text)
    DMA1_Channel2_IRQHandler                 0x08000291   Thumb Code     6  stm32f1xx_it.o(i.DMA1_Channel2_IRQHandler)
    DMA1_Channel3_IRQHandler                 0x0800029d   Thumb Code     6  stm32f1xx_it.o(i.DMA1_Channel3_IRQHandler)
    DMA1_Channel6_IRQHandler                 0x080002a9   Thumb Code     6  stm32f1xx_it.o(i.DMA1_Channel6_IRQHandler)
    DMA1_Channel7_IRQHandler                 0x080002b5   Thumb Code     6  stm32f1xx_it.o(i.DMA1_Channel7_IRQHandler)
    DebugMon_Handler                         0x080002eb   Thumb Code     2  stm32f1xx_it.o(i.DebugMon_Handler)
    Error_Handler                            0x080002ed   Thumb Code     4  main.o(i.Error_Handler)
    HAL_DMA_Abort                            0x080002f1   Thumb Code    70  stm32f1xx_hal_dma.o(i.HAL_DMA_Abort)
    HAL_DMA_Abort_IT                         0x08000339   Thumb Code   148  stm32f1xx_hal_dma.o(i.HAL_DMA_Abort_IT)
    HAL_DMA_IRQHandler                       0x080003d1   Thumb Code   316  stm32f1xx_hal_dma.o(i.HAL_DMA_IRQHandler)
    HAL_DMA_Init                             0x08000525   Thumb Code    84  stm32f1xx_hal_dma.o(i.HAL_DMA_Init)
    HAL_DMA_Start_IT                         0x08000581   Thumb Code   112  stm32f1xx_hal_dma.o(i.HAL_DMA_Start_IT)
    HAL_GPIO_Init                            0x080005f1   Thumb Code   446  stm32f1xx_hal_gpio.o(i.HAL_GPIO_Init)
    HAL_GPIO_WritePin                        0x080007d1   Thumb Code    10  stm32f1xx_hal_gpio.o(i.HAL_GPIO_WritePin)
    HAL_GetTick                              0x080007dd   Thumb Code     6  stm32f1xx_hal.o(i.HAL_GetTick)
    HAL_IncTick                              0x080007e9   Thumb Code    12  stm32f1xx_hal.o(i.HAL_IncTick)
    HAL_Init                                 0x080007f9   Thumb Code    32  stm32f1xx_hal.o(i.HAL_Init)
    HAL_InitTick                             0x0800081d   Thumb Code    54  stm32f1xx_hal.o(i.HAL_InitTick)
    HAL_MspInit                              0x0800085d   Thumb Code    52  stm32f1xx_hal_msp.o(i.HAL_MspInit)
    HAL_NVIC_EnableIRQ                       0x08000899   Thumb Code    26  stm32f1xx_hal_cortex.o(i.HAL_NVIC_EnableIRQ)
    HAL_NVIC_SetPriority                     0x080008b5   Thumb Code    60  stm32f1xx_hal_cortex.o(i.HAL_NVIC_SetPriority)
    HAL_NVIC_SetPriorityGrouping             0x080008f5   Thumb Code    26  stm32f1xx_hal_cortex.o(i.HAL_NVIC_SetPriorityGrouping)
    HAL_RCC_ClockConfig                      0x08000919   Thumb Code   280  stm32f1xx_hal_rcc.o(i.HAL_RCC_ClockConfig)
    HAL_RCC_GetPCLK1Freq                     0x08000a45   Thumb Code    20  stm32f1xx_hal_rcc.o(i.HAL_RCC_GetPCLK1Freq)
    HAL_RCC_GetPCLK2Freq                     0x08000a65   Thumb Code    20  stm32f1xx_hal_rcc.o(i.HAL_RCC_GetPCLK2Freq)
    HAL_RCC_GetSysClockFreq                  0x08000a85   Thumb Code    58  stm32f1xx_hal_rcc.o(i.HAL_RCC_GetSysClockFreq)
    HAL_RCC_OscConfig                        0x08000ad1   Thumb Code   778  stm32f1xx_hal_rcc.o(i.HAL_RCC_OscConfig)
    HAL_SYSTICK_Config                       0x08000df1   Thumb Code    40  stm32f1xx_hal_cortex.o(i.HAL_SYSTICK_Config)
    HAL_TIMEx_MasterConfigSynchronization    0x08000e19   Thumb Code    92  stm32f1xx_hal_tim_ex.o(i.HAL_TIMEx_MasterConfigSynchronization)
    HAL_TIM_Base_Init                        0x08000e81   Thumb Code    90  stm32f1xx_hal_tim.o(i.HAL_TIM_Base_Init)
    HAL_TIM_Base_MspInit                     0x08000edd   Thumb Code    52  tim.o(i.HAL_TIM_Base_MspInit)
    HAL_TIM_ConfigClockSource                0x08000f1d   Thumb Code   220  stm32f1xx_hal_tim.o(i.HAL_TIM_ConfigClockSource)
    HAL_TIM_Encoder_Init                     0x08000ff9   Thumb Code   164  stm32f1xx_hal_tim.o(i.HAL_TIM_Encoder_Init)
    HAL_TIM_Encoder_MspInit                  0x0800109d   Thumb Code   116  tim.o(i.HAL_TIM_Encoder_MspInit)
    HAL_TIM_Encoder_Start                    0x0800111d   Thumb Code   142  stm32f1xx_hal_tim.o(i.HAL_TIM_Encoder_Start)
    HAL_TIM_MspPostInit                      0x080011ad   Thumb Code   126  tim.o(i.HAL_TIM_MspPostInit)
    HAL_TIM_PWM_ConfigChannel                0x08001241   Thumb Code   204  stm32f1xx_hal_tim.o(i.HAL_TIM_PWM_ConfigChannel)
    HAL_TIM_PWM_Init                         0x0800130d   Thumb Code    90  stm32f1xx_hal_tim.o(i.HAL_TIM_PWM_Init)
    HAL_TIM_PWM_MspInit                      0x08001367   Thumb Code     2  stm32f1xx_hal_tim.o(i.HAL_TIM_PWM_MspInit)
    HAL_TIM_PWM_Start                        0x08001369   Thumb Code   144  stm32f1xx_hal_tim.o(i.HAL_TIM_PWM_Start)
    HAL_UARTEx_ReceiveToIdle_DMA             0x08001405   Thumb Code    74  stm32f1xx_hal_uart.o(i.HAL_UARTEx_ReceiveToIdle_DMA)
    HAL_UARTEx_RxEventCallback               0x08001451   Thumb Code   102  drv_dma.o(i.HAL_UARTEx_RxEventCallback)
    HAL_UART_ErrorCallback                   0x080014dd   Thumb Code     2  stm32f1xx_hal_uart.o(i.HAL_UART_ErrorCallback)
    HAL_UART_IRQHandler                      0x080014e1   Thumb Code   616  stm32f1xx_hal_uart.o(i.HAL_UART_IRQHandler)
    HAL_UART_Init                            0x0800174d   Thumb Code   100  stm32f1xx_hal_uart.o(i.HAL_UART_Init)
    HAL_UART_MspInit                         0x080017b1   Thumb Code   368  usart.o(i.HAL_UART_MspInit)
    HAL_UART_RxCpltCallback                  0x0800193d   Thumb Code     2  stm32f1xx_hal_uart.o(i.HAL_UART_RxCpltCallback)
    HAL_UART_RxHalfCpltCallback              0x0800193f   Thumb Code     2  stm32f1xx_hal_uart.o(i.HAL_UART_RxHalfCpltCallback)
    HAL_UART_TxCpltCallback                  0x08001941   Thumb Code     2  stm32f1xx_hal_uart.o(i.HAL_UART_TxCpltCallback)
    HardFault_Handler                        0x08001943   Thumb Code     2  stm32f1xx_it.o(i.HardFault_Handler)
    MX_DMA_Init                              0x08001945   Thumb Code    88  dma.o(i.MX_DMA_Init)
    MX_GPIO_Init                             0x080019a1   Thumb Code   104  gpio.o(i.MX_GPIO_Init)
    MX_TIM1_Init                             0x08001a11   Thumb Code   100  tim.o(i.MX_TIM1_Init)
    MX_TIM2_Init                             0x08001a7d   Thumb Code   100  tim.o(i.MX_TIM2_Init)
    MX_TIM3_Init                             0x08001ae5   Thumb Code   192  tim.o(i.MX_TIM3_Init)
    MX_TIM4_Init                             0x08001bad   Thumb Code   162  tim.o(i.MX_TIM4_Init)
    MX_USART2_UART_Init                      0x08001c59   Thumb Code    66  usart.o(i.MX_USART2_UART_Init)
    MX_USART3_UART_Init                      0x08001ca9   Thumb Code    68  usart.o(i.MX_USART3_UART_Init)
    MemManage_Handler                        0x08001cf5   Thumb Code     2  stm32f1xx_it.o(i.MemManage_Handler)
    NMI_Handler                              0x08001cf7   Thumb Code     2  stm32f1xx_it.o(i.NMI_Handler)
    PendSV_Handler                           0x08001cf9   Thumb Code     2  stm32f1xx_it.o(i.PendSV_Handler)
    SVC_Handler                              0x08001cfb   Thumb Code     2  stm32f1xx_it.o(i.SVC_Handler)
    SysTick_Handler                          0x08001cfd   Thumb Code     4  stm32f1xx_it.o(i.SysTick_Handler)
    SystemInit                               0x08001d01   Thumb Code     2  system_stm32f1xx.o(i.SystemInit)
    TIM_Base_SetConfig                       0x08001d05   Thumb Code   108  stm32f1xx_hal_tim.o(i.TIM_Base_SetConfig)
    TIM_CCxChannelCmd                        0x08001d7d   Thumb Code    26  stm32f1xx_hal_tim.o(i.TIM_CCxChannelCmd)
    TIM_ETR_SetConfig                        0x08001d97   Thumb Code    20  stm32f1xx_hal_tim.o(i.TIM_ETR_SetConfig)
    TIM_OC2_SetConfig                        0x08001e0d   Thumb Code    84  stm32f1xx_hal_tim.o(i.TIM_OC2_SetConfig)
    UART_Start_Receive_DMA                   0x08002229   Thumb Code   130  stm32f1xx_hal_uart.o(i.UART_Start_Receive_DMA)
    USART2_IRQHandler                        0x080022b9   Thumb Code     6  stm32f1xx_it.o(i.USART2_IRQHandler)
    USART3_IRQHandler                        0x080022c5   Thumb Code     6  stm32f1xx_it.o(i.USART3_IRQHandler)
    UsageFault_Handler                       0x080022d1   Thumb Code     2  stm32f1xx_it.o(i.UsageFault_Handler)
    gimbal_proc()                            0x080022d5   Thumb Code   120  app_gimbal.o(i._Z11gimbal_procv)
    output_limit(float*)                     0x0800236d   Thumb Code    18  alg_limit.o(i._Z12output_limitPf)
    char_to_float(unsigned char*)            0x08002389   Thumb Code    16  alg_datachange.o(i._Z13char_to_floatPh)
    scheduler_run()                          0x0800239d   Thumb Code    56  schedule.o(i._Z13scheduler_runv)
    char_to_uint32(unsigned char*)           0x080023d9   Thumb Code   176  alg_datachange.o(i._Z14char_to_uint32Ph)
    scheduler_init()                         0x08002499   Thumb Code     8  schedule.o(i._Z14scheduler_initv)
    SystemClock_Config()                     0x080024a5   Thumb Code    94  main.o(i._Z18SystemClock_Configv)
    PID::PID_Init(float, float, float, float, float) 0x08002503   Thumb Code    16  alg_pid.o(i._ZN3PID8PID_InitEfffff)
    Gimbal::PID_Compute(float)               0x08002513   Thumb Code   154  alg_pid.o(i._ZN6Gimbal11PID_ComputeEf)
    Gimbal::PID_Init(float, float, float, float, float) 0x080025ad   Thumb Code    12  alg_pid.o(i._ZN6Gimbal8PID_InitEfffff)
    CHASSIS::Chassis_Init()                  0x080025b9   Thumb Code    56  app_chassis.o(i._ZN7CHASSIS12Chassis_InitEv)
    main                                     0x08002621   Thumb Code   166  main.o(i.main)
    __aeabi_fadd                             0x080026e9   Thumb Code     0  faddsub_clz.o(x$fpl$fadd)
    _fadd                                    0x080026e9   Thumb Code   196  faddsub_clz.o(x$fpl$fadd)
    __fpl_fcheck_NaN1                        0x080027ad   Thumb Code     6  fcheck1.o(x$fpl$fcheck1)
    __fpl_fcmp_Inf                           0x080027b9   Thumb Code    24  fcmpi.o(x$fpl$fcmpinf)
    __aeabi_cfcmpeq                          0x080027d1   Thumb Code     0  feqf.o(x$fpl$feqf)
    _fcmpeq                                  0x080027d1   Thumb Code   104  feqf.o(x$fpl$feqf)
    __aeabi_f2uiz                            0x08002839   Thumb Code     0  ffixu.o(x$fpl$ffixu)
    _ffixu                                   0x08002839   Thumb Code    62  ffixu.o(x$fpl$ffixu)
    __aeabi_i2f                              0x08002879   Thumb Code     0  fflt_clz.o(x$fpl$fflt)
    _fflt                                    0x08002879   Thumb Code    48  fflt_clz.o(x$fpl$fflt)
    __aeabi_cfcmple                          0x080028a9   Thumb Code     0  fleqf.o(x$fpl$fleqf)
    _fcmple                                  0x080028a9   Thumb Code   104  fleqf.o(x$fpl$fleqf)
    __fpl_fcmple_InfNaN                      0x080028fb   Thumb Code     0  fleqf.o(x$fpl$fleqf)
    __aeabi_fmul                             0x08002911   Thumb Code     0  fmul.o(x$fpl$fmul)
    _fmul                                    0x08002911   Thumb Code   258  fmul.o(x$fpl$fmul)
    __fpl_fnaninf                            0x08002a13   Thumb Code   140  fnaninf.o(x$fpl$fnaninf)
    __fpl_fretinf                            0x08002a9f   Thumb Code    10  fretinf.o(x$fpl$fretinf)
    __aeabi_cfrcmple                         0x08002aa9   Thumb Code     0  frleqf.o(x$fpl$frleqf)
    _frcmple                                 0x08002aa9   Thumb Code    98  frleqf.o(x$fpl$frleqf)
    __aeabi_frsub                            0x08002b0b   Thumb Code     0  faddsub_clz.o(x$fpl$frsb)
    _frsb                                    0x08002b0b   Thumb Code    20  faddsub_clz.o(x$fpl$frsb)
    __aeabi_fsub                             0x08002b21   Thumb Code     0  faddsub_clz.o(x$fpl$fsub)
    _fsub                                    0x08002b21   Thumb Code   234  faddsub_clz.o(x$fpl$fsub)
    __fpl_return_NaN                         0x08002c0b   Thumb Code   100  retnan.o(x$fpl$retnan)
    __ARM_scalbnf                            0x08002c6f   Thumb Code    76  scalbnf.o(x$fpl$scalbnf)
    __fpl_cmpreturn                          0x08002cbb   Thumb Code    48  trapv.o(x$fpl$trapveneer)
    __I$use$fp                               0x08002cea   Number         0  usenofp.o(x$fpl$usenofp)
    AHBPrescTable                            0x08002cfc   Data          16  system_stm32f1xx.o(.constdata)
    APBPrescTable                            0x08002d0c   Data           8  system_stm32f1xx.o(.constdata)
    Region$$Table$$Base                      0x08002d14   Number         0  anon$$obj.o(Region$$Table)
    Region$$Table$$Limit                     0x08002d34   Number         0  anon$$obj.o(Region$$Table)
    uart2_rx_buffer                          0x20000000   Data           3  usart.o(.data)
    uwTickFreq                               0x20000004   Data           1  stm32f1xx_hal.o(.data)
    uwTickPrio                               0x20000008   Data           4  stm32f1xx_hal.o(.data)
    uwTick                                   0x2000000c   Data           4  stm32f1xx_hal.o(.data)
    SystemCoreClock                          0x20000010   Data           4  system_stm32f1xx.o(.data)
    task_num                                 0x20000014   Data           1  schedule.o(.data)
    unwatch_flag                             0x20000024   Data           1  app_gimbal.o(.data)
    error                                    0x20000028   Data           8  app_gimbal.o(.data)
    static_error                             0x20000030   Data           4  alg_datachange.o(.data)
    count                                    0x20000034   Data           4  alg_datachange.o(.data)
    last_error                               0x20000038   Data           8  alg_datachange.o(.data)
    photo_data                               0x20000040   Data          16  drv_dma.o(.data)
    chassis                                  0x20000050   Data          72  main.o(.bss)
    pitch                                    0x20000098   Data          36  main.o(.bss)
    yaw                                      0x200000bc   Data          36  main.o(.bss)
    htim1                                    0x200000e0   Data          72  tim.o(.bss)
    htim2                                    0x20000128   Data          72  tim.o(.bss)
    htim3                                    0x20000170   Data          72  tim.o(.bss)
    htim4                                    0x200001b8   Data          72  tim.o(.bss)
    uart3_rx_buffer                          0x20000200   Data          10  usart.o(.bss)
    huart2                                   0x2000020c   Data          72  usart.o(.bss)
    huart3                                   0x20000254   Data          72  usart.o(.bss)
    hdma_usart2_rx                           0x2000029c   Data          68  usart.o(.bss)
    hdma_usart2_tx                           0x200002e0   Data          68  usart.o(.bss)
    hdma_usart3_rx                           0x20000324   Data          68  usart.o(.bss)
    hdma_usart3_tx                           0x20000368   Data          68  usart.o(.bss)
    uart3_rx_data                            0x200003ac   Data          12  drv_dma.o(.bss)
    radar_data                               0x200003b8   Data          12  drv_dma.o(.bss)
    __libspace_start                         0x200003c4   Data          96  libspace.o(.bss)
    __temporary_stack_top$libspace           0x20000424   Data           0  libspace.o(.bss)



==============================================================================

Memory Map of the image

  Image Entry point : 0x080000ed

  Load Region LR_IROM1 (Base: 0x08000000, Size: 0x00002d84, Max: 0x00010000, ABSOLUTE)

    Execution Region ER_IROM1 (Exec base: 0x08000000, Load base: 0x08000000, Size: 0x00002d34, Max: 0x00010000, ABSOLUTE)

    Exec Addr    Load Addr    Size         Type   Attr      Idx    E Section Name        Object

    0x08000000   0x08000000   0x000000ec   Data   RO            3    RESET               startup_stm32f103xb.o
    0x080000ec   0x080000ec   0x00000008   Code   RO         3362  * !!!main             c_w.l(__main.o)
    0x080000f4   0x080000f4   0x00000034   Code   RO         3560    !!!scatter          c_w.l(__scatter.o)
    0x08000128   0x08000128   0x0000001a   Code   RO         3562    !!handler_copy      c_w.l(__scatter_copy.o)
    0x08000142   0x08000142   0x00000002   PAD
    0x08000144   0x08000144   0x0000001c   Code   RO         3564    !!handler_zi        c_w.l(__scatter_zi.o)
    0x08000160   0x08000160   0x00000002   Code   RO         3426    .ARM.Collect$$libinit$$00000000  c_w.l(libinit.o)
    0x08000162   0x08000162   0x00000000   Code   RO         3435    .ARM.Collect$$libinit$$00000002  c_w.l(libinit2.o)
    0x08000162   0x08000162   0x00000000   Code   RO         3437    .ARM.Collect$$libinit$$00000004  c_w.l(libinit2.o)
    0x08000162   0x08000162   0x00000000   Code   RO         3440    .ARM.Collect$$libinit$$0000000A  c_w.l(libinit2.o)
    0x08000162   0x08000162   0x00000000   Code   RO         3442    .ARM.Collect$$libinit$$0000000C  c_w.l(libinit2.o)
    0x08000162   0x08000162   0x00000000   Code   RO         3444    .ARM.Collect$$libinit$$0000000E  c_w.l(libinit2.o)
    0x08000162   0x08000162   0x00000000   Code   RO         3447    .ARM.Collect$$libinit$$00000011  c_w.l(libinit2.o)
    0x08000162   0x08000162   0x00000000   Code   RO         3449    .ARM.Collect$$libinit$$00000013  c_w.l(libinit2.o)
    0x08000162   0x08000162   0x00000000   Code   RO         3451    .ARM.Collect$$libinit$$00000015  c_w.l(libinit2.o)
    0x08000162   0x08000162   0x00000000   Code   RO         3453    .ARM.Collect$$libinit$$00000017  c_w.l(libinit2.o)
    0x08000162   0x08000162   0x00000000   Code   RO         3455    .ARM.Collect$$libinit$$00000019  c_w.l(libinit2.o)
    0x08000162   0x08000162   0x00000000   Code   RO         3457    .ARM.Collect$$libinit$$0000001B  c_w.l(libinit2.o)
    0x08000162   0x08000162   0x00000000   Code   RO         3459    .ARM.Collect$$libinit$$0000001D  c_w.l(libinit2.o)
    0x08000162   0x08000162   0x00000000   Code   RO         3461    .ARM.Collect$$libinit$$0000001F  c_w.l(libinit2.o)
    0x08000162   0x08000162   0x00000000   Code   RO         3463    .ARM.Collect$$libinit$$00000021  c_w.l(libinit2.o)
    0x08000162   0x08000162   0x00000000   Code   RO         3465    .ARM.Collect$$libinit$$00000023  c_w.l(libinit2.o)
    0x08000162   0x08000162   0x00000000   Code   RO         3467    .ARM.Collect$$libinit$$00000025  c_w.l(libinit2.o)
    0x08000162   0x08000162   0x00000000   Code   RO         3471    .ARM.Collect$$libinit$$0000002C  c_w.l(libinit2.o)
    0x08000162   0x08000162   0x00000000   Code   RO         3473    .ARM.Collect$$libinit$$0000002E  c_w.l(libinit2.o)
    0x08000162   0x08000162   0x00000000   Code   RO         3475    .ARM.Collect$$libinit$$00000030  c_w.l(libinit2.o)
    0x08000162   0x08000162   0x00000000   Code   RO         3477    .ARM.Collect$$libinit$$00000032  c_w.l(libinit2.o)
    0x08000162   0x08000162   0x00000002   Code   RO         3478    .ARM.Collect$$libinit$$00000033  c_w.l(libinit2.o)
    0x08000164   0x08000164   0x00000002   Code   RO         3498    .ARM.Collect$$libshutdown$$00000000  c_w.l(libshutdown.o)
    0x08000166   0x08000166   0x00000000   Code   RO         3511    .ARM.Collect$$libshutdown$$00000002  c_w.l(libshutdown2.o)
    0x08000166   0x08000166   0x00000000   Code   RO         3513    .ARM.Collect$$libshutdown$$00000004  c_w.l(libshutdown2.o)
    0x08000166   0x08000166   0x00000000   Code   RO         3515    .ARM.Collect$$libshutdown$$00000006  c_w.l(libshutdown2.o)
    0x08000166   0x08000166   0x00000000   Code   RO         3518    .ARM.Collect$$libshutdown$$00000009  c_w.l(libshutdown2.o)
    0x08000166   0x08000166   0x00000000   Code   RO         3521    .ARM.Collect$$libshutdown$$0000000C  c_w.l(libshutdown2.o)
    0x08000166   0x08000166   0x00000000   Code   RO         3523    .ARM.Collect$$libshutdown$$0000000E  c_w.l(libshutdown2.o)
    0x08000166   0x08000166   0x00000000   Code   RO         3526    .ARM.Collect$$libshutdown$$00000011  c_w.l(libshutdown2.o)
    0x08000166   0x08000166   0x00000002   Code   RO         3527    .ARM.Collect$$libshutdown$$00000012  c_w.l(libshutdown2.o)
    0x08000168   0x08000168   0x00000000   Code   RO         3390    .ARM.Collect$$rtentry$$00000000  c_w.l(__rtentry.o)
    0x08000168   0x08000168   0x00000000   Code   RO         3401    .ARM.Collect$$rtentry$$00000002  c_w.l(__rtentry2.o)
    0x08000168   0x08000168   0x00000006   Code   RO         3413    .ARM.Collect$$rtentry$$00000004  c_w.l(__rtentry4.o)
    0x0800016e   0x0800016e   0x00000000   Code   RO         3403    .ARM.Collect$$rtentry$$00000009  c_w.l(__rtentry2.o)
    0x0800016e   0x0800016e   0x00000004   Code   RO         3404    .ARM.Collect$$rtentry$$0000000A  c_w.l(__rtentry2.o)
    0x08000172   0x08000172   0x00000000   Code   RO         3406    .ARM.Collect$$rtentry$$0000000C  c_w.l(__rtentry2.o)
    0x08000172   0x08000172   0x00000008   Code   RO         3407    .ARM.Collect$$rtentry$$0000000D  c_w.l(__rtentry2.o)
    0x0800017a   0x0800017a   0x00000002   Code   RO         3432    .ARM.Collect$$rtexit$$00000000  c_w.l(rtexit.o)
    0x0800017c   0x0800017c   0x00000000   Code   RO         3480    .ARM.Collect$$rtexit$$00000002  c_w.l(rtexit2.o)
    0x0800017c   0x0800017c   0x00000004   Code   RO         3481    .ARM.Collect$$rtexit$$00000003  c_w.l(rtexit2.o)
    0x08000180   0x08000180   0x00000006   Code   RO         3482    .ARM.Collect$$rtexit$$00000004  c_w.l(rtexit2.o)
    0x08000186   0x08000186   0x00000002   PAD
    0x08000188   0x08000188   0x00000040   Code   RO            4    .text               startup_stm32f103xb.o
    0x080001c8   0x080001c8   0x0000004e   Code   RO         3358    .text               c_w.l(rt_memclr_w.o)
    0x08000216   0x08000216   0x00000006   Code   RO         3360    .text               c_w.l(heapauxi.o)
    0x0800021c   0x0800021c   0x0000004a   Code   RO         3417    .text               c_w.l(sys_stackheap_outer.o)
    0x08000266   0x08000266   0x00000012   Code   RO         3419    .text               c_w.l(exit.o)
    0x08000278   0x08000278   0x00000008   Code   RO         3429    .text               c_w.l(libspace.o)
    0x08000280   0x08000280   0x0000000c   Code   RO         3490    .text               c_w.l(sys_exit.o)
    0x0800028c   0x0800028c   0x00000002   Code   RO         3501    .text               c_w.l(use_no_semi.o)
    0x0800028e   0x0800028e   0x00000000   Code   RO         3503    .text               c_w.l(indicate_semi.o)
    0x0800028e   0x0800028e   0x00000002   Code   RO          438    i.BusFault_Handler  stm32f1xx_it.o
    0x08000290   0x08000290   0x0000000c   Code   RO          439    i.DMA1_Channel2_IRQHandler  stm32f1xx_it.o
    0x0800029c   0x0800029c   0x0000000c   Code   RO          440    i.DMA1_Channel3_IRQHandler  stm32f1xx_it.o
    0x080002a8   0x080002a8   0x0000000c   Code   RO          441    i.DMA1_Channel6_IRQHandler  stm32f1xx_it.o
    0x080002b4   0x080002b4   0x0000000c   Code   RO          442    i.DMA1_Channel7_IRQHandler  stm32f1xx_it.o
    0x080002c0   0x080002c0   0x0000002a   Code   RO         1963    i.DMA_SetConfig     stm32f1xx_hal_dma.o
    0x080002ea   0x080002ea   0x00000002   Code   RO          443    i.DebugMon_Handler  stm32f1xx_it.o
    0x080002ec   0x080002ec   0x00000004   Code   RO           13    i.Error_Handler     main.o
    0x080002f0   0x080002f0   0x00000046   Code   RO         1964    i.HAL_DMA_Abort     stm32f1xx_hal_dma.o
    0x08000336   0x08000336   0x00000002   PAD
    0x08000338   0x08000338   0x00000098   Code   RO         1965    i.HAL_DMA_Abort_IT  stm32f1xx_hal_dma.o
    0x080003d0   0x080003d0   0x00000154   Code   RO         1969    i.HAL_DMA_IRQHandler  stm32f1xx_hal_dma.o
    0x08000524   0x08000524   0x0000005c   Code   RO         1970    i.HAL_DMA_Init      stm32f1xx_hal_dma.o
    0x08000580   0x08000580   0x00000070   Code   RO         1974    i.HAL_DMA_Start_IT  stm32f1xx_hal_dma.o
    0x080005f0   0x080005f0   0x000001e0   Code   RO         1900    i.HAL_GPIO_Init     stm32f1xx_hal_gpio.o
    0x080007d0   0x080007d0   0x0000000a   Code   RO         1904    i.HAL_GPIO_WritePin  stm32f1xx_hal_gpio.o
    0x080007da   0x080007da   0x00000002   PAD
    0x080007dc   0x080007dc   0x0000000c   Code   RO         1594    i.HAL_GetTick       stm32f1xx_hal.o
    0x080007e8   0x080007e8   0x00000010   Code   RO         1600    i.HAL_IncTick       stm32f1xx_hal.o
    0x080007f8   0x080007f8   0x00000024   Code   RO         1601    i.HAL_Init          stm32f1xx_hal.o
    0x0800081c   0x0800081c   0x00000040   Code   RO         1602    i.HAL_InitTick      stm32f1xx_hal.o
    0x0800085c   0x0800085c   0x0000003c   Code   RO          550    i.HAL_MspInit       stm32f1xx_hal_msp.o
    0x08000898   0x08000898   0x0000001a   Code   RO         2060    i.HAL_NVIC_EnableIRQ  stm32f1xx_hal_cortex.o
    0x080008b2   0x080008b2   0x00000002   PAD
    0x080008b4   0x080008b4   0x00000040   Code   RO         2066    i.HAL_NVIC_SetPriority  stm32f1xx_hal_cortex.o
    0x080008f4   0x080008f4   0x00000024   Code   RO         2067    i.HAL_NVIC_SetPriorityGrouping  stm32f1xx_hal_cortex.o
    0x08000918   0x08000918   0x0000012c   Code   RO         1758    i.HAL_RCC_ClockConfig  stm32f1xx_hal_rcc.o
    0x08000a44   0x08000a44   0x00000020   Code   RO         1765    i.HAL_RCC_GetPCLK1Freq  stm32f1xx_hal_rcc.o
    0x08000a64   0x08000a64   0x00000020   Code   RO         1766    i.HAL_RCC_GetPCLK2Freq  stm32f1xx_hal_rcc.o
    0x08000a84   0x08000a84   0x0000004c   Code   RO         1767    i.HAL_RCC_GetSysClockFreq  stm32f1xx_hal_rcc.o
    0x08000ad0   0x08000ad0   0x00000320   Code   RO         1770    i.HAL_RCC_OscConfig  stm32f1xx_hal_rcc.o
    0x08000df0   0x08000df0   0x00000028   Code   RO         2071    i.HAL_SYSTICK_Config  stm32f1xx_hal_cortex.o
    0x08000e18   0x08000e18   0x00000068   Code   RO         1335    i.HAL_TIMEx_MasterConfigSynchronization  stm32f1xx_hal_tim_ex.o
    0x08000e80   0x08000e80   0x0000005a   Code   RO          612    i.HAL_TIM_Base_Init  stm32f1xx_hal_tim.o
    0x08000eda   0x08000eda   0x00000002   PAD
    0x08000edc   0x08000edc   0x00000040   Code   RO          312    i.HAL_TIM_Base_MspInit  tim.o
    0x08000f1c   0x08000f1c   0x000000dc   Code   RO          621    i.HAL_TIM_ConfigClockSource  stm32f1xx_hal_tim.o
    0x08000ff8   0x08000ff8   0x000000a4   Code   RO          633    i.HAL_TIM_Encoder_Init  stm32f1xx_hal_tim.o
    0x0800109c   0x0800109c   0x00000080   Code   RO          314    i.HAL_TIM_Encoder_MspInit  tim.o
    0x0800111c   0x0800111c   0x0000008e   Code   RO          636    i.HAL_TIM_Encoder_Start  stm32f1xx_hal_tim.o
    0x080011aa   0x080011aa   0x00000002   PAD
    0x080011ac   0x080011ac   0x00000094   Code   RO          315    i.HAL_TIM_MspPostInit  tim.o
    0x08001240   0x08001240   0x000000cc   Code   RO          684    i.HAL_TIM_PWM_ConfigChannel  stm32f1xx_hal_tim.o
    0x0800130c   0x0800130c   0x0000005a   Code   RO          687    i.HAL_TIM_PWM_Init  stm32f1xx_hal_tim.o
    0x08001366   0x08001366   0x00000002   Code   RO          689    i.HAL_TIM_PWM_MspInit  stm32f1xx_hal_tim.o
    0x08001368   0x08001368   0x0000009c   Code   RO          692    i.HAL_TIM_PWM_Start  stm32f1xx_hal_tim.o
    0x08001404   0x08001404   0x0000004a   Code   RO         2570    i.HAL_UARTEx_ReceiveToIdle_DMA  stm32f1xx_hal_uart.o
    0x0800144e   0x0800144e   0x00000002   PAD
    0x08001450   0x08001450   0x0000008c   Code   RO         3319    i.HAL_UARTEx_RxEventCallback  drv_dma.o
    0x080014dc   0x080014dc   0x00000002   Code   RO         2586    i.HAL_UART_ErrorCallback  stm32f1xx_hal_uart.o
    0x080014de   0x080014de   0x00000002   PAD
    0x080014e0   0x080014e0   0x0000026c   Code   RO         2589    i.HAL_UART_IRQHandler  stm32f1xx_hal_uart.o
    0x0800174c   0x0800174c   0x00000064   Code   RO         2590    i.HAL_UART_Init     stm32f1xx_hal_uart.o
    0x080017b0   0x080017b0   0x0000018c   Code   RO          390    i.HAL_UART_MspInit  usart.o
    0x0800193c   0x0800193c   0x00000002   Code   RO         2596    i.HAL_UART_RxCpltCallback  stm32f1xx_hal_uart.o
    0x0800193e   0x0800193e   0x00000002   Code   RO         2597    i.HAL_UART_RxHalfCpltCallback  stm32f1xx_hal_uart.o
    0x08001940   0x08001940   0x00000002   Code   RO         2601    i.HAL_UART_TxCpltCallback  stm32f1xx_hal_uart.o
    0x08001942   0x08001942   0x00000002   Code   RO          444    i.HardFault_Handler  stm32f1xx_it.o
    0x08001944   0x08001944   0x0000005c   Code   RO          284    i.MX_DMA_Init       dma.o
    0x080019a0   0x080019a0   0x00000070   Code   RO          169    i.MX_GPIO_Init      gpio.o
    0x08001a10   0x08001a10   0x0000006c   Code   RO          316    i.MX_TIM1_Init      tim.o
    0x08001a7c   0x08001a7c   0x00000068   Code   RO          317    i.MX_TIM2_Init      tim.o
    0x08001ae4   0x08001ae4   0x000000c8   Code   RO          318    i.MX_TIM3_Init      tim.o
    0x08001bac   0x08001bac   0x000000ac   Code   RO          319    i.MX_TIM4_Init      tim.o
    0x08001c58   0x08001c58   0x00000050   Code   RO          391    i.MX_USART2_UART_Init  usart.o
    0x08001ca8   0x08001ca8   0x0000004c   Code   RO          392    i.MX_USART3_UART_Init  usart.o
    0x08001cf4   0x08001cf4   0x00000002   Code   RO          445    i.MemManage_Handler  stm32f1xx_it.o
    0x08001cf6   0x08001cf6   0x00000002   Code   RO          446    i.NMI_Handler       stm32f1xx_it.o
    0x08001cf8   0x08001cf8   0x00000002   Code   RO          447    i.PendSV_Handler    stm32f1xx_it.o
    0x08001cfa   0x08001cfa   0x00000002   Code   RO          448    i.SVC_Handler       stm32f1xx_it.o
    0x08001cfc   0x08001cfc   0x00000004   Code   RO          449    i.SysTick_Handler   stm32f1xx_it.o
    0x08001d00   0x08001d00   0x00000002   Code   RO         2924    i.SystemInit        system_stm32f1xx.o
    0x08001d02   0x08001d02   0x00000002   PAD
    0x08001d04   0x08001d04   0x00000078   Code   RO          705    i.TIM_Base_SetConfig  stm32f1xx_hal_tim.o
    0x08001d7c   0x08001d7c   0x0000001a   Code   RO          706    i.TIM_CCxChannelCmd  stm32f1xx_hal_tim.o
    0x08001d96   0x08001d96   0x00000014   Code   RO          716    i.TIM_ETR_SetConfig  stm32f1xx_hal_tim.o
    0x08001daa   0x08001daa   0x00000010   Code   RO          717    i.TIM_ITRx_SetConfig  stm32f1xx_hal_tim.o
    0x08001dba   0x08001dba   0x00000002   PAD
    0x08001dbc   0x08001dbc   0x00000050   Code   RO          718    i.TIM_OC1_SetConfig  stm32f1xx_hal_tim.o
    0x08001e0c   0x08001e0c   0x00000058   Code   RO          719    i.TIM_OC2_SetConfig  stm32f1xx_hal_tim.o
    0x08001e64   0x08001e64   0x00000058   Code   RO          720    i.TIM_OC3_SetConfig  stm32f1xx_hal_tim.o
    0x08001ebc   0x08001ebc   0x00000044   Code   RO          721    i.TIM_OC4_SetConfig  stm32f1xx_hal_tim.o
    0x08001f00   0x08001f00   0x00000022   Code   RO          723    i.TIM_TI1_ConfigInputStage  stm32f1xx_hal_tim.o
    0x08001f22   0x08001f22   0x00000024   Code   RO          725    i.TIM_TI2_ConfigInputStage  stm32f1xx_hal_tim.o
    0x08001f46   0x08001f46   0x00000010   Code   RO         2603    i.UART_DMAAbortOnError  stm32f1xx_hal_uart.o
    0x08001f56   0x08001f56   0x0000004a   Code   RO         2604    i.UART_DMAError     stm32f1xx_hal_uart.o
    0x08001fa0   0x08001fa0   0x00000086   Code   RO         2605    i.UART_DMAReceiveCplt  stm32f1xx_hal_uart.o
    0x08002026   0x08002026   0x0000001e   Code   RO         2607    i.UART_DMARxHalfCplt  stm32f1xx_hal_uart.o
    0x08002044   0x08002044   0x0000004e   Code   RO         2613    i.UART_EndRxTransfer  stm32f1xx_hal_uart.o
    0x08002092   0x08002092   0x0000001c   Code   RO         2614    i.UART_EndTxTransfer  stm32f1xx_hal_uart.o
    0x080020ae   0x080020ae   0x000000c2   Code   RO         2615    i.UART_Receive_IT   stm32f1xx_hal_uart.o
    0x08002170   0x08002170   0x000000b8   Code   RO         2616    i.UART_SetConfig    stm32f1xx_hal_uart.o
    0x08002228   0x08002228   0x00000090   Code   RO         2617    i.UART_Start_Receive_DMA  stm32f1xx_hal_uart.o
    0x080022b8   0x080022b8   0x0000000c   Code   RO          450    i.USART2_IRQHandler  stm32f1xx_it.o
    0x080022c4   0x080022c4   0x0000000c   Code   RO          451    i.USART3_IRQHandler  stm32f1xx_it.o
    0x080022d0   0x080022d0   0x00000002   Code   RO          452    i.UsageFault_Handler  stm32f1xx_it.o
    0x080022d2   0x080022d2   0x00000002   PAD
    0x080022d4   0x080022d4   0x00000098   Code   RO         3112    i._Z11gimbal_procv  app_gimbal.o
    0x0800236c   0x0800236c   0x0000001c   Code   RO         3299    i._Z12output_limitPf  alg_limit.o
    0x08002388   0x08002388   0x00000014   Code   RO         3223    i._Z13char_to_floatPh  alg_datachange.o
    0x0800239c   0x0800239c   0x0000003c   Code   RO         2961    i._Z13scheduler_runv  schedule.o
    0x080023d8   0x080023d8   0x000000c0   Code   RO         3224    i._Z14char_to_uint32Ph  alg_datachange.o
    0x08002498   0x08002498   0x0000000c   Code   RO         2962    i._Z14scheduler_initv  schedule.o
    0x080024a4   0x080024a4   0x0000005e   Code   RO           14    i._Z18SystemClock_Configv  main.o
    0x08002502   0x08002502   0x00000010   Code   RO         3267    i._ZN3PID8PID_InitEfffff  alg_pid.o
    0x08002512   0x08002512   0x0000009a   Code   RO         3268    i._ZN6Gimbal11PID_ComputeEf  alg_pid.o
    0x080025ac   0x080025ac   0x0000000c   Code   RO         3269    i._ZN6Gimbal8PID_InitEfffff  alg_pid.o
    0x080025b8   0x080025b8   0x00000048   Code   RO         3059    i._ZN7CHASSIS12Chassis_InitEv  app_chassis.o
    0x08002600   0x08002600   0x00000020   Code   RO         2073    i.__NVIC_SetPriority  stm32f1xx_hal_cortex.o
    0x08002620   0x08002620   0x000000c8   Code   RO           15    i.main              main.o
    0x080026e8   0x080026e8   0x000000c4   Code   RO         3364    x$fpl$fadd          fz_ws.l(faddsub_clz.o)
    0x080027ac   0x080027ac   0x0000000c   Code   RO         3391    x$fpl$fcheck1       fz_ws.l(fcheck1.o)
    0x080027b8   0x080027b8   0x00000018   Code   RO         3393    x$fpl$fcmpinf       fz_ws.l(fcmpi.o)
    0x080027d0   0x080027d0   0x00000068   Code   RO         3370    x$fpl$feqf          fz_ws.l(feqf.o)
    0x08002838   0x08002838   0x0000003e   Code   RO         3372    x$fpl$ffixu         fz_ws.l(ffixu.o)
    0x08002876   0x08002876   0x00000002   PAD
    0x08002878   0x08002878   0x00000030   Code   RO         3377    x$fpl$fflt          fz_ws.l(fflt_clz.o)
    0x080028a8   0x080028a8   0x00000068   Code   RO         3382    x$fpl$fleqf         fz_ws.l(fleqf.o)
    0x08002910   0x08002910   0x00000102   Code   RO         3384    x$fpl$fmul          fz_ws.l(fmul.o)
    0x08002a12   0x08002a12   0x0000008c   Code   RO         3395    x$fpl$fnaninf       fz_ws.l(fnaninf.o)
    0x08002a9e   0x08002a9e   0x0000000a   Code   RO         3397    x$fpl$fretinf       fz_ws.l(fretinf.o)
    0x08002aa8   0x08002aa8   0x00000062   Code   RO         3386    x$fpl$frleqf        fz_ws.l(frleqf.o)
    0x08002b0a   0x08002b0a   0x00000014   Code   RO         3365    x$fpl$frsb          fz_ws.l(faddsub_clz.o)
    0x08002b1e   0x08002b1e   0x00000002   PAD
    0x08002b20   0x08002b20   0x000000ea   Code   RO         3366    x$fpl$fsub          fz_ws.l(faddsub_clz.o)
    0x08002c0a   0x08002c0a   0x00000064   Code   RO         3415    x$fpl$retnan        fz_ws.l(retnan.o)
    0x08002c6e   0x08002c6e   0x0000004c   Code   RO         3388    x$fpl$scalbnf       fz_ws.l(scalbnf.o)
    0x08002cba   0x08002cba   0x00000030   Code   RO         3427    x$fpl$trapveneer    fz_ws.l(trapv.o)
    0x08002cea   0x08002cea   0x00000000   Code   RO         3399    x$fpl$usenofp       fz_ws.l(usenofp.o)
    0x08002cea   0x08002cea   0x00000012   Data   RO         1771    .constdata          stm32f1xx_hal_rcc.o
    0x08002cfc   0x08002cfc   0x00000010   Data   RO         2925    .constdata          system_stm32f1xx.o
    0x08002d0c   0x08002d0c   0x00000008   Data   RO         2926    .constdata          system_stm32f1xx.o
    0x08002d14   0x08002d14   0x00000020   Data   RO         3558    Region$$Table       anon$$obj.o


    Execution Region RW_IRAM1 (Exec base: 0x20000000, Load base: 0x08002d34, Size: 0x00000a28, Max: 0x00005000, ABSOLUTE)

    Exec Addr    Load Addr    Size         Type   Attr      Idx    E Section Name        Object

    0x20000000   0x08002d34   0x00000003   Data   RW          394    .data               usart.o
    0x20000003   0x08002d37   0x00000001   PAD
    0x20000004   0x08002d38   0x0000000c   Data   RW         1608    .data               stm32f1xx_hal.o
    0x20000010   0x08002d44   0x00000004   Data   RW         2927    .data               system_stm32f1xx.o
    0x20000014   0x08002d48   0x00000010   Data   RW         2965    .data               schedule.o
    0x20000024   0x08002d58   0x0000000c   Data   RW         3114    .data               app_gimbal.o
    0x20000030   0x08002d64   0x00000010   Data   RW         3227    .data               alg_datachange.o
    0x20000040   0x08002d74   0x00000010   Data   RW         3324    .data               drv_dma.o
    0x20000050        -       0x00000090   Zero   RW           19    .bss                main.o
    0x200000e0        -       0x00000120   Zero   RW          320    .bss                tim.o
    0x20000200        -       0x000001ac   Zero   RW          393    .bss                usart.o
    0x200003ac        -       0x0000000c   Zero   RW         3321    .bss                drv_dma.o
    0x200003b8        -       0x0000000c   Zero   RW         3323    .bss                drv_dma.o
    0x200003c4        -       0x00000060   Zero   RW         3430    .bss                c_w.l(libspace.o)
    0x20000424   0x08002d84   0x00000004   PAD
    0x20000428        -       0x00000200   Zero   RW            2    HEAP                startup_stm32f103xb.o
    0x20000628        -       0x00000400   Zero   RW            1    STACK               startup_stm32f103xb.o


==============================================================================

Image component sizes


      Code (inc. data)   RO Data    RW Data    ZI Data      Debug   Object Name

       212         20          0         16          0       1885   alg_datachange.o
        28         10          0          0          0        487   alg_limit.o
       182          0          0          0          0       2292   alg_pid.o
        72         16          0          0          0        532   app_chassis.o
       152         32          0         12          0       1387   app_gimbal.o
        92          4          0          0          0        766   dma.o
       140         38          0         16         24       1473   drv_dma.o
       112          8          0          0          0     426543   gpio.o
       298         34          0          0        144     391204   main.o
        72          8          0         16          0       2176   schedule.o
        64         26        236          0       1536        804   startup_stm32f103xb.o
       128         24          0         12          0       5249   stm32f1xx_hal.o
       198         14          0          0          0      28927   stm32f1xx_hal_cortex.o
       808         36          0          0          0       4938   stm32f1xx_hal_dma.o
       490         34          0          0          0       2868   stm32f1xx_hal_gpio.o
        60          8          0          0          0        862   stm32f1xx_hal_msp.o
      1240         84         18          0          0       5068   stm32f1xx_hal_rcc.o
      1644         44          0          0          0      14099   stm32f1xx_hal_tim.o
       104         12          0          0          0       1344   stm32f1xx_hal_tim_ex.o
      1684         24          0          0          0      12017   stm32f1xx_hal_uart.o
        92         36          0          0          0       6434   stm32f1xx_it.o
         2          0         24          4          0       1095   system_stm32f1xx.o
       924         76          0          0        288       5101   tim.o
       552         50          0          3        428       2755   usart.o

    ----------------------------------------------------------------------
      9370        638        310         80       2420     920306   Object Totals
         0          0         32          0          0          0   (incl. Generated)
        20          0          0          1          0          0   (incl. Padding)

    ----------------------------------------------------------------------

      Code (inc. data)   RO Data    RW Data    ZI Data      Debug   Library Member Name

         8          0          0          0          0         68   __main.o
         0          0          0          0          0          0   __rtentry.o
        12          0          0          0          0          0   __rtentry2.o
         6          0          0          0          0          0   __rtentry4.o
        52          8          0          0          0          0   __scatter.o
        26          0          0          0          0          0   __scatter_copy.o
        28          0          0          0          0          0   __scatter_zi.o
        18          0          0          0          0         80   exit.o
         6          0          0          0          0        152   heapauxi.o
         0          0          0          0          0          0   indicate_semi.o
         2          0          0          0          0          0   libinit.o
         2          0          0          0          0          0   libinit2.o
         2          0          0          0          0          0   libshutdown.o
         2          0          0          0          0          0   libshutdown2.o
         8          4          0          0         96         68   libspace.o
        78          0          0          0          0         80   rt_memclr_w.o
         2          0          0          0          0          0   rtexit.o
        10          0          0          0          0          0   rtexit2.o
        12          4          0          0          0         68   sys_exit.o
        74          0          0          0          0         80   sys_stackheap_outer.o
         2          0          0          0          0         68   use_no_semi.o
       450          8          0          0          0        236   faddsub_clz.o
        12          4          0          0          0         68   fcheck1.o
        24          0          0          0          0         68   fcmpi.o
       104          4          0          0          0         84   feqf.o
        62          4          0          0          0         84   ffixu.o
        48          0          0          0          0         68   fflt_clz.o
       104          4          0          0          0         84   fleqf.o
       258          4          0          0          0         84   fmul.o
       140          4          0          0          0         84   fnaninf.o
        10          0          0          0          0         68   fretinf.o
        98          0          0          0          0         68   frleqf.o
       100          0          0          0          0         68   retnan.o
        76          0          0          0          0         68   scalbnf.o
        48          0          0          0          0         68   trapv.o
         0          0          0          0          0          0   usenofp.o

    ----------------------------------------------------------------------
      1892         48          0          0        100       1864   Library Totals
         8          0          0          0          4          0   (incl. Padding)

    ----------------------------------------------------------------------

      Code (inc. data)   RO Data    RW Data    ZI Data      Debug   Library Name

       350         16          0          0         96        664   c_w.l
      1534         32          0          0          0       1200   fz_ws.l

    ----------------------------------------------------------------------
      1892         48          0          0        100       1864   Library Totals

    ----------------------------------------------------------------------

==============================================================================


      Code (inc. data)   RO Data    RW Data    ZI Data      Debug   

     11262        686        310         80       2520     916186   Grand Totals
     11262        686        310         80       2520     916186   ELF Image Totals
     11262        686        310         80          0          0   ROM Totals

==============================================================================

    Total RO  Size (Code + RO Data)                11572 (  11.30kB)
    Total RW  Size (RW Data + ZI Data)              2600 (   2.54kB)
    Total ROM Size (Code + RO Data + RW Data)      11652 (  11.38kB)

==============================================================================

